Microchip MPLAB XC8 Compiler V2.20

Linker command line:

-W-3 --edf=/opt/microchip/xc8/v2.20/pic/dat/en_msgs.txt -pivt0x8=08h -cn \
  -h+dist/default/production/elo_touch.X.production.sym \
  --cmf=dist/default/production/elo_touch.X.production.cmf -z -Q18F47K42 \
  -o/tmp/xcXJLkEPn --defsym=__MPLAB_BUILD=1 \
  -Mdist/default/production/elo_touch.X.production.map -E1 \
  -ver=XC8 Compiler --acfsm=1493 -ASTACK=02A0h-01FFFh -pstack=STACK \
  -ACODE=00h-01FFFFh -ACONST=00h-01FFFFh -ASMALLCONST=02000h-020FFhx480 \
  -AMEDIUMCONST=02000h-0FFFFh,012000h-01FFFFh -ACOMRAM=01h-05Fh \
  -AABS1=00h-01FFFh -ABIGRAM=01h-01FFFh -ARAM=060h-0FFh,0100h-01FFhx31 \
  -ABANK0=060h-0FFh -ABANK1=0100h-01FFh -ABANK2=0200h-02FFh \
  -ABANK3=0300h-03FFh -ABANK4=0400h-04FFh -ABANK5=0500h-05FFh \
  -ABANK6=0600h-06FFh -ABANK7=0700h-07FFh -ABANK8=0800h-08FFh \
  -ABANK9=0900h-09FFh -ABANK10=0A00h-0AFFh -ABANK11=0B00h-0BFFh \
  -ABANK12=0C00h-0CFFh -ABANK13=0D00h-0DFFh -ABANK14=0E00h-0EFFh \
  -ABANK15=0F00h-0FFFh -ABANK16=01000h-010FFh -ABANK17=01100h-011FFh \
  -ABANK18=01200h-012FFh -ABANK19=01300h-013FFh -ABANK20=01400h-014FFh \
  -ABANK21=01500h-015FFh -ABANK22=01600h-016FFh -ABANK23=01700h-017FFh \
  -ABANK24=01800h-018FFh -ABANK25=01900h-019FFh -ABANK26=01A00h-01AFFh \
  -ABANK27=01B00h-01BFFh -ABANK28=01C00h-01CFFh -ABANK29=01D00h-01DFFh \
  -ABANK30=01E00h-01EFFh -ABANK31=01F00h-01FFFh \
  -ASFR=03800h-038FFhx7,03F00h-03F5Fh,03F60h-03FFFh \
  -ACONFIG=0300000h-0300009h -AIDLOC=0200000h-020000Fh -preset_vec=00h \
  -ppowerup=CODE,init -pramtop=02000h -psmallconst=SMALLCONST \
  -pmediumconst=MEDIUMCONST -pconst=CONST -AFARRAM=00h-00h \
  -AEEDATA=0310000h-03103FFh -peeprom_data=EEDATA \
  -prdata=COMRAM,nvrram=COMRAM,nvbit=COMRAM,rbss=COMRAM,rbit=COMRAM \
  -pfarbss=FARRAM,fardata=FARRAM,nvFARRAM=FARRAM \
  -pintsave_regs=BIGRAM,bigbss=BIGRAM,bigdata=BIGRAM -pbss=RAM \
  -pidata=CODE,irdata=CODE,ibigdata=CODE,ifardata=CODE -prparam=COMRAM \
  /tmp/xcXbjNEIb.o dist/default/production/elo_touch.X.production.o 

Object code version is 3.11

Machine type is 18F47K42



                Name                               Link     Load   Length Selector   Space Scale
/tmp/xcXbjNEIb.o
                idloc                            200000   200000       10        0       5
                config                           300000   300000        A        0       4
                init                                 AE       AE        4        4       0
                reset_vec                             0        0        4        0       0
dist/default/production/elo_touch.X.production.o
                idloc                            200000   200000       10        0       5
                config                           300000   300000        A        0       4
                smallconst                         2000     2000       50     1000       0
                ivt0x8                                8        8       A6        4       0
                text107                            4DAC     4DAC       1A     12C9       0
                text106                            4C8E     4C8E       22     12C9       0
                text105                            4C48     4C48       24     12C9       0
                text104                            49E8     49E8       32     127A       0
                text103                            47CA     47CA       3C     1028       0
                text102                            4B24     4B24       28     12C9       0
                text101                            4C24     4C24       24     12C9       0
                text100                            4F30     4F30        6     12C9       0
                text99                             4F44     4F44        2     12C9       0
                text98                             4F42     4F42        2     12C9       0
                text97                             4042     4042       9E     1028       0
                text96                             4C00     4C00       24     12C9       0
                text95                             49B4     49B4       32     1028       0
                text94                             4BDC     4BDC       24     12C9       0
                text93                             4BB8     4BB8       24     12C9       0
                text92                             4F2A     4F2A        6     12C9       0
                text91                             4F40     4F40        2     12C9       0
                text90                             4F3E     4F3E        2     12C9       0
                text89                             3FA4     3FA4       9E     1028       0
                text88                             4B94     4B94       24     12C9       0
                text87                             4982     4982       32     1028       0
                text86                             4B70     4B70       24     12C9       0
                text85                             4F3C     4F3C        2     12C9       0
                text84                             4E22     4E22       14     12C9       0
                text83                             4EFE     4EFE        E     12C9       0
                text82                             4E46     4E46       10     12C9       0
                text81                             4950     4950       32     1028       0
                text80                             4A78     4A78       2E     127A       0
                text79                             4B4C     4B4C       24     12C9       0
                text78                             46C0     46C0       44     1028       0
                text77                             4F24     4F24        6     12C9       0
                text76                             3C28     3C28       BC     1028       0
                text75                             3702     3702      140     1028       0
                text74                             2956     2956      288     1028       0
                text73                             2050     2050      350     1028       0
                text72                             23A0     23A0      30C     1028       0
                text71                             467A     467A       46     1028       0
                text70                             2BDE     2BDE      250     1028       0
                text69                             3966     3966      100     1028       0
                text68                             35BA     35BA      148     1028       0
                text67                             3842     3842      124     1028       0
                text66                             491E     491E       32     1028       0
                text65                             4788     4788       42     1028       0
                text64                             4F0C     4F0C        A     12C9       0
                text63                             3E4A     3E4A       AE     1028       0
                text62                             48B0     48B0       38     1028       0
                text61                             459C     459C       4C     1028       0
                text60                             417A     417A       96     1028       0
                text59                             2E2E     2E2E      244     1028       0
                text58                             3472     3472      148     1028       0
                text57                             32A4     32A4      1CE     1028       0
                text56                             454C     454C       50     1028       0
                text55                             4D92     4D92       1A     12C9       0
                text54                             3072     3072      232     1028       0
                text53                             4AFA     4AFA       28     127A       0
                text52                             3A66     3A66       E8     1028       0
                text51                             44F0     44F0       5C     1028       0
                text50                             4F16     4F16        8     12C9       0
                text49                             4632     4632       48     1028       0
                text48                             4D5C     4D5C       1C     12C9       0
                text47                             3EF8     3EF8       AC     1028       0
                text46                             4C6C     4C6C       22     12C9       0
                text45                             4DDE     4DDE       18     12C9       0
                text44                             4DC6     4DC6       18     12C9       0
                text43                             4CCE     4CCE       1E     12C9       0
                text42                             4EF0     4EF0        E     12C9       0
                text41                             45E8     45E8       4A     1028       0
                text40                             4EE2     4EE2        E     12C9       0
                text39                             4A4A     4A4A       2E     127A       0
                text38                             4ED4     4ED4        E     12C9       0
                text37                             4EC6     4EC6        E     12C9       0
                text36                             4EB8     4EB8        E     12C9       0
                text35                             4EAA     4EAA        E     12C9       0
                text34                             4E9C     4E9C        E     12C9       0
                text33                             3CE4     3CE4       B8     1028       0
                text32                             4E8E     4E8E        E     12C9       0
                text31                             4E80     4E80        E     12C9       0
                text30                             4E72     4E72        E     12C9       0
                text29                             4E64     4E64        E     12C9       0
                text28                             4E56     4E56        E     12C9       0
                text27                             3D9C     3D9C       AE     1028       0
                text26                             48E8     48E8       36     1028       0
                text25                             4D78     4D78       1A     12C9       0
                text24                             4E0C     4E0C       16     12C9       0
                text23                             4D40     4D40       1C     12C9       0
                text22                             4F36     4F36        4     12C9       0
                text21                             4F1E     4F1E        6     12C9       0
                text20                             4DF6     4DF6       16     12C9       0
                text19                             4E36     4E36       10     12C9       0
                text18                             4AD0     4AD0       2A     127A       0
                text17                             4D24     4D24       1C     12C9       0
                text16                             40E0     40E0       9A     1028       0
                text15                             4D08     4D08       1C     12C9       0
                text14                             448A     448A       66     1028       0
                text13                             4806     4806       3A     1028       0
                text12                             4CEC     4CEC       1C     12C9       0
                text11                             4322     4322       84     1028       0
                text10                             26AC     26AC      2AA     1028       0
                text9                              4AA6     4AA6       2A     127A       0
                text8                              4210     4210       8A     1028       0
                text7                              3B4E     3B4E       DA     1028       0
                text6                              4A1A     4A1A       30     127A       0
                text5                              4424     4424       66     1028       0
                text4                              4878     4878       38     1028       0
                text3                              4CB0     4CB0       1E     12C9       0
                text2                              4746     4746       42     1028       0
                text1                              429A     429A       88     1028       0
                text0                              4840     4840       38     1028       0
                cstackCOMRAM                          1        1       55        1       1
                cstackBANK0                          60       60       3C       60       1
                cstackBANK2                         200      200       80      200       1
                bssBANK2                            280      280       20      200       1
                dataBANK1                           19E      19E       42      100       1
                bssBANK1                            100      100       9E      100       1
                dataBANK0                            AC       AC        2       60       1
                bssBANK0                             9C       9C       10       60       1
                bssCOMRAM                            56       56        5        1       1
                cinit                              43A6     43A6       7E     1028       0
                idataBANK1                         4704     4704       42     1028       0
                idataBANK0                         4F3A     4F3A        2     12C9       0

TOTAL           Name                               Link     Load   Length     Space
        CLASS   STACK          

        CLASS   CODE           
                init                                 AE       AE        4         0
                reset_vec                             0        0        4         0
                ivt0x8                                8        8       A6         0
                text107                            4DAC     4DAC       1A         0
                text106                            4C8E     4C8E       22         0
                text105                            4C48     4C48       24         0
                text104                            49E8     49E8       32         0
                text103                            47CA     47CA       3C         0
                text102                            4B24     4B24       28         0
                text101                            4C24     4C24       24         0
                text100                            4F30     4F30        6         0
                text99                             4F44     4F44        2         0
                text98                             4F42     4F42        2         0
                text97                             4042     4042       9E         0
                text96                             4C00     4C00       24         0
                text95                             49B4     49B4       32         0
                text94                             4BDC     4BDC       24         0
                text93                             4BB8     4BB8       24         0
                text92                             4F2A     4F2A        6         0
                text91                             4F40     4F40        2         0
                text90                             4F3E     4F3E        2         0
                text89                             3FA4     3FA4       9E         0
                text88                             4B94     4B94       24         0
                text87                             4982     4982       32         0
                text86                             4B70     4B70       24         0
                text85                             4F3C     4F3C        2         0
                text84                             4E22     4E22       14         0
                text83                             4EFE     4EFE        E         0
                text82                             4E46     4E46       10         0
                text81                             4950     4950       32         0
                text80                             4A78     4A78       2E         0
                text79                             4B4C     4B4C       24         0
                text78                             46C0     46C0       44         0
                text77                             4F24     4F24        6         0
                text76                             3C28     3C28       BC         0
                text75                             3702     3702      140         0
                text74                             2956     2956      288         0
                text73                             2050     2050      350         0
                text72                             23A0     23A0      30C         0
                text71                             467A     467A       46         0
                text70                             2BDE     2BDE      250         0
                text69                             3966     3966      100         0
                text68                             35BA     35BA      148         0
                text67                             3842     3842      124         0
                text66                             491E     491E       32         0
                text65                             4788     4788       42         0
                text64                             4F0C     4F0C        A         0
                text63                             3E4A     3E4A       AE         0
                text62                             48B0     48B0       38         0
                text61                             459C     459C       4C         0
                text60                             417A     417A       96         0
                text59                             2E2E     2E2E      244         0
                text58                             3472     3472      148         0
                text57                             32A4     32A4      1CE         0
                text56                             454C     454C       50         0
                text55                             4D92     4D92       1A         0
                text54                             3072     3072      232         0
                text53                             4AFA     4AFA       28         0
                text52                             3A66     3A66       E8         0
                text51                             44F0     44F0       5C         0
                text50                             4F16     4F16        8         0
                text49                             4632     4632       48         0
                text48                             4D5C     4D5C       1C         0
                text47                             3EF8     3EF8       AC         0
                text46                             4C6C     4C6C       22         0
                text45                             4DDE     4DDE       18         0
                text44                             4DC6     4DC6       18         0
                text43                             4CCE     4CCE       1E         0
                text42                             4EF0     4EF0        E         0
                text41                             45E8     45E8       4A         0
                text40                             4EE2     4EE2        E         0
                text39                             4A4A     4A4A       2E         0
                text38                             4ED4     4ED4        E         0
                text37                             4EC6     4EC6        E         0
                text36                             4EB8     4EB8        E         0
                text35                             4EAA     4EAA        E         0
                text34                             4E9C     4E9C        E         0
                text33                             3CE4     3CE4       B8         0
                text32                             4E8E     4E8E        E         0
                text31                             4E80     4E80        E         0
                text30                             4E72     4E72        E         0
                text29                             4E64     4E64        E         0
                text28                             4E56     4E56        E         0
                text27                             3D9C     3D9C       AE         0
                text26                             48E8     48E8       36         0
                text25                             4D78     4D78       1A         0
                text24                             4E0C     4E0C       16         0
                text23                             4D40     4D40       1C         0
                text22                             4F36     4F36        4         0
                text21                             4F1E     4F1E        6         0
                text20                             4DF6     4DF6       16         0
                text19                             4E36     4E36       10         0
                text18                             4AD0     4AD0       2A         0
                text17                             4D24     4D24       1C         0
                text16                             40E0     40E0       9A         0
                text15                             4D08     4D08       1C         0
                text14                             448A     448A       66         0
                text13                             4806     4806       3A         0
                text12                             4CEC     4CEC       1C         0
                text11                             4322     4322       84         0
                text10                             26AC     26AC      2AA         0
                text9                              4AA6     4AA6       2A         0
                text8                              4210     4210       8A         0
                text7                              3B4E     3B4E       DA         0
                text6                              4A1A     4A1A       30         0
                text5                              4424     4424       66         0
                text4                              4878     4878       38         0
                text3                              4CB0     4CB0       1E         0
                text2                              4746     4746       42         0
                text1                              429A     429A       88         0
                text0                              4840     4840       38         0
                cinit                              43A6     43A6       7E         0
                idataBANK1                         4704     4704       42         0
                idataBANK0                         4F3A     4F3A        2         0

        CLASS   CONST          

        CLASS   SMALLCONST     
                smallconst                         2000     2000       50         0

        CLASS   MEDIUMCONST    

        CLASS   COMRAM         
                cstackCOMRAM                          1        1       55         1
                bssCOMRAM                            56       56        5         1

        CLASS   ABS1           

        CLASS   BIGRAM         

        CLASS   RAM            

        CLASS   BANK0          
                cstackBANK0                          60       60       3C         1
                dataBANK0                            AC       AC        2         1
                bssBANK0                             9C       9C       10         1

        CLASS   BANK1          
                dataBANK1                           19E      19E       42         1
                bssBANK1                            100      100       9E         1

        CLASS   BANK2          
                cstackBANK2                         200      200       80         1
                bssBANK2                            280      280       20         1

        CLASS   BANK3          

        CLASS   BANK4          

        CLASS   BANK5          

        CLASS   BANK6          

        CLASS   BANK7          

        CLASS   BANK8          

        CLASS   BANK9          

        CLASS   BANK10         

        CLASS   BANK11         

        CLASS   BANK12         

        CLASS   BANK13         

        CLASS   BANK14         

        CLASS   BANK15         

        CLASS   BANK16         

        CLASS   BANK17         

        CLASS   BANK18         

        CLASS   BANK19         

        CLASS   BANK20         

        CLASS   BANK21         

        CLASS   BANK22         

        CLASS   BANK23         

        CLASS   BANK24         

        CLASS   BANK25         

        CLASS   BANK26         

        CLASS   BANK27         

        CLASS   BANK28         

        CLASS   BANK29         

        CLASS   BANK30         

        CLASS   BANK31         

        CLASS   SFR            

        CLASS   CONFIG         
                config                           300000   300000        A         4

        CLASS   IDLOC          
                idloc                            200000   200000       10         5

        CLASS   FARRAM         

        CLASS   EEDATA         



SEGMENTS        Name                           Load    Length   Top    Selector   Space  Class

                reset_vec                      000000  000004  000004         0       0  CODE    
                text104                        0049E8  00013A  004B22      127A       0  CODE    
                text73                         002050  002996  0049E6      1028       0  CODE    
                text102                        004B24  000422  004F46      12C9       0  CODE    
                ivt0x8                         000008  0000AA  0000B2         4       0  CODE    
                smallconst                     002000  000050  002050      1000       0  SMALLCON
                bssBANK1                       000100  0000E0  0001E0       100       1  BANK1   
                cstackBANK0                    000060  00004E  0000AE        60       1  BANK0   
                cstackBANK2                    000200  0000A0  0002A0       200       1  BANK2   
                cstackCOMRAM                   000001  00005A  00005B         1       1  COMRAM  


UNUSED ADDRESS RANGES

        Name                Unused          Largest block    Delta
        BANK0            0000AE-0000FF               52
        BANK1            0001E0-0001FF               20
        BANK10           000A00-000AFF              100
        BANK11           000B00-000BFF              100
        BANK12           000C00-000CFF              100
        BANK13           000D00-000DFF              100
        BANK14           000E00-000EFF              100
        BANK15           000F00-000FFF              100
        BANK16           001000-0010FF              100
        BANK17           001100-0011FF              100
        BANK18           001200-0012FF              100
        BANK19           001300-0013FF              100
        BANK2            0002A0-0002FF               60
        BANK20           001400-0014FF              100
        BANK21           001500-0015FF              100
        BANK22           001600-0016FF              100
        BANK23           001700-0017FF              100
        BANK24           001800-0018FF              100
        BANK25           001900-0019FF              100
        BANK26           001A00-001AFF              100
        BANK27           001B00-001BFF              100
        BANK28           001C00-001CFF              100
        BANK29           001D00-001DFF              100
        BANK3            000300-0003FF              100
        BANK30           001E00-001EFF              100
        BANK31           001F00-001FFF              100
        BANK4            000400-0004FF              100
        BANK5            000500-0005FF              100
        BANK6            000600-0006FF              100
        BANK7            000700-0007FF              100
        BANK8            000800-0008FF              100
        BANK9            000900-0009FF              100
        BIGRAM           00005B-00005F                5
                         0000AE-0000FF               52
                         0001E0-0001FF               20
                         0002A0-001FFF             1D60
        CODE             000004-000007                4
                         0000B2-001FFF             1F4E
                         0049E6-0049E7                2
                         004B22-004B23                2
                         004F46-01FFFF            1B0BA
        COMRAM           00005B-00005F                5
        CONST            000004-000007                4
                         0000B2-001FFF             1F4E
                         0049E6-0049E7                2
                         004B22-004B23                2
                         004F46-01FFFF            1B0BA
        EEDATA           310000-3103FF              400
        MEDIUMCONST      0049E6-0049E7                2
                         004B22-004B23                2
                         004F46-00FFFF             B0BA
                         012000-01FFFF             E000
        RAM              0000AE-0000FF               52
                         0001E0-0001FF               20
                         0002A0-001FFF              100
        SFR              003800-003FFF              100
        SMALLCONST       0049E6-0049E7                2
                         004B22-004B23                2
                         004F46-01FFFF              100
        STACK            0002A0-001FFF             1D60

                                  Symbol Table

?_ADCC_GetConversionResult                    cstackCOMRAM 000006
?___aodiv                                     cstackCOMRAM 000006
?___aomod                                     cstackCOMRAM 000006
?___awdiv                                     cstackCOMRAM 000006
?___fladd                                     cstackCOMRAM 000006
?___fldiv                                     cstackCOMRAM 000037
?___flmul                                     cstackCOMRAM 000016
?___flsub                                     cstackCOMRAM 00002F
?___fltol                                     cstackBANK0  000074
?___omul                                      cstackCOMRAM 000006
?___xxtofl                                    cstackCOMRAM 000006
?_abs                                         cstackCOMRAM 000018
?_dtoa                                        cstackCOMRAM 000023
?_lp_filter                                   cstackBANK0  000060
?_pad                                         cstackCOMRAM 000018
?_printf                                      cstackBANK0  000064
?_rand                                        cstackCOMRAM 00001E
?_sprintf                                     cstackBANK0  000064
?_stoa                                        cstackCOMRAM 000011
?_strlen                                      cstackCOMRAM 000006
?_vfpfcnvrt                                   cstackCOMRAM 000047
?_vfprintf                                    cstackBANK0  000060
ADCC_StartConversion@channel                  cstackCOMRAM 000006
Digital232_RW@i                               cstackBANK0  000080
Digital232_RW@j                               cstackBANK0  000081
Digital232_RW@x                               bssBANK0     0000A0
INTERRUPT_Initialize@state                    cstackCOMRAM 000006
IVTBASEH                                      (abs)        003FD6
IVTBASEL                                      (abs)        003FD5
IVTBASEU                                      (abs)        003FD7
PWM8_LoadDutyValue@dutyValue                  cstackCOMRAM 000006
SPI1_Exchange8bit@data                        cstackCOMRAM 000006
StartTimer@count                              cstackCOMRAM 000006
StartTimer@timer                              cstackCOMRAM 00000A
TMR5_ISR@CountCallBack                        bssBANK1     000190
TMR5_SetInterruptHandler@InterruptHandler     cstackCOMRAM 000006
TMR5_WriteTimer@timerVal                      cstackCOMRAM 000004
TMR6_DefaultInterruptHandler@i                cstackCOMRAM 000003
TMR6_SetInterruptHandler@InterruptHandler     cstackCOMRAM 000006
TimerDone@timer                               cstackCOMRAM 000008
UART1_SetErrorHandler@interruptHandler        cstackCOMRAM 000006
UART1_SetFramingErrorHandler@interruptHandler cstackCOMRAM 000006
UART1_SetOverrunErrorHandler@interruptHandler cstackCOMRAM 000006
UART1_SetRxInterruptHandler@InterruptHandler  cstackCOMRAM 000006
UART1_SetTxInterruptHandler@InterruptHandler  cstackCOMRAM 000006
UART2_Read@readValue                          cstackCOMRAM 000006
UART2_SetErrorHandler@interruptHandler        cstackCOMRAM 000006
UART2_SetFramingErrorHandler@interruptHandler cstackCOMRAM 000006
UART2_SetOverrunErrorHandler@interruptHandler cstackCOMRAM 000006
UART2_SetRxInterruptHandler@InterruptHandler  cstackCOMRAM 000006
UART2_SetTxInterruptHandler@InterruptHandler  cstackCOMRAM 000006
UART2_Write@txData                            cstackCOMRAM 000006
WaitMs@numMilliseconds                        cstackCOMRAM 00000B
_ADACCU                                       (abs)        003EEA
_ADACQH                                       (abs)        003EF4
_ADACQL                                       (abs)        003EF3
_ADACT                                        (abs)        003EFE
_ADCAP                                        (abs)        003EF5
_ADCC_GetConversionResult                     text84       004E22
_ADCC_Initialize                              text51       0044F0
_ADCC_IsConversionDone                        text83       004EFE
_ADCC_StartConversion                         text82       004E46
_ADCLK                                        (abs)        003EFF
_ADCON0                                       (abs)        003EF8
_ADCON0bits                                   (abs)        003EF8
_ADCON1                                       (abs)        003EF9
_ADCON2                                       (abs)        003EFA
_ADCON3                                       (abs)        003EFB
_ADLTHH                                       (abs)        003EDF
_ADLTHL                                       (abs)        003EDE
_ADPCH                                        (abs)        003EF1
_ADPREH                                       (abs)        003EF7
_ADPREL                                       (abs)        003EF6
_ADREF                                        (abs)        003EFD
_ADRESH                                       (abs)        003EF0
_ADRESL                                       (abs)        003EEF
_ADRPT                                        (abs)        003EEC
_ADSTAT                                       (abs)        003EFC
_ADSTPTH                                      (abs)        003EE5
_ADSTPTL                                      (abs)        003EE4
_ADUTHH                                       (abs)        003EE1
_ADUTHL                                       (abs)        003EE0
_ANSELA                                       (abs)        003A40
_ANSELB                                       (abs)        003A50
_ANSELC                                       (abs)        003A60
_ANSELD                                       (abs)        003A70
_ANSELE                                       (abs)        003A80
_CCPTMRS1bits                                 (abs)        003F5F
_Default_ISR                                  text85       004F3C
_Digital232_RW                                text54       003072
_Digital232_init                              text52       003A66
_FVRCON                                       (abs)        003EC1
_FVR_Initialize                               text50       004F16
_GIE                                          (abs)        01FE97
_INTCON0bits                                  (abs)        003FD2
_INTERRUPT_Initialize                         text49       004632
_IO                                           dataBANK1    0001A9
_IPR3bits                                     (abs)        003983
_IPR6bits                                     (abs)        003986
_IPR8bits                                     (abs)        003988
_IPR9bits                                     (abs)        003989
_IVTADH                                       (abs)        00389E
_IVTADL                                       (abs)        00389D
_IVTADU                                       (abs)        00389F
_IVTLOCK                                      (abs)        003FD4
_IVTLOCKbits                                  (abs)        003FD4
_LATA                                         (abs)        003FBA
_LATB                                         (abs)        003FBB
_LATC                                         (abs)        003FBC
_LATCbits                                     (abs)        003FBC
_LATD                                         (abs)        003FBD
_LATE                                         (abs)        003FBE
_LATEbits                                     (abs)        003FBE
_ODCONA                                       (abs)        003A42
_ODCONB                                       (abs)        003A52
_ODCONC                                       (abs)        003A62
_ODCOND                                       (abs)        003A72
_ODCONE                                       (abs)        003A82
_OSCCON1                                      (abs)        0039D9
_OSCCON3                                      (abs)        0039DB
_OSCEN                                        (abs)        0039DD
_OSCFRQ                                       (abs)        0039DF
_OSCILLATOR_Initialize                        text48       004D5C
_OSCTUNE                                      (abs)        0039DE
_PIE3bits                                     (abs)        003993
_PIE6bits                                     (abs)        003996
_PIE8bits                                     (abs)        003998
_PIE9bits                                     (abs)        003999
_PIN_MANAGER_Initialize                       text47       003EF8
_PIR2bits                                     (abs)        0039A2
_PIR4bits                                     (abs)        0039A4
_PIR8bits                                     (abs)        0039A8
_PIR9bits                                     (abs)        0039A9
_PLLR                                         (abs)        01CEE0
_PMD0                                         (abs)        0039C0
_PMD1                                         (abs)        0039C1
_PMD2                                         (abs)        0039C2
_PMD3                                         (abs)        0039C3
_PMD4                                         (abs)        0039C4
_PMD5                                         (abs)        0039C5
_PMD6                                         (abs)        0039C6
_PMD7                                         (abs)        0039C7
_PMD_Initialize                               text46       004C6C
_PWM8CON                                      (abs)        003F62
_PWM8DCH                                      (abs)        003F61
_PWM8DCL                                      (abs)        003F60
_PWM8_Initialize                              text45       004DDE
_PWM8_LoadDutyValue                           text81       004950
_RB1I2C                                       (abs)        003A5A
_RB2I2C                                       (abs)        003A5B
_RB6PPS                                       (abs)        003A0E
_RC3I2C                                       (abs)        003A6A
_RC3PPS                                       (abs)        003A13
_RC4I2C                                       (abs)        003A6B
_RC5PPS                                       (abs)        003A15
_RC6PPS                                       (abs)        003A16
_RD0I2C                                       (abs)        003A7A
_RD1I2C                                       (abs)        003A7B
_RD1PPS                                       (abs)        003A19
_SLRCONA                                      (abs)        003A43
_SLRCONB                                      (abs)        003A53
_SLRCONC                                      (abs)        003A63
_SLRCOND                                      (abs)        003A73
_SLRCONE                                      (abs)        003A83
_SPI1BAUD                                     (abs)        003D19
_SPI1CLK                                      (abs)        003D1C
_SPI1CON0                                     (abs)        003D14
_SPI1CON1                                     (abs)        003D15
_SPI1CON2                                     (abs)        003D16
_SPI1RXB                                      (abs)        003D10
_SPI1SCKPPS                                   (abs)        003ADE
_SPI1SDIPPS                                   (abs)        003ADF
_SPI1TCNTL                                    (abs)        003D12
_SPI1TXB                                      (abs)        003D11
_SPI1_Exchange8bit                            text25       004D78
_SPI1_Initialize                              text44       004DC6
_SYSTEM_Initialize                            text26       0048E8
_StartTimer                                   text80       004A78
_T2CLKCON                                     (abs)        003FAE
_T2CON                                        (abs)        003FAC
_T2HLT                                        (abs)        003FAD
_T2PR                                         (abs)        003FAB
_T2RST                                        (abs)        003FAF
_T2TMR                                        (abs)        003FAA
_T5CLK                                        (abs)        003F9D
_T5CON                                        (abs)        003F9A
_T5CONbits                                    (abs)        003F9A
_T5GATE                                       (abs)        003F9C
_T5GCON                                       (abs)        003F9B
_T6CLKCON                                     (abs)        003F96
_T6CON                                        (abs)        003F94
_T6HLT                                        (abs)        003F95
_T6PR                                         (abs)        003F93
_T6RST                                        (abs)        003F97
_T6TMR                                        (abs)        003F92
_TMR2_Initialize                              text43       004CCE
_TMR5H                                        (abs)        003F99
_TMR5L                                        (abs)        003F98
_TMR5_CallBack                                text106      004C8E
_TMR5_DefaultInterruptHandler                 text107      004DAC
_TMR5_ISR                                     text104      0049E8
_TMR5_Initialize                              text41       0045E8
_TMR5_InterruptHandler                        bssBANK1     000166
_TMR5_SetInterruptHandler                     text42       004EF0
_TMR5_WriteTimer                              text105      004C48
_TMR6_DefaultInterruptHandler                 text103      0047CA
_TMR6_ISR                                     text102      004B24
_TMR6_Initialize                              text39       004A4A
_TMR6_InterruptHandler                        bssBANK1     000169
_TMR6_SetInterruptHandler                     text40       004EE2
_TRISA                                        (abs)        003FC2
_TRISB                                        (abs)        003FC3
_TRISC                                        (abs)        003FC4
_TRISD                                        (abs)        003FC5
_TRISE                                        (abs)        003FC6
_TimerDone                                    text79       004B4C
_U1BRGH                                       (abs)        003DF6
_U1BRGL                                       (abs)        003DF5
_U1CON0                                       (abs)        003DF2
_U1CON1                                       (abs)        003DF3
_U1CON2                                       (abs)        003DF4
_U1ERRIE                                      (abs)        003DFA
_U1ERRIR                                      (abs)        003DF9
_U1ERRIRbits                                  (abs)        003DF9
_U1FIFO                                       (abs)        003DF7
_U1P1H                                        (abs)        003DED
_U1P1L                                        (abs)        003DEC
_U1P2H                                        (abs)        003DEF
_U1P2L                                        (abs)        003DEE
_U1P3H                                        (abs)        003DF1
_U1P3L                                        (abs)        003DF0
_U1RXB                                        (abs)        003DE8
_U1RXPPS                                      (abs)        003AE5
_U1TXB                                        (abs)        003DEA
_U1UIR                                        (abs)        003DF8
_U2BRGH                                       (abs)        003DDE
_U2BRGL                                       (abs)        003DDD
_U2CON0                                       (abs)        003DDA
_U2CON1                                       (abs)        003DDB
_U2CON2                                       (abs)        003DDC
_U2ERRIE                                      (abs)        003DE2
_U2ERRIR                                      (abs)        003DE1
_U2ERRIRbits                                  (abs)        003DE1
_U2FIFO                                       (abs)        003DDF
_U2P1L                                        (abs)        003DD4
_U2P2L                                        (abs)        003DD6
_U2P3L                                        (abs)        003DD8
_U2RXB                                        (abs)        003DD0
_U2RXPPS                                      (abs)        003AE8
_U2TXB                                        (abs)        003DD2
_U2UIR                                        (abs)        003DE0
_UART1_DefaultErrorHandler                    text92       004F2A
_UART1_DefaultFramingErrorHandler             text91       004F40
_UART1_DefaultOverrunErrorHandler             text90       004F3E
_UART1_ErrorHandler                           bssBANK1     000175
_UART1_FramingErrorHandler                    bssBANK1     00017B
_UART1_Initialize                             text33       003CE4
_UART1_OverrunErrorHandler                    bssBANK1     000178
_UART1_Receive_ISR                            text89       003FA4
_UART1_RxDataHandler                          text93       004BB8
_UART1_RxInterruptHandler                     bssBANK1     000181
_UART1_SetErrorHandler                        text38       004ED4
_UART1_SetFramingErrorHandler                 text37       004EC6
_UART1_SetOverrunErrorHandler                 text36       004EB8
_UART1_SetRxInterruptHandler                  text35       004EAA
_UART1_SetTxInterruptHandler                  text34       004E9C
_UART1_Transmit_ISR                           text87       004982
_UART1_TxInterruptHandler                     bssBANK1     00017E
_UART1_rx_vect_isr                            text88       004B94
_UART1_tx_vect_isr                            text86       004B70
_UART2_DefaultErrorHandler                    text100      004F30
_UART2_DefaultFramingErrorHandler             text99       004F44
_UART2_DefaultOverrunErrorHandler             text98       004F42
_UART2_ErrorHandler                           bssBANK1     00016C
_UART2_FramingErrorHandler                    bssBANK1     000172
_UART2_Initialize                             text27       003D9C
_UART2_OverrunErrorHandler                    bssBANK1     00016F
_UART2_Read                                   text78       0046C0
_UART2_Receive_ISR                            text97       004042
_UART2_RxDataHandler                          text101      004C24
_UART2_RxInterruptHandler                     bssBANK1     000187
_UART2_SetErrorHandler                        text32       004E8E
_UART2_SetFramingErrorHandler                 text31       004E80
_UART2_SetOverrunErrorHandler                 text30       004E72
_UART2_SetRxInterruptHandler                  text29       004E64
_UART2_SetTxInterruptHandler                  text28       004E56
_UART2_Transmit_ISR                           text95       0049B4
_UART2_TxInterruptHandler                     bssBANK1     000184
_UART2_Write                                  text65       004788
_UART2_is_rx_ready                            text77       004F24
_UART2_rx_vect_isr                            text96       004C00
_UART2_tx_vect_isr                            text94       004BDC
_WPUA                                         (abs)        003A41
_WPUB                                         (abs)        003A51
_WPUC                                         (abs)        003A61
_WPUD                                         (abs)        003A71
_WPUE                                         (abs)        003A81
_WaitMs                                       text53       004AFA
__HRAM                                        (abs)        000000
__Habs1                                       abs1         000000
__Hbank0                                      bank0        000000
__Hbank1                                      bank1        000000
__Hbank10                                     bank10       000000
__Hbank11                                     bank11       000000
__Hbank12                                     bank12       000000
__Hbank13                                     bank13       000000
__Hbank14                                     bank14       000000
__Hbank15                                     bank15       000000
__Hbank16                                     bank16       000000
__Hbank17                                     bank17       000000
__Hbank18                                     bank18       000000
__Hbank19                                     bank19       000000
__Hbank2                                      bank2        000000
__Hbank20                                     bank20       000000
__Hbank21                                     bank21       000000
__Hbank22                                     bank22       000000
__Hbank23                                     bank23       000000
__Hbank24                                     bank24       000000
__Hbank25                                     bank25       000000
__Hbank26                                     bank26       000000
__Hbank27                                     bank27       000000
__Hbank28                                     bank28       000000
__Hbank29                                     bank29       000000
__Hbank3                                      bank3        000000
__Hbank30                                     bank30       000000
__Hbank31                                     bank31       000000
__Hbank4                                      bank4        000000
__Hbank5                                      bank5        000000
__Hbank6                                      bank6        000000
__Hbank7                                      bank7        000000
__Hbank8                                      bank8        000000
__Hbank9                                      bank9        000000
__Hbigbss                                     bigbss       000000
__Hbigdata                                    bigdata      000000
__Hbigram                                     bigram       000000
__Hbss                                        bss          000000
__HbssBANK0                                   bssBANK0     000000
__HbssBANK1                                   bssBANK1     000000
__HbssBANK2                                   bssBANK2     000000
__HbssCOMRAM                                  bssCOMRAM    000000
__Hcinit                                      cinit        000000
__Hclrtext                                    clrtext      000000
__Hcomram                                     comram       000000
__Hconfig                                     config       30000A
__Hconst                                      const        000000
__HcstackBANK0                                cstackBANK0  000000
__HcstackBANK2                                cstackBANK2  000000
__HcstackCOMRAM                               cstackCOMRAM 000000
__Hdata                                       data         000000
__HdataBANK0                                  dataBANK0    000000
__HdataBANK1                                  dataBANK1    000000
__Heeprom_data                                eeprom_data  000000
__Hfarbss                                     farbss       000000
__Hfardata                                    fardata      000000
__Hibigdata                                   ibigdata     000000
__Hidata                                      idata        000000
__HidataBANK0                                 idataBANK0   000000
__HidataBANK1                                 idataBANK1   000000
__Hidloc                                      idloc        200010
__Hifardata                                   ifardata     000000
__Hinit                                       init         0000B2
__Hintsave_regs                               intsave_regs 000000
__Hirdata                                     irdata       000000
__Hivt0x8                                     ivt0x8       0000AE
__Hmediumconst                                mediumconst  000000
__HnvFARRAM                                   nvFARRAM     000000
__Hnvbit                                      nvbit        000000
__Hnvrram                                     nvrram       000000
__Hparam                                      rparam       000000
__Hpowerup                                    powerup      000000
__Hram                                        ram          000000
__Hramtop                                     ramtop       002000
__Hrbit                                       rbit         000000
__Hrbss                                       rbss         000000
__Hrdata                                      rdata        000000
__Hreset_vec                                  reset_vec    000004
__Hrparam                                     rparam       000000
__Hsfr                                        sfr          000000
__Hsmallconst                                 smallconst   002050
__Hspace_0                                    (abs)        004F46
__Hspace_1                                    (abs)        0002A0
__Hspace_2                                    (abs)        000000
__Hspace_4                                    (abs)        60000A
__Hstack                                      stack        000000
__Hstruct                                     struct       000000
__Htemp                                       temp         000000
__Htext                                       text         000000
__Htext0                                      text0        000000
__Htext1                                      text1        000000
__Htext10                                     text10       000000
__Htext100                                    text100      000000
__Htext101                                    text101      000000
__Htext102                                    text102      000000
__Htext103                                    text103      000000
__Htext104                                    text104      000000
__Htext105                                    text105      000000
__Htext106                                    text106      000000
__Htext107                                    text107      000000
__Htext108                                    text108      000000
__Htext11                                     text11       000000
__Htext12                                     text12       000000
__Htext13                                     text13       000000
__Htext14                                     text14       000000
__Htext15                                     text15       000000
__Htext16                                     text16       000000
__Htext17                                     text17       000000
__Htext18                                     text18       000000
__Htext19                                     text19       000000
__Htext2                                      text2        000000
__Htext20                                     text20       000000
__Htext21                                     text21       000000
__Htext22                                     text22       000000
__Htext23                                     text23       000000
__Htext24                                     text24       000000
__Htext25                                     text25       000000
__Htext26                                     text26       000000
__Htext27                                     text27       000000
__Htext28                                     text28       000000
__Htext29                                     text29       000000
__Htext3                                      text3        000000
__Htext30                                     text30       000000
__Htext31                                     text31       000000
__Htext32                                     text32       000000
__Htext33                                     text33       000000
__Htext34                                     text34       000000
__Htext35                                     text35       000000
__Htext36                                     text36       000000
__Htext37                                     text37       000000
__Htext38                                     text38       000000
__Htext39                                     text39       000000
__Htext4                                      text4        000000
__Htext40                                     text40       000000
__Htext41                                     text41       000000
__Htext42                                     text42       000000
__Htext43                                     text43       000000
__Htext44                                     text44       000000
__Htext45                                     text45       000000
__Htext46                                     text46       000000
__Htext47                                     text47       000000
__Htext48                                     text48       000000
__Htext49                                     text49       000000
__Htext5                                      text5        000000
__Htext50                                     text50       000000
__Htext51                                     text51       000000
__Htext52                                     text52       000000
__Htext53                                     text53       000000
__Htext54                                     text54       000000
__Htext55                                     text55       000000
__Htext56                                     text56       000000
__Htext57                                     text57       000000
__Htext58                                     text58       000000
__Htext59                                     text59       000000
__Htext6                                      text6        000000
__Htext60                                     text60       000000
__Htext61                                     text61       000000
__Htext62                                     text62       000000
__Htext63                                     text63       000000
__Htext64                                     text64       000000
__Htext65                                     text65       000000
__Htext66                                     text66       000000
__Htext67                                     text67       000000
__Htext68                                     text68       000000
__Htext69                                     text69       000000
__Htext7                                      text7        000000
__Htext70                                     text70       000000
__Htext71                                     text71       000000
__Htext72                                     text72       000000
__Htext73                                     text73       000000
__Htext74                                     text74       000000
__Htext75                                     text75       000000
__Htext76                                     text76       000000
__Htext77                                     text77       000000
__Htext78                                     text78       000000
__Htext79                                     text79       000000
__Htext8                                      text8        000000
__Htext80                                     text80       000000
__Htext81                                     text81       000000
__Htext82                                     text82       000000
__Htext83                                     text83       000000
__Htext84                                     text84       000000
__Htext85                                     text85       000000
__Htext86                                     text86       000000
__Htext87                                     text87       000000
__Htext88                                     text88       000000
__Htext89                                     text89       000000
__Htext9                                      text9        000000
__Htext90                                     text90       000000
__Htext91                                     text91       000000
__Htext92                                     text92       000000
__Htext93                                     text93       000000
__Htext94                                     text94       000000
__Htext95                                     text95       000000
__Htext96                                     text96       000000
__Htext97                                     text97       000000
__Htext98                                     text98       000000
__Htext99                                     text99       000000
__LRAM                                        (abs)        000001
__Labs1                                       abs1         000000
__Lbank0                                      bank0        000000
__Lbank1                                      bank1        000000
__Lbank10                                     bank10       000000
__Lbank11                                     bank11       000000
__Lbank12                                     bank12       000000
__Lbank13                                     bank13       000000
__Lbank14                                     bank14       000000
__Lbank15                                     bank15       000000
__Lbank16                                     bank16       000000
__Lbank17                                     bank17       000000
__Lbank18                                     bank18       000000
__Lbank19                                     bank19       000000
__Lbank2                                      bank2        000000
__Lbank20                                     bank20       000000
__Lbank21                                     bank21       000000
__Lbank22                                     bank22       000000
__Lbank23                                     bank23       000000
__Lbank24                                     bank24       000000
__Lbank25                                     bank25       000000
__Lbank26                                     bank26       000000
__Lbank27                                     bank27       000000
__Lbank28                                     bank28       000000
__Lbank29                                     bank29       000000
__Lbank3                                      bank3        000000
__Lbank30                                     bank30       000000
__Lbank31                                     bank31       000000
__Lbank4                                      bank4        000000
__Lbank5                                      bank5        000000
__Lbank6                                      bank6        000000
__Lbank7                                      bank7        000000
__Lbank8                                      bank8        000000
__Lbank9                                      bank9        000000
__Lbigbss                                     bigbss       000000
__Lbigdata                                    bigdata      000000
__Lbigram                                     bigram       000000
__Lbss                                        bss          000000
__LbssBANK0                                   bssBANK0     000000
__LbssBANK1                                   bssBANK1     000000
__LbssBANK2                                   bssBANK2     000000
__LbssCOMRAM                                  bssCOMRAM    000000
__Lcinit                                      cinit        000000
__Lclrtext                                    clrtext      000000
__Lcomram                                     comram       000000
__Lconfig                                     config       000000
__Lconst                                      const        000000
__LcstackBANK0                                cstackBANK0  000000
__LcstackBANK2                                cstackBANK2  000000
__LcstackCOMRAM                               cstackCOMRAM 000000
__Ldata                                       data         000000
__LdataBANK0                                  dataBANK0    000000
__LdataBANK1                                  dataBANK1    000000
__Leeprom_data                                eeprom_data  000000
__Lfarbss                                     farbss       000000
__Lfardata                                    fardata      000000
__Libigdata                                   ibigdata     000000
__Lidata                                      idata        000000
__LidataBANK0                                 idataBANK0   000000
__LidataBANK1                                 idataBANK1   000000
__Lidloc                                      idloc        000000
__Lifardata                                   ifardata     000000
__Linit                                       init         0000AE
__Lintsave_regs                               intsave_regs 000000
__Lirdata                                     irdata       000000
__Livt0x8                                     ivt0x8       000008
__Lmediumconst                                mediumconst  000000
__LnvFARRAM                                   nvFARRAM     000000
__Lnvbit                                      nvbit        000000
__Lnvrram                                     nvrram       000000
__Lparam                                      rparam       000000
__Lpowerup                                    powerup      000000
__Lram                                        ram          000000
__Lramtop                                     ramtop       002000
__Lrbit                                       rbit         000000
__Lrbss                                       rbss         000000
__Lrdata                                      rdata        000000
__Lreset_vec                                  reset_vec    000000
__Lrparam                                     rparam       000000
__Lsfr                                        sfr          000000
__Lsmallconst                                 smallconst   002000
__Lspace_0                                    (abs)        000000
__Lspace_1                                    (abs)        000000
__Lspace_2                                    (abs)        000000
__Lspace_4                                    (abs)        000000
__Lstack                                      stack        000000
__Lstruct                                     struct       000000
__Ltemp                                       temp         000000
__Ltext                                       text         000000
__Ltext0                                      text0        000000
__Ltext1                                      text1        000000
__Ltext10                                     text10       000000
__Ltext100                                    text100      000000
__Ltext101                                    text101      000000
__Ltext102                                    text102      000000
__Ltext103                                    text103      000000
__Ltext104                                    text104      000000
__Ltext105                                    text105      000000
__Ltext106                                    text106      000000
__Ltext107                                    text107      000000
__Ltext108                                    text108      000000
__Ltext11                                     text11       000000
__Ltext12                                     text12       000000
__Ltext13                                     text13       000000
__Ltext14                                     text14       000000
__Ltext15                                     text15       000000
__Ltext16                                     text16       000000
__Ltext17                                     text17       000000
__Ltext18                                     text18       000000
__Ltext19                                     text19       000000
__Ltext2                                      text2        000000
__Ltext20                                     text20       000000
__Ltext21                                     text21       000000
__Ltext22                                     text22       000000
__Ltext23                                     text23       000000
__Ltext24                                     text24       000000
__Ltext25                                     text25       000000
__Ltext26                                     text26       000000
__Ltext27                                     text27       000000
__Ltext28                                     text28       000000
__Ltext29                                     text29       000000
__Ltext3                                      text3        000000
__Ltext30                                     text30       000000
__Ltext31                                     text31       000000
__Ltext32                                     text32       000000
__Ltext33                                     text33       000000
__Ltext34                                     text34       000000
__Ltext35                                     text35       000000
__Ltext36                                     text36       000000
__Ltext37                                     text37       000000
__Ltext38                                     text38       000000
__Ltext39                                     text39       000000
__Ltext4                                      text4        000000
__Ltext40                                     text40       000000
__Ltext41                                     text41       000000
__Ltext42                                     text42       000000
__Ltext43                                     text43       000000
__Ltext44                                     text44       000000
__Ltext45                                     text45       000000
__Ltext46                                     text46       000000
__Ltext47                                     text47       000000
__Ltext48                                     text48       000000
__Ltext49                                     text49       000000
__Ltext5                                      text5        000000
__Ltext50                                     text50       000000
__Ltext51                                     text51       000000
__Ltext52                                     text52       000000
__Ltext53                                     text53       000000
__Ltext54                                     text54       000000
__Ltext55                                     text55       000000
__Ltext56                                     text56       000000
__Ltext57                                     text57       000000
__Ltext58                                     text58       000000
__Ltext59                                     text59       000000
__Ltext6                                      text6        000000
__Ltext60                                     text60       000000
__Ltext61                                     text61       000000
__Ltext62                                     text62       000000
__Ltext63                                     text63       000000
__Ltext64                                     text64       000000
__Ltext65                                     text65       000000
__Ltext66                                     text66       000000
__Ltext67                                     text67       000000
__Ltext68                                     text68       000000
__Ltext69                                     text69       000000
__Ltext7                                      text7        000000
__Ltext70                                     text70       000000
__Ltext71                                     text71       000000
__Ltext72                                     text72       000000
__Ltext73                                     text73       000000
__Ltext74                                     text74       000000
__Ltext75                                     text75       000000
__Ltext76                                     text76       000000
__Ltext77                                     text77       000000
__Ltext78                                     text78       000000
__Ltext79                                     text79       000000
__Ltext8                                      text8        000000
__Ltext80                                     text80       000000
__Ltext81                                     text81       000000
__Ltext82                                     text82       000000
__Ltext83                                     text83       000000
__Ltext84                                     text84       000000
__Ltext85                                     text85       000000
__Ltext86                                     text86       000000
__Ltext87                                     text87       000000
__Ltext88                                     text88       000000
__Ltext89                                     text89       000000
__Ltext9                                      text9        000000
__Ltext90                                     text90       000000
__Ltext91                                     text91       000000
__Ltext92                                     text92       000000
__Ltext93                                     text93       000000
__Ltext94                                     text94       000000
__Ltext95                                     text95       000000
__Ltext96                                     text96       000000
__Ltext97                                     text97       000000
__Ltext98                                     text98       000000
__Ltext99                                     text99       000000
__S0                                          (abs)        004F46
__S1                                          (abs)        0002A0
__S2                                          (abs)        000000
__S4                                          (abs)        000000
__S5                                          (abs)        000000
___aodiv                                      text68       0035BA
___aodiv@counter                              cstackCOMRAM 000016
___aodiv@dividend                             cstackCOMRAM 000006
___aodiv@divisor                              cstackCOMRAM 00000E
___aodiv@quotient                             cstackCOMRAM 000018
___aodiv@sign                                 cstackCOMRAM 000017
___aomod                                      text67       003842
___aomod@counter                              cstackCOMRAM 000016
___aomod@dividend                             cstackCOMRAM 000006
___aomod@divisor                              cstackCOMRAM 00000E
___aomod@sign                                 cstackCOMRAM 000017
___awdiv                                      text11       004322
___awdiv@counter                              cstackCOMRAM 00000A
___awdiv@dividend                             cstackCOMRAM 000006
___awdiv@divisor                              cstackCOMRAM 000008
___awdiv@quotient                             cstackCOMRAM 00000C
___awdiv@sign                                 cstackCOMRAM 00000B
___fladd                                      text72       0023A0
___fladd@a                                    cstackCOMRAM 00000A
___fladd@aexp                                 cstackCOMRAM 000013
___fladd@b                                    cstackCOMRAM 000006
___fladd@bexp                                 cstackCOMRAM 000014
___fladd@grs                                  cstackCOMRAM 000015
___fladd@signs                                cstackCOMRAM 000012
___fldiv                                      text74       002956
___fldiv@a                                    cstackCOMRAM 00003B
___fldiv@aexp                                 cstackCOMRAM 00004F
___fldiv@b                                    cstackCOMRAM 000037
___fldiv@bexp                                 cstackCOMRAM 00004E
___fldiv@grs                                  cstackCOMRAM 00004A
___fldiv@new_exp                              cstackCOMRAM 000048
___fldiv@rem                                  cstackCOMRAM 000043
___fldiv@sign                                 cstackCOMRAM 000047
___flmul                                      text73       002050
___flmul@a                                    cstackCOMRAM 00001A
___flmul@aexp                                 cstackCOMRAM 000023
___flmul@b                                    cstackCOMRAM 000016
___flmul@bexp                                 cstackCOMRAM 000024
___flmul@grs                                  cstackCOMRAM 000025
___flmul@prod                                 cstackCOMRAM 000029
___flmul@sign                                 cstackCOMRAM 000022
___flmul@temp                                 cstackCOMRAM 00002D
___flsub                                      text71       00467A
___flsub@a                                    cstackCOMRAM 000033
___flsub@b                                    cstackCOMRAM 00002F
___fltol                                      text76       003C28
___fltol@exp1                                 cstackBANK0  000079
___fltol@f1                                   cstackBANK0  000074
[...]
Total ram usage:        0 bytes
 Hardware stack levels used:    1
 Hardware stack levels required when called:    1
 This function calls:
		Absolute function
		_TMR6_DefaultInterruptHandler
 This function is called by:
		Interrupt level 2
 This function uses a non-reentrant model


 *************** function _TMR6_DefaultInterruptHandler *****************
 Defined at:
		line 184 in file "mcc_generated_files/tmr6.c"
 Parameters:    Size  Location     Type
		None
 Auto vars:     Size  Location     Type
  i               1    2[COMRAM] unsigned char 
 Return value:  Size  Location     Type
                  1    wreg      void 
 Registers used:
		wreg, fsr2l, fsr2h, status,2, status,0, prodl, prodh
 Tracked objects:
		On entry : 
		On exit  : 
		Unchanged: 
 Data sizes:     COMRAM   BANK0   BANK1   BANK2   BANK3   BANK4   BANK5   BANK6   BANK7   BANK8   BANK9  BANK10  BANK11  BANK12  BANK13  BANK14  BANK15  BANK16  BANK17  BANK18  BANK19  BANK20  BANK21  BANK22  BANK23  BANK24  BANK25  BANK26  BANK27  BANK28  BANK29  BANK30  BANK31
      Params:         0       0       0       0       0       0       0       0       0       0       0       0       0       0       0       0       0       0       0       0       0       0       0       0       0       0       0       0       0       0       0       0       0
      Locals:         1       0       0       0       0       0       0       0       0       0       0       0       0       0       0       0       0       0       0       0       0       0       0       0       0       0       0       0       0       0       0       0       0
      Temps:          2       0       0       0       0       0       0       0       0       0       0       0       0       0       0       0       0       0       0       0       0       0       0       0       0       0       0       0       0       0       0       0       0
      Totals:         3       0       0       0       0       0       0       0       0       0       0       0       0       0       0       0       0       0       0       0       0       0       0       0       0       0       0       0       0       0       0       0       0
Total ram usage:        3 bytes
 Hardware stack levels used:    1
 This function calls:
		Nothing
 This function is called by:
		_TMR6_Initialize
		_TMR6_ISR
 This function uses a non-reentrant model


 *************** function _TMR5_ISR *****************
 Defined at:
		line 166 in file "mcc_generated_files/tmr5.c"
 Parameters:    Size  Location     Type
		None
 Auto vars:     Size  Location     Type
		None
 Return value:  Size  Location     Type
                  1    wreg      void 
 Registers used:
		wreg, status,2, status,0, pclath, tosl, cstack
 Tracked objects:
		On entry : 
		On exit  : 
		Unchanged: 
 Data sizes:     COMRAM   BANK0   BANK1   BANK2   BANK3   BANK4   BANK5   BANK6   BANK7   BANK8   BANK9  BANK10  BANK11  BANK12  BANK13  BANK14  BANK15  BANK16  BANK17  BANK18  BANK19  BANK20  BANK21  BANK22  BANK23  BANK24  BANK25  BANK26  BANK27  BANK28  BANK29  BANK30  BANK31
      Params:         0       0       0       0       0       0       0       0       0       0       0       0       0       0       0       0       0       0       0       0       0       0       0       0       0       0       0       0       0       0       0       0       0
      Locals:         0       0       0       0       0       0       0       0       0       0       0       0       0       0       0       0       0       0       0       0       0       0       0       0       0       0       0       0       0       0       0       0       0
      Temps:          0       0       0       0       0       0       0       0       0       0       0       0       0       0       0       0       0       0       0       0       0       0       0       0       0       0       0       0       0       0       0       0       0
      Totals:         0       0       0       0       0       0       0       0       0       0       0       0       0       0       0       0       0       0       0       0       0       0       0       0       0       0       0       0       0       0       0       0       0
Total ram usage:        0 bytes
 Hardware stack levels used:    1
 Hardware stack levels required when called:    2
 This function calls:
		_TMR5_CallBack
		_TMR5_WriteTimer
 This function is called by:
		Interrupt level 2
 This function uses a non-reentrant model


 *************** function _TMR5_WriteTimer *****************
 Defined at:
		line 129 in file "mcc_generated_files/tmr5.c"
 Parameters:    Size  Location     Type
  timerVal        2    3[COMRAM] unsigned short 
 Auto vars:     Size  Location     Type
		None
 Return value:  Size  Location     Type
                  1    wreg      void 
 Registers used:
		None
 Tracked objects:
		On entry : 
		On exit  : 
		Unchanged: 
 Data sizes:     COMRAM   BANK0   BANK1   BANK2   BANK3   BANK4   BANK5   BANK6   BANK7   BANK8   BANK9  BANK10  BANK11  BANK12  BANK13  BANK14  BANK15  BANK16  BANK17  BANK18  BANK19  BANK20  BANK21  BANK22  BANK23  BANK24  BANK25  BANK26  BANK27  BANK28  BANK29  BANK30  BANK31
      Params:         2       0       0       0       0       0       0       0       0       0       0       0       0       0       0       0       0       0       0       0       0       0       0       0       0       0       0       0       0       0       0       0       0
      Locals:         0       0       0       0       0       0       0       0       0       0       0       0       0       0       0       0       0       0       0       0       0       0       0       0       0       0       0       0       0       0       0       0       0
      Temps:          0       0       0       0       0       0       0       0       0       0       0       0       0       0       0       0       0       0       0       0       0       0       0       0       0       0       0       0       0       0       0       0       0
      Totals:         2       0       0       0       0       0       0       0       0       0       0       0       0       0       0       0       0       0       0       0       0       0       0       0       0       0       0       0       0       0       0       0       0
Total ram usage:        2 bytes
 Hardware stack levels used:    1
 This function calls:
		Nothing
 This function is called by:
		_TMR5_ISR
 This function uses a non-reentrant model


 *************** function _TMR5_CallBack *****************
 Defined at:
		line 185 in file "mcc_generated_files/tmr5.c"
 Parameters:    Size  Location     Type
		None
 Auto vars:     Size  Location     Type
		None
 Return value:  Size  Location     Type
                  1    wreg      void 
 Registers used:
		wreg, status,2, status,0, pclath, tosl, cstack
 Tracked objects:
		On entry : 
		On exit  : 
		Unchanged: 
 Data sizes:     COMRAM   BANK0   BANK1   BANK2   BANK3   BANK4   BANK5   BANK6   BANK7   BANK8   BANK9  BANK10  BANK11  BANK12  BANK13  BANK14  BANK15  BANK16  BANK17  BANK18  BANK19  BANK20  BANK21  BANK22  BANK23  BANK24  BANK25  BANK26  BANK27  BANK28  BANK29  BANK30  BANK31
      Params:         0       0       0       0       0       0       0       0       0       0       0       0       0       0       0       0       0       0       0       0       0       0       0       0       0       0       0       0       0       0       0       0       0
      Locals:         0       0       0       0       0       0       0       0       0       0       0       0       0       0       0       0       0       0       0       0       0       0       0       0       0       0       0       0       0       0       0       0       0
      Temps:          0       0       0       0       0       0       0       0       0       0       0       0       0       0       0       0       0       0       0       0       0       0       0       0       0       0       0       0       0       0       0       0       0
      Totals:         0       0       0       0       0       0       0       0       0       0       0       0       0       0       0       0       0       0       0       0       0       0       0       0       0       0       0       0       0       0       0       0       0
Total ram usage:        0 bytes
 Hardware stack levels used:    1
 Hardware stack levels required when called:    1
 This function calls:
		Absolute function
		_TMR5_DefaultInterruptHandler
 This function is called by:
		_TMR5_ISR
 This function uses a non-reentrant model


 *************** function _TMR5_DefaultInterruptHandler *****************
 Defined at:
		line 198 in file "mcc_generated_files/tmr5.c"
 Parameters:    Size  Location     Type
		None
 Auto vars:     Size  Location     Type
		None
 Return value:  Size  Location     Type
                  1    wreg      void 
 Registers used:
		wreg, status,2, status,0
 Tracked objects:
		On entry : 
		On exit  : 
		Unchanged: 
 Data sizes:     COMRAM   BANK0   BANK1   BANK2   BANK3   BANK4   BANK5   BANK6   BANK7   BANK8   BANK9  BANK10  BANK11  BANK12  BANK13  BANK14  BANK15  BANK16  BANK17  BANK18  BANK19  BANK20  BANK21  BANK22  BANK23  BANK24  BANK25  BANK26  BANK27  BANK28  BANK29  BANK30  BANK31
      Params:         0       0       0       0       0       0       0       0       0       0       0       0       0       0       0       0       0       0       0       0       0       0       0       0       0       0       0       0       0       0       0       0       0
      Locals:         0       0       0       0       0       0       0       0       0       0       0       0       0       0       0       0       0       0       0       0       0       0       0       0       0       0       0       0       0       0       0       0       0
      Temps:          1       0       0       0       0       0       0       0       0       0       0       0       0       0       0       0       0       0       0       0       0       0       0       0       0       0       0       0       0       0       0       0       0
      Totals:         1       0       0       0       0       0       0       0       0       0       0       0       0       0       0       0       0       0       0       0       0       0       0       0       0       0       0       0       0       0       0       0       0
Total ram usage:        1 bytes
 Hardware stack levels used:    1
 This function calls:
		Nothing
 This function is called by:
		_TMR5_Initialize
		_TMR5_CallBack
 This function uses a non-reentrant model



MODULE INFORMATION

Module		Function		Class		Link	Load	Size
mcc_generated_files/uart2.c
		_UART2_is_rx_ready		CODE           	4F24	0000	7
		_UART2_DefaultErrorHandler		CODE           	4F30	0000	7
		_UART2_RxDataHandler		CODE           	4C24	0000	37
		_UART2_DefaultOverrunErrorHandler		CODE           	4F42	0000	3
		_putch         		CODE           	4F0C	0000	11
		_UART2_rx_vect_isr		CODE           	4C00	0000	37
		_UART2_Write   		CODE           	4788	0000	67
		_UART2_SetFramingErrorHandler		CODE           	4E80	0000	15
		_UART2_SetOverrunErrorHandler		CODE           	4E72	0000	15
		_UART2_tx_vect_isr		CODE           	4BDC	0000	37
		_UART2_Receive_ISR		CODE           	4042	0000	159
		_UART2_SetRxInterruptHandler		CODE           	4E64	0000	15
		_UART2_SetTxInterruptHandler		CODE           	4E56	0000	15
		_UART2_Initialize		CODE           	3D9C	0000	175
		_UART2_SetErrorHandler		CODE           	4E8E	0000	15
		_UART2_Transmit_ISR		CODE           	49B4	0000	51
		_UART2_Read    		CODE           	46C0	0000	69
		_UART2_DefaultFramingErrorHandler		CODE           	4F44	0000	3

mcc_generated_files/uart2.c estimated size: 738

timers.c
		_WaitMs        		CODE           	4AFA	0000	41
		_StartTimer    		CODE           	4A78	0000	47
		_TimerDone     		CODE           	4B4C	0000	37

timers.c estimated size: 125

/opt/microchip/xc8/v2.20/pic/sources/c99/common/awdiv.c
		___awdiv       		CODE           	4322	0000	133

/opt/microchip/xc8/v2.20/pic/sources/c99/common/awdiv.c estimated size: 133

mcc_generated_files/pwm8.c
		_PWM8_LoadDutyValue		CODE           	4950	0000	51
		_PWM8_Initialize		CODE           	4DDE	0000	25

mcc_generated_files/pwm8.c estimated size: 76

/opt/microchip/xc8/v2.20/pic/sources/c99/common/fltol.c
		___fltol       		CODE           	3C28	0000	189

/opt/microchip/xc8/v2.20/pic/sources/c99/common/fltol.c estimated size: 189

mcc_generated_files/tmr6.c
		_TMR6_ISR      		CODE           	4B24	0000	41
		_TMR6_Initialize		CODE           	4A4A	0000	47
		_TMR6_SetInterruptHandler		CODE           	4EE2	0000	15
		_TMR6_DefaultInterruptHandler		CODE           	47CA	0000	61

mcc_generated_files/tmr6.c estimated size: 164

mcc_generated_files/fvr.c
		_FVR_Initialize		CODE           	4F16	0000	9

mcc_generated_files/fvr.c estimated size: 9

/opt/microchip/xc8/v2.20/pic/sources/c99/common/nf_sprintf.c
		_sprintf       		CODE           	4746	0000	67

/opt/microchip/xc8/v2.20/pic/sources/c99/common/nf_sprintf.c estimated size: 67

mcc_generated_files/tmr2.c
		_TMR2_Initialize		CODE           	4CCE	0000	31

mcc_generated_files/tmr2.c estimated size: 31

/opt/microchip/xc8/v2.20/pic/sources/c99/common/sprcadd.c
		___flsub       		CODE           	467A	0000	71
		___fladd       		CODE           	23A0	0000	781

/opt/microchip/xc8/v2.20/pic/sources/c99/common/sprcadd.c estimated size: 852

mcc_generated_files/interrupt_manager.c
		_INTERRUPT_Initialize		CODE           	4632	0000	73
		_Default_ISR   		CODE           	4F3C	0000	3

mcc_generated_files/interrupt_manager.c estimated size: 76

/opt/microchip/xc8/v2.20/pic/sources/c99/common/xxtofl.c
		___xxtofl      		CODE           	3702	0000	321

/opt/microchip/xc8/v2.20/pic/sources/c99/common/xxtofl.c estimated size: 321

/opt/microchip/xc8/v2.20/pic/sources/c99/common/printf.c
		_printf        		CODE           	4D92	0000	27

/opt/microchip/xc8/v2.20/pic/sources/c99/common/printf.c estimated size: 27

./dogm-graphic.h
		_lcd_get_position_page$F2716		CODE           	4F1E	0000	7
		_lcd_get_position_column$F2718		CODE           	4F36	0000	5

./dogm-graphic.h estimated size: 12

/opt/microchip/xc8/v2.20/pic/sources/c99/common/strlen.c
		_strlen        		CODE           	459C	0000	77

/opt/microchip/xc8/v2.20/pic/sources/c99/common/strlen.c estimated size: 77

eadog.c
		_init_display  		CODE           	4CEC	0000	29
		_wdtdelay      		CODE           	4806	0000	59
		_send_lcd_cmd  		CODE           	4878	0000	57
		_eaDogM_WriteStringAtPos		CODE           	4CB0	0000	31
		_eaDogM_WriteString		CODE           	4424	0000	103

eadog.c estimated size: 279

mcc_generated_files/pin_manager.c
		_PIN_MANAGER_Initialize		CODE           	3EF8	0000	173

mcc_generated_files/pin_manager.c estimated size: 173

mcc_generated_files/spi1.c
		_SPI1_Initialize		CODE           	4DC6	0000	25
		_SPI1_Exchange8bit		CODE           	4D78	0000	27

mcc_generated_files/spi1.c estimated size: 52

/opt/microchip/xc8/v2.20/pic/sources/c99/common/nf_fputc.c
		_fputc         		CODE           	3E4A	0000	175

/opt/microchip/xc8/v2.20/pic/sources/c99/common/nf_fputc.c estimated size: 175

/opt/microchip/xc8/v2.20/pic/sources/c99/common/doprnt.c
		_vfpfcnvrt     		CODE           	32A4	0000	463
		_pad           		CODE           	417A	0000	151
		_dtoa          		CODE           	2E2E	0000	581
		_vfprintf      		CODE           	454C	0000	81
		_stoa          		CODE           	3472	0000	329

/opt/microchip/xc8/v2.20/pic/sources/c99/common/doprnt.c estimated size: 1605

mcc_generated_files/uart1.c
		_UART1_rx_vect_isr		CODE           	4B94	0000	37
		_UART1_SetFramingErrorHandler		CODE           	4EC6	0000	15
		_UART1_SetOverrunErrorHandler		CODE           	4EB8	0000	15
		_UART1_tx_vect_isr		CODE           	4B70	0000	37
		_UART1_Receive_ISR		CODE           	3FA4	0000	159
		_UART1_SetRxInterruptHandler		CODE           	4EAA	0000	15
		_UART1_SetTxInterruptHandler		CODE           	4E9C	0000	15
		_UART1_Initialize		CODE           	3CE4	0000	185
		_UART1_SetErrorHandler		CODE           	4ED4	0000	15
		_UART1_Transmit_ISR		CODE           	4982	0000	51
		_UART1_DefaultFramingErrorHandler		CODE           	4F40	0000	3
		_UART1_DefaultErrorHandler		CODE           	4F2A	0000	7
		_UART1_RxDataHandler		CODE           	4BB8	0000	37
		_UART1_DefaultOverrunErrorHandler		CODE           	4F3E	0000	3

mcc_generated_files/uart1.c estimated size: 594

/opt/microchip/xc8/v2.20/pic/sources/c99/common/aomod.c
		___aomod       		CODE           	3842	0000	293

/opt/microchip/xc8/v2.20/pic/sources/c99/common/aomod.c estimated size: 293

/opt/microchip/xc8/v2.20/pic/sources/c99/common/abs.c
		_abs           		CODE           	491E	0000	51

/opt/microchip/xc8/v2.20/pic/sources/c99/common/abs.c estimated size: 51

dogm-graphic.c
		_lcd_command   		CODE           	4E36	0000	17
		_lcd_moveto_xy 		CODE           	4AD0	0000	43
		_lcd_inc_column		CODE           	4E0C	0000	23
		_lcd_data      		CODE           	4D40	0000	29
		_lcd_clear_area		CODE           	40E0	0000	155
		_lcd_inc_page  		CODE           	4DF6	0000	23
		_lcd_clear_area_xy		CODE           	4D08	0000	29
		_lcd_init      		CODE           	448A	0000	103
		_lcd_move_xy   		CODE           	4D24	0000	29

dogm-graphic.c estimated size: 451

mcc_generated_files/tmr5.c
		_TMR5_ISR      		CODE           	49E8	0000	51
		_TMR5_Initialize		CODE           	45E8	0000	75
		_TMR5_SetInterruptHandler		CODE           	4EF0	0000	15
		_TMR5_DefaultInterruptHandler		CODE           	4DAC	0000	27
		_TMR5_CallBack 		CODE           	4C8E	0000	35
		_TMR5_WriteTimer		CODE           	4C48	0000	37

mcc_generated_files/tmr5.c estimated size: 240

shared
		__initialization		CODE           	43A6	0000	121

shared estimated size: 121

mcc_generated_files/mcc.c
		_PMD_Initialize		CODE           	4C6C	0000	35
		_OSCILLATOR_Initialize		CODE           	4D5C	0000	29
		_SYSTEM_Initialize		CODE           	48E8	0000	55

mcc_generated_files/mcc.c estimated size: 119

d232.c
		_Digital232_RW 		CODE           	3072	0000	563
		_lp_filter     		CODE           	2BDE	0000	593
		_once          		CODE           	4AA6	0000	43
		_led_lightshow 		CODE           	26AC	0000	683
		_calc_pot      		CODE           	3966	0000	257
		_Digital232_init		CODE           	3A66	0000	233

d232.c estimated size: 2372

/opt/microchip/xc8/v2.20/pic/sources/c99/common/rand.c
		_srand         		CODE           	4A1A	0000	49
		_rand          		CODE           	3B4E	0000	219

/opt/microchip/xc8/v2.20/pic/sources/c99/common/rand.c estimated size: 268

/opt/microchip/xc8/v2.20/pic/sources/c99/common/sprcmul.c
		___flmul       		CODE           	2050	0000	849

/opt/microchip/xc8/v2.20/pic/sources/c99/common/sprcmul.c estimated size: 849

/opt/microchip/xc8/v2.20/pic/sources/c99/common/Umul64.c
		___omul        		CODE           	4210	0000	139

/opt/microchip/xc8/v2.20/pic/sources/c99/common/Umul64.c estimated size: 139

mcc_generated_files/adcc.c
		_ADCC_GetConversionResult		CODE           	4E22	0000	21
		_ADCC_StartConversion		CODE           	4E46	0000	17
		_ADCC_Initialize		CODE           	44F0	0000	93
		_ADCC_IsConversionDone		CODE           	4EFE	0000	15

mcc_generated_files/adcc.c estimated size: 146

/opt/microchip/xc8/v2.20/pic/sources/c99/common/sprcdiv.c
		___fldiv       		CODE           	2956	0000	649

/opt/microchip/xc8/v2.20/pic/sources/c99/common/sprcdiv.c estimated size: 649

main.c
		_main          		CODE           	4840	0000	57
		_work_sw       		CODE           	429A	0000	137

main.c estimated size: 194

/opt/microchip/xc8/v2.20/pic/sources/c99/common/aodiv.c
		___aodiv       		CODE           	35BA	0000	329

/opt/microchip/xc8/v2.20/pic/sources/c99/common/aodiv.c estimated size: 329

/opt/microchip/xc8/v2.20/pic/sources/c99/common/nf_fputs.c
		_fputs         		CODE           	48B0	0000	57

/opt/microchip/xc8/v2.20/pic/sources/c99/common/nf_fputs.c estimated size: 57

