Microchip MPLAB XC8 Compiler V2.20

Linker command line:

-W-3 --edf=/opt/microchip/xc8/v2.20/pic/dat/en_msgs.txt -pivt0x8=08h -cn \
  -h+dist/default/production/q43_baseline.X.production.sym \
  --cmf=dist/default/production/q43_baseline.X.production.cmf -z -Q18F47Q43 \
  -o/tmp/xcXINCaCG --defsym=__MPLAB_BUILD=1 \
  -Mdist/default/production/q43_baseline.X.production.map -E1 \
  -ver=XC8 Compiler --acfsm=1493 -ASTACK=0F00h-025FFh -pstack=STACK \
  -ACODE=00h-01FFFFh -ACONST=00h-01FFFFh -ASMALLCONST=02600h-026FFhx474 \
  -AMEDIUMCONST=02600h-0FFFFh,012600h-01FFFFh -ACOMRAM=0501h-055Fh \
  -AABS1=0500h-025FFh -ABIGRAM=0501h-025FFh \
  -ARAM=0560h-05FFh,0600h-06FFhx32 -ABANK5=0560h-05FFh -ABANK6=0600h-06FFh \
  -ABANK7=0700h-07FFh -ABANK8=0800h-08FFh -ABANK9=0900h-09FFh \
  -ABANK10=0A00h-0AFFh -ABANK11=0B00h-0BFFh -ABANK12=0C00h-0CFFh \
  -ABANK13=0D00h-0DFFh -ABANK14=0E00h-0EFFh -ABANK15=0F00h-0FFFh \
  -ABANK16=01000h-010FFh -ABANK17=01100h-011FFh -ABANK18=01200h-012FFh \
  -ABANK19=01300h-013FFh -ABANK20=01400h-014FFh -ABANK21=01500h-015FFh \
  -ABANK22=01600h-016FFh -ABANK23=01700h-017FFh -ABANK24=01800h-018FFh \
  -ABANK25=01900h-019FFh -ABANK26=01A00h-01AFFh -ABANK27=01B00h-01BFFh \
  -ABANK28=01C00h-01CFFh -ABANK29=01D00h-01DFFh -ABANK30=01E00h-01EFFh \
  -ABANK31=01F00h-01FFFh -ABANK32=02000h-020FFh -ABANK33=02100h-021FFh \
  -ABANK34=02200h-022FFh -ABANK35=02300h-023FFh -ABANK36=02400h-024FFh \
  -ABANK37=02500h-025FFh -ASFR=00h-0FFhx4,0400h-045Fh,0460h-04FFh \
  -ACONFIG=0300000h-0300011h -AIDLOC=0200000h-020001Fh -preset_vec=00h \
  -ppowerup=CODE,init -pramtop=02600h -psmallconst=SMALLCONST \
  -pmediumconst=MEDIUMCONST -pconst=CONST -AFARRAM=00h-00h \
  -AEEDATA=0380000h-03803FFh -peeprom_data=EEDATA \
  -prdata=COMRAM,nvrram=COMRAM,nvbit=COMRAM,rbss=COMRAM,rbit=COMRAM \
  -pfarbss=FARRAM,fardata=FARRAM,nvFARRAM=FARRAM \
  -pintsave_regs=BIGRAM,bigbss=BIGRAM,bigdata=BIGRAM -pbss=RAM \
  -pidata=CODE,irdata=CODE,ibigdata=CODE,ifardata=CODE -prparam=COMRAM \
  /tmp/xcXiAHIOa.o dist/default/production/q43_baseline.X.production.o 

Object code version is 3.11

Machine type is 18F47Q43



                Name                               Link     Load   Length Selector   Space Scale
/tmp/xcXiAHIOa.o
                idloc                            200000   200000       20        0       5
                config                           300000   300000        A        0       4
                init                                102      102        4        4       0
                reset_vec                             0        0        4        0       0
dist/default/production/q43_baseline.X.production.o
                idloc                            200000   200000       20        0       5
                config                           300000   300000        A        0       4
                mediumconst                        FEC6     FEC6      13A     7F63       0
                ivt0x8                                8        8       FA        4       0
                text110                           1338E    1338E        2     4CE0       0
                text109                           1300C    1300C       26     4C03       0
                text108                           1338C    1338C        2     4CE0       0
                text107                           12FE4    12FE4       26     4BF9       0
                text106                           1310A    1310A       22     4C16       0
                text105                           13370    13370        6     4C16       0
                text104                           1338A    1338A        2     4CE0       0
                text103                           13388    13388        2     4CE0       0
                text102                           123AA    123AA       A2     8000       0
                text101                           130C4    130C4       24     4C16       0
                text100                           12F12    12F12       2E     8000       0
                text99                            130A0    130A0       24     4C16       0
                text98                            12D06    12D06       3E     8000       0
                text97                            12FBC    12FBC       26     4BEF       0
                text96                            12CC8    12CC8       3E     8000       0
                text95                            1336A    1336A        6     4C16       0
                text94                            13386    13386        2     4CE0       0
                text93                            13384    13384        2     4CE0       0
                text92                            12308    12308       A2     8000       0
                text91                            1307C    1307C       24     4C16       0
                text90                            12EE4    12EE4       2E     8000       0
                text89                            13058    13058       24     4C16       0
                text88                            131A8    131A8       1C     4C16       0
                text87                            13382    13382        2     4CE0       0
                text86                            130E8    130E8       22     4C16       0
                text85                            12F94    12F94       26     8000       0
                text84                            12E58    12E58       30     8000       0
                text83                            13380    13380        2     4CE0       0
                text82                            1333C    1333C        C     4C16       0
                text81                            13352    13352        A     4C16       0
                text80                            13322    13322        E     4C16       0
                text79                            12872    12872       5A     8000       0
                text78                            13314    13314        E     4C16       0
                text77                            12818    12818       5A     8000       0
                text76                            12A60    12A60       4C     8000       0
                text75                            1314C    1314C       20     4C16       0
                text74                            11F88    11F88       BC     8000       0
                text73                            13032    13032       24     4C03       0
                text72                            131C4    131C4       1A     4C16       0
                text71                            13330    13330        C     4C16       0
                text70                            1318A    1318A       1E     4C16       0
                text69                            13306    13306        E     4C16       0
                text68                            12AF6    12AF6       4A     8000       0
                text67                            132F8    132F8        E     4C16       0
                text66                            12EB6    12EB6       2E     8000       0
                text65                            132EA    132EA        E     4C16       0
                text64                            132DC    132DC        E     4C16       0
                text63                            132CE    132CE        E     4C16       0
                text62                            132C0    132C0        E     4C16       0
                text61                            132B2    132B2        E     4C16       0
                text60                            120FE    120FE       B4     8000       0
                text59                            132A4    132A4        E     4C16       0
                text58                            13296    13296        E     4C16       0
                text57                            13288    13288        E     4C16       0
                text56                            1327A    1327A        E     4C16       0
                text55                            1326C    1326C        E     4C16       0
                text54                            12260    12260       A8     8000       0
                text53                            13348    13348        A     4C16       0
                text52                            12C8A    12C8A       3E     8000       0
                text51                            12C4C    12C4C       3E     8000       0
                text50                            1325E    1325E        E     4C16       0
                text49                            13220    13220       14     4C16       0
                text48                            12D44    12D44       3C     8000       0
                text47                            1260C    1260C       86     8000       0
                text46                            11868    11868      14C     8000       0
                text45                            1316C    1316C       1E     4C16       0
                text44                            131DE    131DE       18     4C16       0
                text43                            12D80    12D80       3A     8000       0
                text42                            1312C    1312C       20     4C16       0
                text41                            124E6    124E6       9A     8000       0
                text40                            12E88    12E88       2E     8000       0
                text39                            12F6C    12F6C       28     8000       0
                text38                            12BCA    12BCA       42     8000       0
                text37                            13250    13250        E     4C16       0
                text36                            12B88    12B88       42     8000       0
                text35                            13242    13242        E     4C16       0
                text34                            1107A    1107A      350     8000       0
                text33                            12044    12044       BA     8000       0
                text32                            11C44    11C44      140     8000       0
                text31                            12AAC    12AAC       4A     8000       0
                text30                            128CC    128CC       54     8000       0
                text29                            12A12    12A12       4E     8000       0
                text28                            12972    12972       52     8000       0
                text27                            1337C    1337C        2     99BD       0
                text26                            12B40    12B40       48     8000       0
                text25                            1335C    1335C        8     4C16       0
                text24                            13364    13364        6     4C16       0
                text23                            126F6    126F6       64     8000       0
                text22                            1275A    1275A       62     8000       0
                text21                            12C0C    12C0C       40     8000       0
                text20                            13234    13234        E     4C16       0
                text19                            1320C    1320C       14     4C16       0
                text18                            11AFC    11AFC      148     8000       0
                text17                            11D84    11D84      124     8000       0
                text16                            12E26    12E26       32     8000       0
                text15                            1337A    1337A        2     99BD       0
                text14                            121B2    121B2       AE     8000       0
                text13                            12DBA    12DBA       38     8000       0
                text12                            1244C    1244C       9A     8000       0
                text11                            11620    11620      248     8000       0
                text10                            119B4    119B4      148     8000       0
                text9                             113CA    113CA      256     8000       0
                text8                             127BC    127BC       5C     8000       0
                text7                             129C4    129C4       4E     8000       0
                text6                             10000    10000      650     8000       0
                text5                             12DF2    12DF2       34     8000       0
                text4                             12580    12580       8C     8000       0
                text3                             12920    12920       52     8000       0
                text2                             131F6    131F6       16     4C16       0
                text1                             12692    12692       64     8000       0
                text0                             10650    10650      62A     8000       0
                cstackCOMRAM                        501      501       4E      501       1
                cstackBANK5                         560      560       48      560       1
                cstackBANK8                         8C0      8C0       19      800       1
                dataBIGRAM                          B00      B00      400      B00       1
                bssBANK10                           A00      A00      100      A00       1
                bssBANK9                            900      900       C3      900       1
                bssBANK8                            800      800       C0      800       1
                bssBANK7                            700      700      100      700       1
                dataBANK6                           6D4      6D4       2C      600       1
                bssBANK6                            600      600       D4      600       1
                dataBANK5                           5ED      5ED        3      560       1
                bssBANK5                            5A8      5A8       45      560       1
                bssCOMRAM                           54F      54F        7      501       1
                cinit                             11EA8    11EA8       E0     8000       0
                idataBANK6                        12F40    12F40       2C     8000       0
                idataBANK5                        13376    13376        3     4C16       0
                idataBIGRAM                       10C7A    10C7A      400     8000       0

TOTAL           Name                               Link     Load   Length     Space
        CLASS   STACK          

        CLASS   CODE           
                init                                102      102        4         0
                reset_vec                             0        0        4         0
                ivt0x8                                8        8       FA         0
                text110                           1338E    1338E        2         0
                text109                           1300C    1300C       26         0
                text108                           1338C    1338C        2         0
                text107                           12FE4    12FE4       26         0
                text106                           1310A    1310A       22         0
                text105                           13370    13370        6         0
                text104                           1338A    1338A        2         0
                text103                           13388    13388        2         0
                text102                           123AA    123AA       A2         0
                text101                           130C4    130C4       24         0
                text100                           12F12    12F12       2E         0
                text99                            130A0    130A0       24         0
                text98                            12D06    12D06       3E         0
                text97                            12FBC    12FBC       26         0
                text96                            12CC8    12CC8       3E         0
                text95                            1336A    1336A        6         0
                text94                            13386    13386        2         0
                text93                            13384    13384        2         0
                text92                            12308    12308       A2         0
                text91                            1307C    1307C       24         0
                text90                            12EE4    12EE4       2E         0
                text89                            13058    13058       24         0
                text88                            131A8    131A8       1C         0
                text87                            13382    13382        2         0
                text86                            130E8    130E8       22         0
                text85                            12F94    12F94       26         0
                text84                            12E58    12E58       30         0
                text83                            13380    13380        2         0
                text82                            1333C    1333C        C         0
                text81                            13352    13352        A         0
                text80                            13322    13322        E         0
                text79                            12872    12872       5A         0
                text78                            13314    13314        E         0
                text77                            12818    12818       5A         0
                text76                            12A60    12A60       4C         0
                text75                            1314C    1314C       20         0
                text74                            11F88    11F88       BC         0
                text73                            13032    13032       24         0
                text72                            131C4    131C4       1A         0
                text71                            13330    13330        C         0
                text70                            1318A    1318A       1E         0
                text69                            13306    13306        E         0
                text68                            12AF6    12AF6       4A         0
                text67                            132F8    132F8        E         0
                text66                            12EB6    12EB6       2E         0
                text65                            132EA    132EA        E         0
                text64                            132DC    132DC        E         0
                text63                            132CE    132CE        E         0
                text62                            132C0    132C0        E         0
                text61                            132B2    132B2        E         0
                text60                            120FE    120FE       B4         0
                text59                            132A4    132A4        E         0
                text58                            13296    13296        E         0
                text57                            13288    13288        E         0
                text56                            1327A    1327A        E         0
                text55                            1326C    1326C        E         0
                text54                            12260    12260       A8         0
                text53                            13348    13348        A         0
                text52                            12C8A    12C8A       3E         0
                text51                            12C4C    12C4C       3E         0
                text50                            1325E    1325E        E         0
                text49                            13220    13220       14         0
                text48                            12D44    12D44       3C         0
                text47                            1260C    1260C       86         0
                text46                            11868    11868      14C         0
                text45                            1316C    1316C       1E         0
                text44                            131DE    131DE       18         0
                text43                            12D80    12D80       3A         0
                text42                            1312C    1312C       20         0
                text41                            124E6    124E6       9A         0
                text40                            12E88    12E88       2E         0
                text39                            12F6C    12F6C       28         0
                text38                            12BCA    12BCA       42         0
                text37                            13250    13250        E         0
                text36                            12B88    12B88       42         0
                text35                            13242    13242        E         0
                text34                            1107A    1107A      350         0
                text33                            12044    12044       BA         0
                text32                            11C44    11C44      140         0
                text31                            12AAC    12AAC       4A         0
                text30                            128CC    128CC       54         0
                text29                            12A12    12A12       4E         0
                text28                            12972    12972       52         0
                text27                            1337C    1337C        2         0
                text26                            12B40    12B40       48         0
                text25                            1335C    1335C        8         0
                text24                            13364    13364        6         0
                text23                            126F6    126F6       64         0
                text22                            1275A    1275A       62         0
                text21                            12C0C    12C0C       40         0
                text20                            13234    13234        E         0
                text19                            1320C    1320C       14         0
                text18                            11AFC    11AFC      148         0
                text17                            11D84    11D84      124         0
                text16                            12E26    12E26       32         0
                text15                            1337A    1337A        2         0
                text14                            121B2    121B2       AE         0
                text13                            12DBA    12DBA       38         0
                text12                            1244C    1244C       9A         0
                text11                            11620    11620      248         0
                text10                            119B4    119B4      148         0
                text9                             113CA    113CA      256         0
                text8                             127BC    127BC       5C         0
                text7                             129C4    129C4       4E         0
                text6                             10000    10000      650         0
                text5                             12DF2    12DF2       34         0
                text4                             12580    12580       8C         0
                text3                             12920    12920       52         0
                text2                             131F6    131F6       16         0
                text1                             12692    12692       64         0
                text0                             10650    10650      62A         0
                cinit                             11EA8    11EA8       E0         0
                idataBANK6                        12F40    12F40       2C         0
                idataBANK5                        13376    13376        3         0
                idataBIGRAM                       10C7A    10C7A      400         0

        CLASS   CONST          

        CLASS   SMALLCONST     

        CLASS   MEDIUMCONST    
                mediumconst                        FEC6     FEC6      13A         0

        CLASS   COMRAM         
                cstackCOMRAM                        501      501       4E         1
                bssCOMRAM                           54F      54F        7         1

        CLASS   ABS1           

        CLASS   BIGRAM         
                dataBIGRAM                          B00      B00      400         1

        CLASS   RAM            

        CLASS   BANK5          
                cstackBANK5                         560      560       48         1
                dataBANK5                           5ED      5ED        3         1
                bssBANK5                            5A8      5A8       45         1

        CLASS   BANK6          
                dataBANK6                           6D4      6D4       2C         1
                bssBANK6                            600      600       D4         1

        CLASS   BANK7          
                bssBANK7                            700      700      100         1

        CLASS   BANK8          
                cstackBANK8                         8C0      8C0       19         1
                bssBANK8                            800      800       C0         1

        CLASS   BANK9          
                bssBANK9                            900      900       C3         1

        CLASS   BANK10         
                bssBANK10                           A00      A00      100         1

        CLASS   BANK11         

        CLASS   BANK12         

        CLASS   BANK13         

        CLASS   BANK14         

        CLASS   BANK15         

        CLASS   BANK16         

        CLASS   BANK17         

        CLASS   BANK18         

        CLASS   BANK19         

        CLASS   BANK20         

        CLASS   BANK21         

        CLASS   BANK22         

        CLASS   BANK23         

        CLASS   BANK24         

        CLASS   BANK25         

        CLASS   BANK26         

        CLASS   BANK27         

        CLASS   BANK28         

        CLASS   BANK29         

        CLASS   BANK30         

        CLASS   BANK31         

        CLASS   BANK32         

        CLASS   BANK33         

        CLASS   BANK34         

        CLASS   BANK35         

        CLASS   BANK36         

        CLASS   BANK37         

        CLASS   SFR            

        CLASS   CONFIG         
                config                           300000   300000        A         4

        CLASS   IDLOC          
                idloc                            200000   200000       20         5

        CLASS   FARRAM         

        CLASS   EEDATA         



SEGMENTS        Name                           Load    Length   Top    Selector   Space  Class

                text6                          010000  002FBA  012FBA      8000       0  CODE    
                dataBIGRAM                     000B00  000400  000F00       B00       1  BIGRAM  
                text107                        012FE4  000026  01300A      4BF9       0  CODE    
                text97                         012FBC  000026  012FE2      4BEF       0  CODE    
                text109                        01300C  00004A  013056      4C03       0  CODE    
                text15                         01337A  000004  01337E      99BD       0  CODE    
                text89                         013058  000321  013379      4C16       0  CODE    
                reset_vec                      000000  000004  000004         0       0  CODE    
                text83                         013380  000010  013390      4CE0       0  CODE    
                cstackBANK5                    000560  000090  0005F0       560       1  BANK5   
                bssBANK7                       000700  000100  000800       700       1  BANK7   
                mediumconst                    00FEC6  00013A  010000      7F63       0  MEDIUMCO
                cstackCOMRAM                   000501  000055  000556       501       1  COMRAM  
                bssBANK10                      000A00  000100  000B00       A00       1  BANK10  
                bssBANK6                       000600  000100  000700       600       1  BANK6   
                ivt0x8                         000008  0000FE  000106         4       0  CODE    
                bssBANK9                       000900  0000C3  0009C3       900       1  BANK9   
                bssBANK8                       000800  0000D9  0008D9       800       1  BANK8   


UNUSED ADDRESS RANGES

        Name                Unused          Largest block    Delta
        BANK15           000F00-000FFF              100
        BANK16           001000-0010FF              100
        BANK17           001100-0011FF              100
        BANK18           001200-0012FF              100
        BANK19           001300-0013FF              100
        BANK20           001400-0014FF              100
        BANK21           001500-0015FF              100
        BANK22           001600-0016FF              100
        BANK23           001700-0017FF              100
        BANK24           001800-0018FF              100
        BANK25           001900-0019FF              100
        BANK26           001A00-001AFF              100
        BANK27           001B00-001BFF              100
        BANK28           001C00-001CFF              100
        BANK29           001D00-001DFF              100
        BANK30           001E00-001EFF              100
        BANK31           001F00-001FFF              100
        BANK32           002000-0020FF              100
        BANK33           002100-0021FF              100
        BANK34           002200-0022FF              100
        BANK35           002300-0023FF              100
        BANK36           002400-0024FF              100
        BANK37           002500-0025FF              100
        BANK5            0005F0-0005FF               10
        BANK8            0008D9-0008FF               27
        BANK9            0009C3-0009FF               3D
        BIGRAM           000556-00055F                A
                         0005F0-0005FF               10
                         0008D9-0008FF               27
                         0009C3-0009FF               3D
                         000F00-0025FF             1700
        CODE             000004-000007                4
                         000106-00FEC5             FDC0
                         012FBA-012FBB                2
                         012FE2-012FE3                2
                         01300A-01300B                2
                         013056-013057                2
                         013379-013379                1
                         01337E-01337F                2
                         013390-01FFFF             CC70
        COMRAM           000556-00055F                A
        CONFIG           30000A-300011                8
        CONST            000004-000007                4
                         000106-00FEC5             FDC0
                         012FBA-012FBB                2
                         012FE2-012FE3                2
                         01300A-01300B                2
                         013056-013057                2
                         013379-013379                1
                         01337E-01337F                2
                         013390-01FFFF             CC70
        EEDATA           380000-3803FF              400
        MEDIUMCONST      002600-00FEC5             D8C6
                         012FBA-012FBB                2
                         012FE2-012FE3                2
                         01300A-01300B                2
                         013056-013057                2
                         013379-013379                1
                         01337E-01337F                2
                         013390-01FFFF             CC70
        RAM              0005F0-0005FF               10
                         0008D9-0008FF               27
                         0009C3-0009FF               3D
                         000F00-0025FF              100
        SFR              000000-0004FF              100
        SMALLCONST       002600-00FEC5              100
                         012FBA-012FBB                2
                         012FE2-012FE3                2
                         01300A-01300B                2
                         013056-013057                2
                         013379-013379                1
                         01337E-01337F                2
                         013390-01FFFF              100
        STACK            000F00-0025FF             1700

                                  Symbol Table

?___aodiv                                      cstackCOMRAM 000506
?___aomod                                      cstackCOMRAM 000506
?___flmul                                      cstackCOMRAM 000514
?___fltol                                      cstackCOMRAM 00052D
?___xxtofl                                     cstackCOMRAM 000506
?_abs                                          cstackCOMRAM 000518
?_dtoa                                         cstackCOMRAM 000521
?_pad                                          cstackCOMRAM 000516
?_sprintf                                      cstackBANK5  000570
?_stoa                                         cstackCOMRAM 00050F
?_strlen                                       cstackCOMRAM 000506
?_vfpfcnvrt                                    cstackCOMRAM 000545
?_vfprintf                                     cstackBANK5  00056A
DMA1_SetSCNTIInterruptHandler@InterruptHandler cstackCOMRAM 000506
DMA2_SetDCNTIInterruptHandler@InterruptHandler cstackCOMRAM 000506
INTERRUPT_Initialize@state                     cstackCOMRAM 000506
IVTBASEH                                       (abs)        00045E
IVTBASEL                                       (abs)        00045D
IVTBASEU                                       (abs)        00045F
SPI1_ExchangeBlock@block                       cstackCOMRAM 000506
SPI1_ExchangeBlock@blockSize                   cstackCOMRAM 000508
SPI1_ExchangeBlock@data                        cstackCOMRAM 00050A
SPI1_ExchangeByte@data                         cstackCOMRAM 000506
StartTimer@count                               cstackCOMRAM 000506
StartTimer@timer                               cstackCOMRAM 00050A
TMR5_ISR@CountCallBack                         bssBANK5     0005D7
TMR5_SetInterruptHandler@InterruptHandler      cstackCOMRAM 000506
TMR5_WriteTimer@timerVal                       cstackCOMRAM 000501
TMR6_DefaultInterruptHandler@i                 bssBANK5     0005E8
TMR6_SetInterruptHandler@InterruptHandler      cstackCOMRAM 000506
TimerDone@td                                   cstackCOMRAM 000509
TimerDone@timer                                cstackCOMRAM 000508
UART1_Read@readValue                           cstackCOMRAM 000506
UART1_SetErrorHandler@interruptHandler         cstackCOMRAM 000506
UART1_SetFramingErrorHandler@interruptHandler  cstackCOMRAM 000506
UART1_SetOverrunErrorHandler@interruptHandler  cstackCOMRAM 000506
UART1_SetRxInterruptHandler@InterruptHandler   cstackCOMRAM 000506
UART1_SetTxInterruptHandler@InterruptHandler   cstackCOMRAM 000506
UART1_Write@txData                             cstackCOMRAM 000506
UART2_Read@readValue                           cstackCOMRAM 000506
UART2_SetErrorHandler@interruptHandler         cstackCOMRAM 000506
UART2_SetFramingErrorHandler@interruptHandler  cstackCOMRAM 000506
UART2_SetOverrunErrorHandler@interruptHandler  cstackCOMRAM 000506
UART2_SetRxInterruptHandler@InterruptHandler   cstackCOMRAM 000506
UART2_SetTxInterruptHandler@InterruptHandler   cstackCOMRAM 000506
UART2_Write@txData                             cstackCOMRAM 000506
_ACTCON                                        (abs)        0000AC
_ANSELA                                        (abs)        000400
_ANSELB                                        (abs)        000408
_ANSELC                                        (abs)        000410
_ANSELD                                        (abs)        000418
_ANSELE                                        (abs)        000420
_CLKRCLK                                       (abs)        00003A
_CLKRCON                                       (abs)        000039
_CLKREF_Initialize                             text81       013352
_DMA1_DMASCNTI_ISR                             text107      012FE4
_DMA1_DefaultInterruptHandler                  text108      01338C
_DMA1_Initialize                               text79       012872
_DMA1_SCNTI_InterruptHandler                   bssBANK5     0005AF
_DMA1_SetSCNTIInterruptHandler                 text80       013322
_DMA2_DCNTI_InterruptHandler                   bssBANK5     0005AC
_DMA2_DMADCNTI_ISR                             text109      01300C
_DMA2_DefaultInterruptHandler                  text110      01338E
_DMA2_Initialize                               text77       012818
_DMA2_SetDCNTIInterruptHandler                 text78       013314
_DMA2_StopTransfer                             text82       01333C
_DMASELECT                                     (abs)        0000E8
_DMAnAIRQ                                      (abs)        0000FE
_DMAnCON0                                      (abs)        0000FC
_DMAnCON0bits                                  (abs)        0000FC
_DMAnCON1                                      (abs)        0000FD
_DMAnDSA                                       (abs)        0000F0
_DMAnDSZ                                       (abs)        0000EE
_DMAnSIRQ                                      (abs)        0000FF
_DMAnSSA                                       (abs)        0000F9
_DMAnSSZ                                       (abs)        0000F7
_Default_ISR                                   text83       013380
_GIE                                           (abs)        0026B7
_INLVLA                                        (abs)        000404
_INLVLB                                        (abs)        00040C
_INLVLC                                        (abs)        000414
_INLVLD                                        (abs)        00041C
_INLVLE                                        (abs)        000424
_INTCON0bits                                   (abs)        0004D6
_INTERRUPT_Initialize                          text76       012A60
_IPR15bits                                     (abs)        000371
_IPR2bits                                      (abs)        000364
_IPR4bits                                      (abs)        000366
_IPR6bits                                      (abs)        000368
_IPR8bits                                      (abs)        00036A
_IVTBASEH                                      (abs)        00045E
_IVTBASEL                                      (abs)        00045D
_IVTBASEU                                      (abs)        00045F
_IVTLOCK                                       (abs)        000459
_IVTLOCKbits                                   (abs)        000459
_LATA                                          (abs)        0004BE
_LATB                                          (abs)        0004BF
_LATC                                          (abs)        0004C0
_LATCbits                                      (abs)        0004C0
_LATD                                          (abs)        0004C1
_LATDbits                                      (abs)        0004C1
_LATE                                          (abs)        0004C2
_LATEbits                                      (abs)        0004C2
_ODCONA                                        (abs)        000402
_ODCONB                                        (abs)        00040A
_ODCONC                                        (abs)        000412
_ODCOND                                        (abs)        00041A
_ODCONE                                        (abs)        000422
_OSCCON1                                       (abs)        0000AD
_OSCCON3                                       (abs)        0000AF
_OSCEN                                         (abs)        0000B3
_OSCFRQ                                        (abs)        0000B1
_OSCILLATOR_Initialize                         text75       01314C
_OSCTUNE                                       (abs)        0000B0
_PIE15bits                                     (abs)        0004AD
_PIE2bits                                      (abs)        0004A0
_PIE4bits                                      (abs)        0004A2
_PIE6bits                                      (abs)        0004A4
_PIE8bits                                      (abs)        0004A6
_PIN_MANAGER_Initialize                        text74       011F88
_PIR15bits                                     (abs)        0004BD
_PIR2bits                                      (abs)        0004B0
_PIR3bits                                      (abs)        0004B1
_PIR6bits                                      (abs)        0004B4
_PIR8bits                                      (abs)        0004B6
_PLLR                                          (abs)        000590
_PMD0                                          (abs)        000060
_PMD1                                          (abs)        000061
_PMD3                                          (abs)        000063
_PMD4                                          (abs)        000064
_PMD5                                          (abs)        000065
_PMD6                                          (abs)        000066
_PMD7                                          (abs)        000067
_PMD8                                          (abs)        000068
_PMD_Initialize                                text73       013032
_PORTAbits                                     (abs)        0004CE
_PRLOCK                                        (abs)        0000B4
_PRLOCKbits                                    (abs)        0000B4
_RB1I2C                                        (abs)        000289
_RB2I2C                                        (abs)        000288
_RB6PPS                                        (abs)        00020F
_RC3I2C                                        (abs)        000287
_RC3PPS                                        (abs)        000214
_RC4I2C                                        (abs)        000286
_RC5PPS                                        (abs)        000216
_RC6PPS                                        (abs)        000217
_S                                             dataBANK6    0006D4
_SLRCONA                                       (abs)        000403
_SLRCONB                                       (abs)        00040B
_SLRCONC                                       (abs)        000413
_SLRCOND                                       (abs)        00041B
_SLRCONE                                       (abs)        000423
_SPI1BAUD                                      (abs)        000089
_SPI1CLK                                       (abs)        00008C
_SPI1CON0                                      (abs)        000084
_SPI1CON0bits                                  (abs)        000084
_SPI1CON1                                      (abs)        000085
_SPI1CON2                                      (abs)        000086
_SPI1RXB                                       (abs)        000080
_SPI1SCKPPS                                    (abs)        00026A
_SPI1SDIPPS                                    (abs)        00026B
_SPI1STATUSbits                                (abs)        000087
_SPI1TCNTL                                     (abs)        000082
_SPI1TXB                                       (abs)        000081
_SPI1_ExchangeBlock                            text31       012AAC
_SPI1_ExchangeByte                             text44       0131DE
_SPI1_Initialize                               text72       0131C4
_SYSTEM_Initialize                             text52       012C8A
_StartTimer                                    text40       012E88
_SystemArbiter_Initialize                      text71       013330
_T2CLKCON                                      (abs)        000326
_T2CON                                         (abs)        000324
_T2HLT                                         (abs)        000325
_T2PR                                          (abs)        000323
_T2RST                                         (abs)        000327
_T2TMR                                         (abs)        000322
_T5CLK                                         (abs)        000339
_T5CON                                         (abs)        000336
_T5CONbits                                     (abs)        000336
_T5GATE                                        (abs)        000338
_T5GCON                                        (abs)        000337
_T6CLKCON                                      (abs)        00033E
_T6CON                                         (abs)        00033C
_T6HLT                                         (abs)        00033D
_T6PR                                          (abs)        00033B
_T6RST                                         (abs)        00033F
_T6TMR                                         (abs)        00033A
_TMR2_Initialize                               text70       01318A
_TMR5H                                         (abs)        000335
_TMR5L                                         (abs)        000334
_TMR5_CallBack                                 text86       0130E8
_TMR5_DefaultInterruptHandler                  text87       013382
_TMR5_ISR                                      text84       012E58
_TMR5_Initialize                               text68       012AF6
_TMR5_InterruptHandler                         bssBANK5     0005BE
_TMR5_SetInterruptHandler                      text69       013306
_TMR5_WriteTimer                               text85       012F94
_TMR6_DefaultInterruptHandler                  text98       012D06
_TMR6_ISR                                      text97       012FBC
_TMR6_Initialize                               text66       012EB6
_TMR6_InterruptHandler                         bssBANK5     0005B2
_TMR6_SetInterruptHandler                      text67       0132F8
_TRISA                                         (abs)        0004C6
_TRISB                                         (abs)        0004C7
_TRISC                                         (abs)        0004C8
_TRISCbits                                     (abs)        0004C8
_TRISD                                         (abs)        0004C9
_TRISE                                         (abs)        0004CA
_TimerDone                                     text39       012F6C
_U1BRGH                                        (abs)        0002AF
_U1BRGL                                        (abs)        0002AE
_U1CON0                                        (abs)        0002AB
_U1CON1                                        (abs)        0002AC
_U1CON2                                        (abs)        0002AD
_U1ERRIE                                       (abs)        0002B3
_U1ERRIR                                       (abs)        0002B2
_U1ERRIRbits                                   (abs)        0002B2
_U1FIFO                                        (abs)        0002B0
_U1P1H                                         (abs)        0002A6
_U1P1L                                         (abs)        0002A5
_U1P2H                                         (abs)        0002A8
_U1P2L                                         (abs)        0002A7
_U1P3H                                         (abs)        0002AA
_U1P3L                                         (abs)        0002A9
_U1RXB                                         (abs)        0002A1
_U1RXPPS                                       (abs)        000272
_U1TXB                                         (abs)        0002A3
_U1UIR                                         (abs)        0002B1
_U2BRGH                                        (abs)        0002C2
_U2BRGL                                        (abs)        0002C1
_U2CON0                                        (abs)        0002BE
_U2CON1                                        (abs)        0002BF
_U2CON2                                        (abs)        0002C0
_U2ERRIE                                       (abs)        0002C6
_U2ERRIR                                       (abs)        0002C5
_U2ERRIRbits                                   (abs)        0002C5
_U2FIFO                                        (abs)        0002C3
_U2P1L                                         (abs)        0002B8
_U2P2L                                         (abs)        0002BA
_U2P3L                                         (abs)        0002BC
_U2RXB                                         (abs)        0002B4
_U2RXPPS                                       (abs)        000274
_U2TXB                                         (abs)        0002B6
_U2UIR                                         (abs)        0002C4
_UART1_DefaultErrorHandler                     text105      013370
_UART1_DefaultFramingErrorHandler              text104      01338A
_UART1_DefaultOverrunErrorHandler              text103      013388
_UART1_ErrorHandler                            bssBANK6     0006AB
_UART1_FramingErrorHandler                     bssBANK6     0006B1
_UART1_Initialize                              text60       0120FE
_UART1_OverrunErrorHandler                     bssBANK6     0006AE
_UART1_Read                                    text38       012BCA
_UART1_Receive_ISR                             text102      0123AA
_UART1_RxDataHandler                           text106      01310A
_UART1_RxInterruptHandler                      bssBANK5     0005C4
_UART1_SetErrorHandler                         text65       0132EA
_UART1_SetFramingErrorHandler                  text64       0132DC
_UART1_SetOverrunErrorHandler                  text63       0132CE
_UART1_SetRxInterruptHandler                   text62       0132C0
_UART1_SetTxInterruptHandler                   text61       0132B2
_UART1_Transmit_ISR                            text100      012F12
_UART1_TxInterruptHandler                      bssBANK5     0005C1
_UART1_Write                                   text21       012C0C
_UART1_is_rx_ready                             text37       013250
_UART1_is_tx_ready                             text20       013234
_UART1_rx_vect_isr                             text101      0130C4
_UART1_tx_vect_isr                             text99       0130A0
_UART2_DefaultErrorHandler                     text95       01336A
_UART2_DefaultFramingErrorHandler              text94       013386
_UART2_DefaultOverrunErrorHandler              text93       013384
_UART2_ErrorHandler                            bssBANK5     0005B5
_UART2_FramingErrorHandler                     bssBANK5     0005BB
_UART2_Initialize                              text54       012260
_UART2_OverrunErrorHandler                     bssBANK5     0005B8
_UART2_Read                                    text36       012B88
_UART2_Receive_ISR                             text92       012308
_UART2_RxDataHandler                           text96       012CC8
_UART2_RxInterruptHandler                      bssBANK5     0005CA
_UART2_SetErrorHandler                         text59       0132A4
_UART2_SetFramingErrorHandler                  text58       013296
_UART2_SetOverrunErrorHandler                  text57       013288
_UART2_SetRxInterruptHandler                   text56       01327A
_UART2_SetTxInterruptHandler                   text55       01326C
_UART2_Transmit_ISR                            text90       012EE4
_UART2_TxInterruptHandler                      bssBANK5     0005C7
_UART2_Write                                   text51       012C4C
_UART2_is_rx_ready                             text35       013242
_UART2_is_tx_ready                             text50       01325E
_UART2_rx_vect_isr                             text91       01307C
_UART2_tx_vect_isr                             text89       013058
_WDTCON0                                       (abs)        000078
_WDTCON1                                       (abs)        000079
_WPUA                                          (abs)        000401
_WPUB                                          (abs)        000409
_WPUC                                          (abs)        000411
_WPUD                                          (abs)        000419
_WPUE                                          (abs)        000421
_WWDT_Initialize                               text53       013348
__HRAM                                         (abs)        000000
__Habs1                                        abs1         000000
__Hbank10                                      bank10       000000
__Hbank11                                      bank11       000000
__Hbank12                                      bank12       000000
__Hbank13                                      bank13       000000
__Hbank14                                      bank14       000000
__Hbank15                                      bank15       000000
__Hbank16                                      bank16       000000
__Hbank17                                      bank17       000000
__Hbank18                                      bank18       000000
__Hbank19                                      bank19       000000
__Hbank20                                      bank20       000000
__Hbank21                                      bank21       000000
__Hbank22                                      bank22       000000
__Hbank23                                      bank23       000000
__Hbank24                                      bank24       000000
__Hbank25                                      bank25       000000
__Hbank26                                      bank26       000000
__Hbank27                                      bank27       000000
__Hbank28                                      bank28       000000
__Hbank29                                      bank29       000000
__Hbank30                                      bank30       000000
__Hbank31                                      bank31       000000
__Hbank32                                      bank32       000000
__Hbank33                                      bank33       000000
__Hbank34                                      bank34       000000
__Hbank35                                      bank35       000000
__Hbank36                                      bank36       000000
__Hbank37                                      bank37       000000
__Hbank5                                       bank5        000000
__Hbank6                                       bank6        000000
__Hbank7                                       bank7        000000
__Hbank8                                       bank8        000000
__Hbank9                                       bank9        000000
__Hbigbss                                      bigbss       000000
__Hbigdata                                     bigdata      000000
__Hbigram                                      bigram       000000
__Hbss                                         bss          000000
__HbssBANK10                                   bssBANK10    000000
__HbssBANK5                                    bssBANK5     000000
__HbssBANK6                                    bssBANK6     000000
__HbssBANK7                                    bssBANK7     000000
__HbssBANK8                                    bssBANK8     000000
__HbssBANK9                                    bssBANK9     000000
__HbssCOMRAM                                   bssCOMRAM    000000
__Hcinit                                       cinit        000000
__Hclrtext                                     clrtext      000000
__Hcomram                                      comram       000000
__Hconfig                                      config       30000A
__Hconst                                       const        000000
__HcstackBANK5                                 cstackBANK5  000000
__HcstackBANK8                                 cstackBANK8  000000
__HcstackCOMRAM                                cstackCOMRAM 000000
__Hdata                                        data         000000
__HdataBANK5                                   dataBANK5    000000
__HdataBANK6                                   dataBANK6    000000
__HdataBIGRAM                                  dataBIGRAM   000000
__Heeprom_data                                 eeprom_data  000000
__Hfarbss                                      farbss       000000
__Hfardata                                     fardata      000000
__Hibigdata                                    ibigdata     000000
__Hidata                                       idata        000000
__HidataBANK5                                  idataBANK5   000000
__HidataBANK6                                  idataBANK6   000000
__HidataBIGRAM                                 idataBIGRAM  000000
__Hidloc                                       idloc        200020
__Hifardata                                    ifardata     000000
__Hinit                                        init         000106
__Hintsave_regs                                intsave_regs 000000
__Hirdata                                      irdata       000000
__Hivt0x8                                      ivt0x8       000102
__Hmediumconst                                 mediumconst  010000
__HnvFARRAM                                    nvFARRAM     000000
__Hnvbit                                       nvbit        000000
__Hnvrram                                      nvrram       000000
__Hparam                                       rparam       000000
__Hpowerup                                     powerup      000000
__Hram                                         ram          000000
__Hramtop                                      ramtop       002600
__Hrbit                                        rbit         000000
__Hrbss                                        rbss         000000
__Hrdata                                       rdata        000000
__Hreset_vec                                   reset_vec    000004
__Hrparam                                      rparam       000000
__Hsfr                                         sfr          000000
__Hsmallconst                                  smallconst   000000
__Hspace_0                                     (abs)        013390
__Hspace_1                                     (abs)        000F00
__Hspace_2                                     (abs)        000000
__Hspace_4                                     (abs)        60000A
__Hstack                                       stack        000000
__Hstruct                                      struct       000000
__Htemp                                        temp         000000
__Htext                                        text         000000
__Htext0                                       text0        000000
__Htext1                                       text1        000000
__Htext10                                      text10       000000
__Htext100                                     text100      000000
__Htext101                                     text101      000000
__Htext102                                     text102      000000
__Htext103                                     text103      000000
__Htext104                                     text104      000000
__Htext105                                     text105      000000
__Htext106                                     text106      000000
__Htext107                                     text107      000000
__Htext108                                     text108      000000
__Htext109                                     text109      000000
__Htext11                                      text11       000000
__Htext110                                     text110      000000
__Htext111                                     text111      000000
__Htext12                                      text12       000000
__Htext13                                      text13       000000
__Htext14                                      text14       000000
__Htext15                                      text15       000000
__Htext16                                      text16       000000
__Htext17                                      text17       000000
__Htext18                                      text18       000000
__Htext19                                      text19       000000
__Htext2                                       text2        000000
__Htext20                                      text20       000000
__Htext21                                      text21       000000
__Htext22                                      text22       000000
__Htext23                                      text23       000000
__Htext24                                      text24       000000
__Htext25                                      text25       000000
__Htext26                                      text26       000000
__Htext27                                      text27       000000
__Htext28                                      text28       000000
__Htext29                                      text29       000000
__Htext3                                       text3        000000
__Htext30                                      text30       000000
__Htext31                                      text31       000000
__Htext32                                      text32       000000
__Htext33                                      text33       000000
__Htext34                                      text34       000000
__Htext35                                      text35       000000
__Htext36                                      text36       000000
__Htext37                                      text37       000000
__Htext38                                      text38       000000
__Htext39                                      text39       000000
__Htext4                                       text4        000000
__Htext40                                      text40       000000
__Htext41                                      text41       000000
__Htext42                                      text42       000000
__Htext43                                      text43       000000
__Htext44                                      text44       000000
__Htext45                                      text45       000000
__Htext46                                      text46       000000
__Htext47                                      text47       000000
__Htext48                                      text48       000000
__Htext49                                      text49       000000
__Htext5                                       text5        000000
__Htext50                                      text50       000000
__Htext51                                      text51       000000
__Htext52                                      text52       000000
__Htext53                                      text53       000000
__Htext54                                      text54       000000
__Htext55                                      text55       000000
__Htext56                                      text56       000000
__Htext57                                      text57       000000
__Htext58                                      text58       000000
__Htext59                                      text59       000000
__Htext6                                       text6        000000
__Htext60                                      text60       000000
__Htext61                                      text61       000000
__Htext62                                      text62       000000
__Htext63                                      text63       000000
__Htext64                                      text64       000000
__Htext65                                      text65       000000
__Htext66                                      text66       000000
__Htext67                                      text67       000000
__Htext68                                      text68       000000
__Htext69                                      text69       000000
__Htext7                                       text7        000000
__Htext70                                      text70       000000
__Htext71                                      text71       000000
__Htext72                                      text72       000000
__Htext73                                      text73       000000
__Htext74                                      text74       000000
__Htext75                                      text75       000000
__Htext76                                      text76       000000
__Htext77                                      text77       000000
__Htext78                                      text78       000000
__Htext79                                      text79       000000
__Htext8                                       text8        000000
__Htext80                                      text80       000000
__Htext81                                      text81       000000
__Htext82                                      text82       000000
__Htext83                                      text83       000000
__Htext84                                      text84       000000
__Htext85                                      text85       000000
__Htext86                                      text86       000000
__Htext87                                      text87       000000
__Htext88                                      text88       000000
__Htext89                                      text89       000000
__Htext9                                       text9        000000
__Htext90                                      text90       000000
__Htext91                                      text91       000000
__Htext92                                      text92       000000
__Htext93                                      text93       000000
__Htext94                                      text94       000000
__Htext95                                      text95       000000
__Htext96                                      text96       000000
__Htext97                                      text97       000000
__Htext98                                      text98       000000
__Htext99                                      text99       000000
__LRAM                                         (abs)        000001
__Labs1                                        abs1         000000
__Lbank10                                      bank10       000000
__Lbank11                                      bank11       000000
__Lbank12                                      bank12       000000
__Lbank13                                      bank13       000000
__Lbank14                                      bank14       000000
__Lbank15                                      bank15       000000
__Lbank16                                      bank16       000000
__Lbank17                                      bank17       000000
__Lbank18                                      bank18       000000
__Lbank19                                      bank19       000000
__Lbank20                                      bank20       000000
__Lbank21                                      bank21       000000
__Lbank22                                      bank22       000000
__Lbank23                                      bank23       000000
__Lbank24                                      bank24       000000
__Lbank25                                      bank25       000000
__Lbank26                                      bank26       000000
__Lbank27                                      bank27       000000
__Lbank28                                      bank28       000000
__Lbank29                                      bank29       000000
__Lbank30                                      bank30       000000
__Lbank31                                      bank31       000000
__Lbank32                                      bank32       000000
__Lbank33                                      bank33       000000
__Lbank34                                      bank34       000000
__Lbank35                                      bank35       000000
__Lbank36                                      bank36       000000
__Lbank37                                      bank37       000000
__Lbank5                                       bank5        000000
__Lbank6                                       bank6        000000
__Lbank7                                       bank7        000000
__Lbank8                                       bank8        000000
__Lbank9                                       bank9        000000
__Lbigbss                                      bigbss       000000
__Lbigdata                                     bigdata      000000
__Lbigram                                      bigram       000000
__Lbss                                         bss          000000
__LbssBANK10                                   bssBANK10    000000
__LbssBANK5                                    bssBANK5     000000
__LbssBANK6                                    bssBANK6     000000
__LbssBANK7                                    bssBANK7     000000
__LbssBANK8                                    bssBANK8     000000
__LbssBANK9                                    bssBANK9     000000
__LbssCOMRAM                                   bssCOMRAM    000000
__Lcinit                                       cinit        000000
__Lclrtext                                     clrtext      000000
__Lcomram                                      comram       000000
__Lconfig                                      config       000000
__Lconst                                       const        000000
__LcstackBANK5                                 cstackBANK5  000000
__LcstackBANK8                                 cstackBANK8  000000
__LcstackCOMRAM                                cstackCOMRAM 000000
__Ldata                                        data         000000
__LdataBANK5                                   dataBANK5    000000
__LdataBANK6                                   dataBANK6    000000
__LdataBIGRAM                                  dataBIGRAM   000000
__Leeprom_data                                 eeprom_data  000000
__Lfarbss                                      farbss       000000
__Lfardata                                     fardata      000000
__Libigdata                                    ibigdata     000000
__Lidata                                       idata        000000
__LidataBANK5                                  idataBANK5   000000
__LidataBANK6                                  idataBANK6   000000
__LidataBIGRAM                                 idataBIGRAM  000000
__Lidloc                                       idloc        000000
__Lifardata                                    ifardata     000000
__Linit                                        init         000102
__Lintsave_regs                                intsave_regs 000000
__Lirdata                                      irdata       000000
__Livt0x8                                      ivt0x8       000008
__Lmediumconst                                 mediumconst  00FEC6
__LnvFARRAM                                    nvFARRAM     000000
__Lnvbit                                       nvbit        000000
__Lnvrram                                      nvrram       000000
__Lparam                                       rparam       000000
__Lpowerup                                     powerup      000000
__Lram                                         ram          000000
__Lramtop                                      ramtop       002600
__Lrbit                                        rbit         000000
__Lrbss                                        rbss         000000
__Lrdata                                       rdata        000000
__Lreset_vec                                   reset_vec    000000
__Lrparam                                      rparam       000000
__Lsfr                                         sfr          000000
__Lsmallconst                                  smallconst   000000
__Lspace_0                                     (abs)        000000
__Lspace_1                                     (abs)        000000
__Lspace_2                                     (abs)        000000
__Lspace_4                                     (abs)        000000
__Lstack                                       stack        000000
__Lstruct                                      struct       000000
__Ltemp                                        temp         000000
__Ltext                                        text         000000
__Ltext0                                       text0        000000
__Ltext1                                       text1        000000
__Ltext10                                      text10       000000
__Ltext100                                     text100      000000
__Ltext101                                     text101      000000
__Ltext102                                     text102      000000
__Ltext103                                     text103      000000
__Ltext104                                     text104      000000
__Ltext105                                     text105      000000
__Ltext106                                     text106      000000
__Ltext107                                     text107      000000
__Ltext108                                     text108      000000
__Ltext109                                     text109      000000
__Ltext11                                      text11       000000
__Ltext110                                     text110      000000
__Ltext111                                     text111      000000
__Ltext12                                      text12       000000
__Ltext13                                      text13       000000
__Ltext14                                      text14       000000
__Ltext15                                      text15       000000
__Ltext16                                      text16       000000
__Ltext17                                      text17       000000
__Ltext18                                      text18       000000
__Ltext19                                      text19       000000
__Ltext2                                       text2        000000
__Ltext20                                      text20       000000
__Ltext21                                      text21       000000
__Ltext22                                      text22       000000
__Ltext23                                      text23       000000
__Ltext24                                      text24       000000
__Ltext25                                      text25       000000
__Ltext26                                      text26       000000
__Ltext27                                      text27       000000
__Ltext28                                      text28       000000
__Ltext29                                      text29       000000
__Ltext3                                       text3        000000
__Ltext30                                      text30       000000
__Ltext31                                      text31       000000
__Ltext32                                      text32       000000
__Ltext33                                      text33       000000
__Ltext34                                      text34       000000
__Ltext35                                      text35       000000
__Ltext36                                      text36       000000
__Ltext37                                      text37       000000
__Ltext38                                      text38       000000
__Ltext39                                      text39       000000
__Ltext4                                       text4        000000
__Ltext40                                      text40       000000
__Ltext41                                      text41       000000
__Ltext42                                      text42       000000
__Ltext43                                      text43       000000
__Ltext44                                      text44       000000
__Ltext45                                      text45       000000
__Ltext46                                      text46       000000
__Ltext47                                      text47       000000
__Ltext48                                      text48       000000
__Ltext49                                      text49       000000
__Ltext5                                       text5        000000
__Ltext50                                      text50       000000
__Ltext51                                      text51       000000
__Ltext52                                      text52       000000
__Ltext53                                      text53       000000
__Ltext54                                      text54       000000
__Ltext55                                      text55       000000
__Ltext56                                      text56       000000
__Ltext57                                      text57       000000
__Ltext58                                      text58       000000
__Ltext59                                      text59       000000
__Ltext6                                       text6        000000
__Ltext60                                      text60       000000
__Ltext61                                      text61       000000
__Ltext62                                      text62       000000
__Ltext63                                      text63       000000
__Ltext64                                      text64       000000
__Ltext65                                      text65       000000
__Ltext66                                      text66       000000
__Ltext67                                      text67       000000
__Ltext68                                      text68       000000
__Ltext69                                      text69       000000
__Ltext7                                       text7        000000
__Ltext70                                      text70       000000
__Ltext71                                      text71       000000
__Ltext72                                      text72       000000
__Ltext73                                      text73       000000
__Ltext74                                      text74       000000
__Ltext75                                      text75       000000
__Ltext76                                      text76       000000
__Ltext77                                      text77       000000
__Ltext78                                      text78       000000
__Ltext79                                      text79       000000
[...]
		None
 Return value:  Size  Location     Type
                  1    wreg      void 
 Registers used:
		wreg, fsr2l, fsr2h, status,2, status,0
 Tracked objects:
		On entry : 
		On exit  : 
		Unchanged: 
 Data sizes:     COMRAM   BANK5   BANK6   BANK7   BANK8   BANK9  BANK10  BANK11  BANK12  BANK13  BANK14  BANK15  BANK16  BANK17  BANK18  BANK19  BANK20  BANK21  BANK22  BANK23  BANK24  BANK25  BANK26  BANK27  BANK28  BANK29  BANK30  BANK31  BANK32  BANK33  BANK34  BANK35  BANK36  BANK37
      Params:         0       0       0       0       0       0       0       0       0       0       0       0       0       0       0       0       0       0       0       0       0       0       0       0       0       0       0       0       0       0       0       0       0       0
      Locals:         0       0       0       0       0       0       0       0       0       0       0       0       0       0       0       0       0       0       0       0       0       0       0       0       0       0       0       0       0       0       0       0       0       0
      Temps:          0       0       0       0       0       0       0       0       0       0       0       0       0       0       0       0       0       0       0       0       0       0       0       0       0       0       0       0       0       0       0       0       0       0
      Totals:         0       0       0       0       0       0       0       0       0       0       0       0       0       0       0       0       0       0       0       0       0       0       0       0       0       0       0       0       0       0       0       0       0       0
Total ram usage:        0 bytes
 Hardware stack levels used:    1
 This function calls:
		Nothing
 This function is called by:
		_UART1_Receive_ISR
		_UART1_DefaultErrorHandler
 This function uses a non-reentrant model


 *************** function _DMA1_DMASCNTI_ISR *****************
 Defined at:
		line 184 in file "mcc_generated_files/dma1.c"
 Parameters:    Size  Location     Type
		None
 Auto vars:     Size  Location     Type
		None
 Return value:  Size  Location     Type
                  1    wreg      void 
 Registers used:
		wreg, status,2, status,0, pclath, tosl, cstack
 Tracked objects:
		On entry : 
		On exit  : 
		Unchanged: 
 Data sizes:     COMRAM   BANK5   BANK6   BANK7   BANK8   BANK9  BANK10  BANK11  BANK12  BANK13  BANK14  BANK15  BANK16  BANK17  BANK18  BANK19  BANK20  BANK21  BANK22  BANK23  BANK24  BANK25  BANK26  BANK27  BANK28  BANK29  BANK30  BANK31  BANK32  BANK33  BANK34  BANK35  BANK36  BANK37
      Params:         0       0       0       0       0       0       0       0       0       0       0       0       0       0       0       0       0       0       0       0       0       0       0       0       0       0       0       0       0       0       0       0       0       0
      Locals:         0       0       0       0       0       0       0       0       0       0       0       0       0       0       0       0       0       0       0       0       0       0       0       0       0       0       0       0       0       0       0       0       0       0
      Temps:          0       0       0       0       0       0       0       0       0       0       0       0       0       0       0       0       0       0       0       0       0       0       0       0       0       0       0       0       0       0       0       0       0       0
      Totals:         0       0       0       0       0       0       0       0       0       0       0       0       0       0       0       0       0       0       0       0       0       0       0       0       0       0       0       0       0       0       0       0       0       0
Total ram usage:        0 bytes
 Hardware stack levels used:    1
 Hardware stack levels required when called:    1
 This function calls:
		Absolute function
		_DMA1_DefaultInterruptHandler
 This function is called by:
		Interrupt level 2
 This function uses a non-reentrant model


 *************** function _DMA1_DefaultInterruptHandler *****************
 Defined at:
		line 198 in file "mcc_generated_files/dma1.c"
 Parameters:    Size  Location     Type
		None
 Auto vars:     Size  Location     Type
		None
 Return value:  Size  Location     Type
                  1    wreg      void 
 Registers used:
		None
 Tracked objects:
		On entry : 
		On exit  : 
		Unchanged: 
 Data sizes:     COMRAM   BANK5   BANK6   BANK7   BANK8   BANK9  BANK10  BANK11  BANK12  BANK13  BANK14  BANK15  BANK16  BANK17  BANK18  BANK19  BANK20  BANK21  BANK22  BANK23  BANK24  BANK25  BANK26  BANK27  BANK28  BANK29  BANK30  BANK31  BANK32  BANK33  BANK34  BANK35  BANK36  BANK37
      Params:         0       0       0       0       0       0       0       0       0       0       0       0       0       0       0       0       0       0       0       0       0       0       0       0       0       0       0       0       0       0       0       0       0       0
      Locals:         0       0       0       0       0       0       0       0       0       0       0       0       0       0       0       0       0       0       0       0       0       0       0       0       0       0       0       0       0       0       0       0       0       0
      Temps:          0       0       0       0       0       0       0       0       0       0       0       0       0       0       0       0       0       0       0       0       0       0       0       0       0       0       0       0       0       0       0       0       0       0
      Totals:         0       0       0       0       0       0       0       0       0       0       0       0       0       0       0       0       0       0       0       0       0       0       0       0       0       0       0       0       0       0       0       0       0       0
Total ram usage:        0 bytes
 Hardware stack levels used:    1
 This function calls:
		Nothing
 This function is called by:
		_DMA1_Initialize
		_DMA1_DMASCNTI_ISR
 This function uses a non-reentrant model


 *************** function _DMA2_DMADCNTI_ISR *****************
 Defined at:
		line 184 in file "mcc_generated_files/dma2.c"
 Parameters:    Size  Location     Type
		None
 Auto vars:     Size  Location     Type
		None
 Return value:  Size  Location     Type
                  1    wreg      void 
 Registers used:
		wreg, status,2, status,0, pclath, tosl, cstack
 Tracked objects:
		On entry : 
		On exit  : 
		Unchanged: 
 Data sizes:     COMRAM   BANK5   BANK6   BANK7   BANK8   BANK9  BANK10  BANK11  BANK12  BANK13  BANK14  BANK15  BANK16  BANK17  BANK18  BANK19  BANK20  BANK21  BANK22  BANK23  BANK24  BANK25  BANK26  BANK27  BANK28  BANK29  BANK30  BANK31  BANK32  BANK33  BANK34  BANK35  BANK36  BANK37
      Params:         0       0       0       0       0       0       0       0       0       0       0       0       0       0       0       0       0       0       0       0       0       0       0       0       0       0       0       0       0       0       0       0       0       0
      Locals:         0       0       0       0       0       0       0       0       0       0       0       0       0       0       0       0       0       0       0       0       0       0       0       0       0       0       0       0       0       0       0       0       0       0
      Temps:          0       0       0       0       0       0       0       0       0       0       0       0       0       0       0       0       0       0       0       0       0       0       0       0       0       0       0       0       0       0       0       0       0       0
      Totals:         0       0       0       0       0       0       0       0       0       0       0       0       0       0       0       0       0       0       0       0       0       0       0       0       0       0       0       0       0       0       0       0       0       0
Total ram usage:        0 bytes
 Hardware stack levels used:    1
 Hardware stack levels required when called:    1
 This function calls:
		Absolute function
		_DMA2_DefaultInterruptHandler
 This function is called by:
		Interrupt level 2
 This function uses a non-reentrant model


 *************** function _DMA2_DefaultInterruptHandler *****************
 Defined at:
		line 198 in file "mcc_generated_files/dma2.c"
 Parameters:    Size  Location     Type
		None
 Auto vars:     Size  Location     Type
		None
 Return value:  Size  Location     Type
                  1    wreg      void 
 Registers used:
		None
 Tracked objects:
		On entry : 
		On exit  : 
		Unchanged: 
 Data sizes:     COMRAM   BANK5   BANK6   BANK7   BANK8   BANK9  BANK10  BANK11  BANK12  BANK13  BANK14  BANK15  BANK16  BANK17  BANK18  BANK19  BANK20  BANK21  BANK22  BANK23  BANK24  BANK25  BANK26  BANK27  BANK28  BANK29  BANK30  BANK31  BANK32  BANK33  BANK34  BANK35  BANK36  BANK37
      Params:         0       0       0       0       0       0       0       0       0       0       0       0       0       0       0       0       0       0       0       0       0       0       0       0       0       0       0       0       0       0       0       0       0       0
      Locals:         0       0       0       0       0       0       0       0       0       0       0       0       0       0       0       0       0       0       0       0       0       0       0       0       0       0       0       0       0       0       0       0       0       0
      Temps:          0       0       0       0       0       0       0       0       0       0       0       0       0       0       0       0       0       0       0       0       0       0       0       0       0       0       0       0       0       0       0       0       0       0
      Totals:         0       0       0       0       0       0       0       0       0       0       0       0       0       0       0       0       0       0       0       0       0       0       0       0       0       0       0       0       0       0       0       0       0       0
Total ram usage:        0 bytes
 Hardware stack levels used:    1
 This function calls:
		Nothing
 This function is called by:
		_DMA2_Initialize
		_DMA2_DMADCNTI_ISR
 This function uses a non-reentrant model



MODULE INFORMATION

Module		Function		Class		Link	Load	Size
ringbufs.c
		_ringBufS_init 		CODE           	1316C	0000	31
		_ringBufS_flush		CODE           	128CC	0000	85
		_ringBufS_put_dma_cpy		CODE           	12972	0000	83

ringbufs.c estimated size: 199

mcc_generated_files/uart2.c
		_UART2_is_rx_ready		CODE           	13242	0000	15
		_UART2_is_tx_ready		CODE           	1325E	0000	15
		_UART2_DefaultErrorHandler		CODE           	1336A	0000	7
		_UART2_RxDataHandler		CODE           	12CC8	0000	63
		_UART2_DefaultOverrunErrorHandler		CODE           	13384	0000	3
		_UART2_rx_vect_isr		CODE           	1307C	0000	37
		_UART2_Write   		CODE           	12C4C	0000	63
		_UART2_SetFramingErrorHandler		CODE           	13296	0000	15
		_UART2_SetOverrunErrorHandler		CODE           	13288	0000	15
		_UART2_tx_vect_isr		CODE           	13058	0000	37
		_UART2_Receive_ISR		CODE           	12308	0000	163
		_UART2_SetRxInterruptHandler		CODE           	1327A	0000	15
		_UART2_SetTxInterruptHandler		CODE           	1326C	0000	15
		_UART2_Initialize		CODE           	12260	0000	169
		_UART2_SetErrorHandler		CODE           	132A4	0000	15
		_UART2_Transmit_ISR		CODE           	12EE4	0000	47
		_UART2_Read    		CODE           	12B88	0000	67
		_UART2_DefaultFramingErrorHandler		CODE           	13386	0000	3

mcc_generated_files/uart2.c estimated size: 764

timers.c
		_StartTimer    		CODE           	12E88	0000	47
		_TimerDone     		CODE           	12F6C	0000	41

timers.c estimated size: 88

/opt/microchip/xc8/v2.20/pic/sources/c99/common/fltol.c
		___fltol       		CODE           	12044	0000	187

/opt/microchip/xc8/v2.20/pic/sources/c99/common/fltol.c estimated size: 187

mcc_generated_files/tmr6.c
		_TMR6_ISR      		CODE           	12FBC	0000	39
		_TMR6_Initialize		CODE           	12EB6	0000	47
		_TMR6_SetInterruptHandler		CODE           	132F8	0000	15
		_TMR6_DefaultInterruptHandler		CODE           	12D06	0000	63

mcc_generated_files/tmr6.c estimated size: 164

/opt/microchip/xc8/v2.20/pic/sources/c99/common/nf_sprintf.c
		_sprintf       		CODE           	129C4	0000	79

/opt/microchip/xc8/v2.20/pic/sources/c99/common/nf_sprintf.c estimated size: 79

mcc_generated_files/tmr2.c
		_TMR2_Initialize		CODE           	1318A	0000	31

mcc_generated_files/tmr2.c estimated size: 31

/opt/microchip/xc8/v2.20/pic/sources/c99/common/xxtofl.c
		___xxtofl      		CODE           	11C44	0000	321

/opt/microchip/xc8/v2.20/pic/sources/c99/common/xxtofl.c estimated size: 321

mcc_generated_files/interrupt_manager.c
		_INTERRUPT_Initialize		CODE           	12A60	0000	77
		_Default_ISR   		CODE           	13380	0000	3

mcc_generated_files/interrupt_manager.c estimated size: 80

/opt/microchip/xc8/v2.20/pic/sources/c99/common/strlen.c
		_strlen        		CODE           	12B40	0000	73

/opt/microchip/xc8/v2.20/pic/sources/c99/common/strlen.c estimated size: 73

eadog.c
		_init_display  		CODE           	124E6	0000	155
		_wdtdelay      		CODE           	12D44	0000	61
		_send_lcd_cmd  		CODE           	12D80	0000	59
		_send_lcd_data 		CODE           	1312C	0000	33
		_wait_lcd_set  		CODE           	13364	0000	7
		_eaDogM_WriteStringAtPos		CODE           	1275A	0000	99
		_wait_lcd_done 		CODE           	1335C	0000	9
		_start_lcd     		CODE           	1337C	0000	3
		_eaDogM_WriteString		CODE           	126F6	0000	101

eadog.c estimated size: 527

mcc_generated_files/pin_manager.c
		_PIN_MANAGER_Initialize		CODE           	11F88	0000	189

mcc_generated_files/pin_manager.c estimated size: 189

/opt/microchip/xc8/v2.20/pic/sources/c99/common/memset.c
		_memset        		CODE           	11868	0000	333

/opt/microchip/xc8/v2.20/pic/sources/c99/common/memset.c estimated size: 333

mcc_generated_files/spi1.c
		_SPI1_ExchangeBlock		CODE           	12AAC	0000	75
		_SPI1_Initialize		CODE           	131C4	0000	27
		_SPI1_ExchangeByte		CODE           	131DE	0000	25

mcc_generated_files/spi1.c estimated size: 127

/opt/microchip/xc8/v2.20/pic/sources/c99/common/nf_fputc.c
		_fputc         		CODE           	121B2	0000	175

/opt/microchip/xc8/v2.20/pic/sources/c99/common/nf_fputc.c estimated size: 175

mcc_generated_files/clkref.c
		_CLKREF_Initialize		CODE           	13352	0000	11

mcc_generated_files/clkref.c estimated size: 11

mcc_generated_files/dma1.c
		_DMA1_Initialize		CODE           	12872	0000	91
		_DMA1_SetSCNTIInterruptHandler		CODE           	13322	0000	15
		_DMA1_DefaultInterruptHandler		CODE           	1338C	0000	3
		_DMA1_DMASCNTI_ISR		CODE           	12FE4	0000	39

mcc_generated_files/dma1.c estimated size: 148

/opt/microchip/xc8/v2.20/pic/sources/c99/common/doprnt.c
		_vfpfcnvrt     		CODE           	113CA	0000	599
		_pad           		CODE           	1244C	0000	155
		_dtoa          		CODE           	11620	0000	585
		_vfprintf      		CODE           	127BC	0000	93
		_stoa          		CODE           	119B4	0000	329

/opt/microchip/xc8/v2.20/pic/sources/c99/common/doprnt.c estimated size: 1761

/opt/microchip/xc8/v2.20/pic/sources/c99/common/aomod.c
		___aomod       		CODE           	11D84	0000	293

/opt/microchip/xc8/v2.20/pic/sources/c99/common/aomod.c estimated size: 293

mcc_generated_files/uart1.c
		_UART1_rx_vect_isr		CODE           	130C4	0000	37
		_UART1_Write   		CODE           	12C0C	0000	65
		_UART1_SetFramingErrorHandler		CODE           	132DC	0000	15
		_UART1_SetOverrunErrorHandler		CODE           	132CE	0000	15
		_UART1_tx_vect_isr		CODE           	130A0	0000	37
		_UART1_Receive_ISR		CODE           	123AA	0000	163
		_UART1_SetRxInterruptHandler		CODE           	132C0	0000	15
		_UART1_SetTxInterruptHandler		CODE           	132B2	0000	15
		_UART1_Initialize		CODE           	120FE	0000	181
		_UART1_SetErrorHandler		CODE           	132EA	0000	15
		_UART1_Transmit_ISR		CODE           	12F12	0000	47
		_UART1_Read    		CODE           	12BCA	0000	67
		_UART1_DefaultFramingErrorHandler		CODE           	1338A	0000	3
		_UART1_is_rx_ready		CODE           	13250	0000	15
		_UART1_is_tx_ready		CODE           	13234	0000	15
		_UART1_DefaultErrorHandler		CODE           	13370	0000	7
		_UART1_RxDataHandler		CODE           	1310A	0000	35
		_UART1_DefaultOverrunErrorHandler		CODE           	13388	0000	3

mcc_generated_files/uart1.c estimated size: 750

/opt/microchip/xc8/v2.20/pic/sources/c99/common/abs.c
		_abs           		CODE           	12E26	0000	51

/opt/microchip/xc8/v2.20/pic/sources/c99/common/abs.c estimated size: 51

mcc_generated_files/tmr5.c
		_TMR5_ISR      		CODE           	12E58	0000	49
		_TMR5_Initialize		CODE           	12AF6	0000	75
		_TMR5_SetInterruptHandler		CODE           	13306	0000	15
		_TMR5_DefaultInterruptHandler		CODE           	13382	0000	3
		_TMR5_CallBack 		CODE           	130E8	0000	35
		_TMR5_WriteTimer		CODE           	12F94	0000	39

mcc_generated_files/tmr5.c estimated size: 216

shared
		__initialization		CODE           	11EA8	0000	219
		_build_version 		MEDIUMCONST    	FF92	0000	20
		_elocodes      		MEDIUMCONST    	FF2E	0000	101
		_elocodes_e0   		MEDIUMCONST    	FFBD	0000	13
		_elocodes_e1   		MEDIUMCONST    	FF05	0000	13
		_elocodes_e2   		MEDIUMCONST    	FFB1	0000	13
		_elocodes_e3   		MEDIUMCONST    	FFA5	0000	13
		_elocodes_e4   		MEDIUMCONST    	FEF9	0000	13
		_elocodes_e5   		MEDIUMCONST    	FEED	0000	13
		_elocodes_e6   		MEDIUMCONST    	FEE1	0000	13
		_elocodes_e7   		MEDIUMCONST    	FED5	0000	13
		_elocodes_m_e  		MEDIUMCONST    	FF1D	0000	13
		_elocodes_s_e  		MEDIUMCONST    	FF11	0000	13
		_elocodes_s_v  		MEDIUMCONST    	FEC7	0000	15
		_spi1_configuration		MEDIUMCONST    	0000	0000	0

shared estimated size: 485

mcc_generated_files/mcc.c
		_SystemArbiter_Initialize		CODE           	13330	0000	13
		_PMD_Initialize		CODE           	13032	0000	37
		_OSCILLATOR_Initialize		CODE           	1314C	0000	33
		_SYSTEM_Initialize		CODE           	12C8A	0000	63
		_WWDT_Initialize		CODE           	13348	0000	11

mcc_generated_files/mcc.c estimated size: 157

/opt/microchip/xc8/v2.20/pic/sources/c99/common/putch.c
		_putch         		CODE           	1337A	0000	3

/opt/microchip/xc8/v2.20/pic/sources/c99/common/putch.c estimated size: 3

/opt/microchip/xc8/v2.20/pic/sources/c99/common/memcpy.c
		_memcpy        		CODE           	12A12	0000	79

/opt/microchip/xc8/v2.20/pic/sources/c99/common/memcpy.c estimated size: 79

/opt/microchip/xc8/v2.20/pic/sources/c99/common/sprcmul.c
		___flmul       		CODE           	1107A	0000	849

/opt/microchip/xc8/v2.20/pic/sources/c99/common/sprcmul.c estimated size: 849

main.c
		_rxtx_handler  		CODE           	10000	0000	1617
		_start_delay   		CODE           	131F6	0000	23
		_main          		CODE           	10650	0000	1579
		_led_flash     		CODE           	131A8	0000	29
		_elopacketout  		CODE           	12580	0000	141
		_elocmdout_v80 		CODE           	1260C	0000	135
		_setup_lcd_smartset		CODE           	12920	0000	83
		_putc1         		CODE           	1320C	0000	21
		_eloSScmdout   		CODE           	12DF2	0000	53
		_putc2         		CODE           	13220	0000	21
		_touch_cam     		CODE           	12692	0000	101

main.c estimated size: 3803

/opt/microchip/xc8/v2.20/pic/sources/c99/common/aodiv.c
		___aodiv       		CODE           	11AFC	0000	329

/opt/microchip/xc8/v2.20/pic/sources/c99/common/aodiv.c estimated size: 329

mcc_generated_files/dma2.c
		_DMA2_DMADCNTI_ISR		CODE           	1300C	0000	39
		_DMA2_Initialize		CODE           	12818	0000	91
		_DMA2_SetDCNTIInterruptHandler		CODE           	13314	0000	15
		_DMA2_StopTransfer		CODE           	1333C	0000	13
		_DMA2_DefaultInterruptHandler		CODE           	1338E	0000	3

mcc_generated_files/dma2.c estimated size: 161

/opt/microchip/xc8/v2.20/pic/sources/c99/common/nf_fputs.c
		_fputs         		CODE           	12DBA	0000	57

/opt/microchip/xc8/v2.20/pic/sources/c99/common/nf_fputs.c estimated size: 57

