\BOOKMARK [0][-]{chapter.1}{\376\377\0001\000\040\000D\000a\000t\000a\000\040\000S\000t\000r\000u\000c\000t\000u\000r\000e\000\040\000I\000n\000d\000e\000x}{}% 1
\BOOKMARK [1][-]{section.1.1}{\376\377\0001\000.\0001\000\040\000D\000a\000t\000a\000\040\000S\000t\000r\000u\000c\000t\000u\000r\000e\000s}{chapter.1}% 2
\BOOKMARK [0][-]{chapter.2}{\376\377\0002\000\040\000F\000i\000l\000e\000\040\000I\000n\000d\000e\000x}{}% 3
\BOOKMARK [1][-]{section.2.1}{\376\377\0002\000.\0001\000\040\000F\000i\000l\000e\000\040\000L\000i\000s\000t}{chapter.2}% 4
\BOOKMARK [0][-]{chapter.3}{\376\377\0003\000\040\000D\000a\000t\000a\000\040\000S\000t\000r\000u\000c\000t\000u\000r\000e\000\040\000D\000o\000c\000u\000m\000e\000n\000t\000a\000t\000i\000o\000n}{}% 5
\BOOKMARK [1][-]{section.3.1}{\376\377\0003\000.\0001\000\040\000b\000y\000t\000e\000s\0002\000\040\000U\000n\000i\000o\000n\000\040\000R\000e\000f\000e\000r\000e\000n\000c\000e}{chapter.3}% 6
\BOOKMARK [2][-]{subsection.3.1.1}{\376\377\0003\000.\0001\000.\0001\000\040\000D\000e\000t\000a\000i\000l\000e\000d\000\040\000D\000e\000s\000c\000r\000i\000p\000t\000i\000o\000n}{section.3.1}% 7
\BOOKMARK [2][-]{subsection.3.1.2}{\376\377\0003\000.\0001\000.\0002\000\040\000F\000i\000e\000l\000d\000\040\000D\000o\000c\000u\000m\000e\000n\000t\000a\000t\000i\000o\000n}{section.3.1}% 8
\BOOKMARK [3][-]{subsubsection.3.1.2.1}{\376\377\0003\000.\0001\000.\0002\000.\0001\000\040\000b\000d}{subsection.3.1.2}% 9
\BOOKMARK [3][-]{subsubsection.3.1.2.2}{\376\377\0003\000.\0001\000.\0002\000.\0002\000\040\000l\000d}{subsection.3.1.2}% 10
\BOOKMARK [1][-]{section.3.2}{\376\377\0003\000.\0002\000\040\000C\000\137\000d\000a\000t\000a\000\040\000S\000t\000r\000u\000c\000t\000\040\000R\000e\000f\000e\000r\000e\000n\000c\000e}{chapter.3}% 11
\BOOKMARK [2][-]{subsection.3.2.1}{\376\377\0003\000.\0002\000.\0001\000\040\000D\000e\000t\000a\000i\000l\000e\000d\000\040\000D\000e\000s\000c\000r\000i\000p\000t\000i\000o\000n}{section.3.2}% 12
\BOOKMARK [2][-]{subsection.3.2.2}{\376\377\0003\000.\0002\000.\0002\000\040\000F\000i\000e\000l\000d\000\040\000D\000o\000c\000u\000m\000e\000n\000t\000a\000t\000i\000o\000n}{section.3.2}% 13
\BOOKMARK [3][-]{subsubsection.3.2.2.1}{\376\377\0003\000.\0002\000.\0002\000.\0001\000\040\000b\000a\000n\000k\000\137\000a\000h}{subsection.3.2.2}% 14
\BOOKMARK [3][-]{subsubsection.3.2.2.2}{\376\377\0003\000.\0002\000.\0002\000.\0002\000\040\000b\000c\000\137\000r\000o\000r}{subsection.3.2.2}% 15
\BOOKMARK [3][-]{subsubsection.3.2.2.3}{\376\377\0003\000.\0002\000.\0002\000.\0003\000\040\000b\000k\000w\000i}{subsection.3.2.2}% 16
\BOOKMARK [3][-]{subsubsection.3.2.2.4}{\376\377\0003\000.\0002\000.\0002\000.\0004\000\040\000b\000k\000w\000o}{subsection.3.2.2}% 17
\BOOKMARK [3][-]{subsubsection.3.2.2.5}{\376\377\0003\000.\0002\000.\0002\000.\0005\000\040\000b\000v\000\137\000f\000u\000l\000l\000\137\000l\000o\000a\000d}{subsection.3.2.2}% 18
\BOOKMARK [3][-]{subsubsection.3.2.2.6}{\376\377\0003\000.\0002\000.\0002\000.\0006\000\040\000b\000v\000\137\000n\000o\000l\000o\000a\000d}{subsection.3.2.2}% 19
\BOOKMARK [3][-]{subsubsection.3.2.2.7}{\376\377\0003\000.\0002\000.\0002\000.\0007\000\040\000b\000v\000\137\000o\000n\000e\000\137\000l\000o\000a\000d}{subsection.3.2.2}% 20
\BOOKMARK [3][-]{subsubsection.3.2.2.8}{\376\377\0003\000.\0002\000.\0002\000.\0008\000\040\000b\000v\000\137\000r\000o\000r}{subsection.3.2.2}% 21
\BOOKMARK [3][-]{subsubsection.3.2.2.9}{\376\377\0003\000.\0002\000.\0002\000.\0009\000\040\000c\000\137\000b\000a\000t}{subsection.3.2.2}% 22
\BOOKMARK [3][-]{subsubsection.3.2.2.10}{\376\377\0003\000.\0002\000.\0002\000.\0001\0000\000\040\000c\000\137\000l\000o\000a\000d}{subsection.3.2.2}% 23
\BOOKMARK [3][-]{subsubsection.3.2.2.11}{\376\377\0003\000.\0002\000.\0002\000.\0001\0001\000\040\000c\000\137\000m\000p\000p\000t}{subsection.3.2.2}% 24
\BOOKMARK [3][-]{subsubsection.3.2.2.12}{\376\377\0003\000.\0002\000.\0002\000.\0001\0002\000\040\000c\000\137\000p\000v}{subsection.3.2.2}% 25
\BOOKMARK [3][-]{subsubsection.3.2.2.13}{\376\377\0003\000.\0002\000.\0002\000.\0001\0003\000\040\000c\000a\000l\000c}{subsection.3.2.2}% 26
\BOOKMARK [3][-]{subsubsection.3.2.2.14}{\376\377\0003\000.\0002\000.\0002\000.\0001\0004\000\040\000d\000a\000y}{subsection.3.2.2}% 27
\BOOKMARK [3][-]{subsubsection.3.2.2.15}{\376\377\0003\000.\0002\000.\0002\000.\0001\0005\000\040\000d\000a\000y\000\137\000e\000n\000d}{subsection.3.2.2}% 28
\BOOKMARK [3][-]{subsubsection.3.2.2.16}{\376\377\0003\000.\0002\000.\0002\000.\0001\0006\000\040\000d\000a\000y\000\137\000s\000t\000a\000r\000t}{subsection.3.2.2}% 29
\BOOKMARK [3][-]{subsubsection.3.2.2.17}{\376\377\0003\000.\0002\000.\0002\000.\0001\0007\000\040\000d\000a\000y\000\137\000u\000p\000d\000a\000t\000e}{subsection.3.2.2}% 30
\BOOKMARK [3][-]{subsubsection.3.2.2.18}{\376\377\0003\000.\0002\000.\0002\000.\0001\0008\000\040\000d\000u\000p\000d\000a\000t\000e}{subsection.3.2.2}% 31
\BOOKMARK [3][-]{subsubsection.3.2.2.19}{\376\377\0003\000.\0002\000.\0002\000.\0001\0009\000\040\000d\000y\000n\000a\000m\000i\000c\000\137\000a\000h}{subsection.3.2.2}% 32
\BOOKMARK [3][-]{subsubsection.3.2.2.20}{\376\377\0003\000.\0002\000.\0002\000.\0002\0000\000\040\000d\000y\000n\000a\000m\000i\000c\000\137\000a\000h\000\137\000a\000d\000j}{subsection.3.2.2}% 33
\BOOKMARK [3][-]{subsubsection.3.2.2.21}{\376\377\0003\000.\0002\000.\0002\000.\0002\0001\000\040\000d\000y\000n\000a\000m\000i\000c\000\137\000a\000h\000\137\000a\000d\000j\000\137\000d\000a\000i\000l\000y}{subsection.3.2.2}% 34
\BOOKMARK [3][-]{subsubsection.3.2.2.22}{\376\377\0003\000.\0002\000.\0002\000.\0002\0002\000\040\000d\000y\000n\000a\000m\000i\000c\000\137\000a\000h\000\137\000d\000a\000i\000l\000y}{subsection.3.2.2}% 35
\BOOKMARK [3][-]{subsubsection.3.2.2.23}{\376\377\0003\000.\0002\000.\0002\000.\0002\0003\000\040\000e\000s\000r}{subsection.3.2.2}% 36
\BOOKMARK [3][-]{subsubsection.3.2.2.24}{\376\377\0003\000.\0002\000.\0002\000.\0002\0004\000\040\000h\000i\000s\000t}{subsection.3.2.2}% 37
\BOOKMARK [3][-]{subsubsection.3.2.2.25}{\376\377\0003\000.\0002\000.\0002\000.\0002\0005\000\040\000i\000n\000v\000k\000w}{subsection.3.2.2}% 38
\BOOKMARK [3][-]{subsubsection.3.2.2.26}{\376\377\0003\000.\0002\000.\0002\000.\0002\0006\000\040\000l\000o\000a\000d\000\137\000i\0001}{subsection.3.2.2}% 39
\BOOKMARK [3][-]{subsubsection.3.2.2.27}{\376\377\0003\000.\0002\000.\0002\000.\0002\0007\000\040\000l\000o\000a\000d\000\137\000i\0002}{subsection.3.2.2}% 40
\BOOKMARK [3][-]{subsubsection.3.2.2.28}{\376\377\0003\000.\0002\000.\0002\000.\0002\0008\000\040\000l\000o\000a\000d\000a\000h}{subsection.3.2.2}% 41
\BOOKMARK [3][-]{subsubsection.3.2.2.29}{\376\377\0003\000.\0002\000.\0002\000.\0002\0009\000\040\000l\000o\000a\000d\000k\000w}{subsection.3.2.2}% 42
\BOOKMARK [3][-]{subsubsection.3.2.2.30}{\376\377\0003\000.\0002\000.\0002\000.\0003\0000\000\040\000p\000\137\000b\000a\000t}{subsection.3.2.2}% 43
\BOOKMARK [3][-]{subsubsection.3.2.2.31}{\376\377\0003\000.\0002\000.\0002\000.\0003\0001\000\040\000p\000\137\000i\000n\000v\000e\000r\000t\000e\000r}{subsection.3.2.2}% 44
\BOOKMARK [3][-]{subsubsection.3.2.2.32}{\376\377\0003\000.\0002\000.\0002\000.\0003\0002\000\040\000p\000\137\000l\000o\000a\000d}{subsection.3.2.2}% 45
\BOOKMARK [3][-]{subsubsection.3.2.2.33}{\376\377\0003\000.\0002\000.\0002\000.\0003\0003\000\040\000p\000\137\000m\000p\000p\000t}{subsection.3.2.2}% 46
\BOOKMARK [3][-]{subsubsection.3.2.2.34}{\376\377\0003\000.\0002\000.\0002\000.\0003\0004\000\040\000p\000\137\000p\000v}{subsection.3.2.2}% 47
\BOOKMARK [3][-]{subsubsection.3.2.2.35}{\376\377\0003\000.\0002\000.\0002\000.\0003\0005\000\040\000p\000v\000\137\000a\000h}{subsection.3.2.2}% 48
\BOOKMARK [3][-]{subsubsection.3.2.2.36}{\376\377\0003\000.\0002\000.\0002\000.\0003\0006\000\040\000p\000v\000k\000w}{subsection.3.2.2}% 49
\BOOKMARK [3][-]{subsubsection.3.2.2.37}{\376\377\0003\000.\0002\000.\0002\000.\0003\0007\000\040\000r\000u\000n\000t\000i\000m\000e}{subsection.3.2.2}% 50
\BOOKMARK [3][-]{subsubsection.3.2.2.38}{\376\377\0003\000.\0002\000.\0002\000.\0003\0008\000\040\000s\000o\000c}{subsection.3.2.2}% 51
\BOOKMARK [3][-]{subsubsection.3.2.2.39}{\376\377\0003\000.\0002\000.\0002\000.\0003\0009\000\040\000s\000t\000a\000r\000t\000\137\000p\000o\000w\000e\000r}{subsection.3.2.2}% 52
\BOOKMARK [3][-]{subsubsection.3.2.2.40}{\376\377\0003\000.\0002\000.\0002\000.\0004\0000\000\040\000t\000\137\000c\000o\000m\000p}{subsection.3.2.2}% 53
\BOOKMARK [3][-]{subsubsection.3.2.2.41}{\376\377\0003\000.\0002\000.\0002\000.\0004\0001\000\040\000u\000p\000d\000a\000t\000e}{subsection.3.2.2}% 54
\BOOKMARK [3][-]{subsubsection.3.2.2.42}{\376\377\0003\000.\0002\000.\0002\000.\0004\0002\000\040\000u\000p\000d\000a\000t\000e\000s}{subsection.3.2.2}% 55
\BOOKMARK [3][-]{subsubsection.3.2.2.43}{\376\377\0003\000.\0002\000.\0002\000.\0004\0003\000\040\000v\000\137\000b\000a\000t}{subsection.3.2.2}% 56
\BOOKMARK [3][-]{subsubsection.3.2.2.44}{\376\377\0003\000.\0002\000.\0002\000.\0004\0004\000\040\000v\000\137\000b\000b\000a\000t}{subsection.3.2.2}% 57
\BOOKMARK [3][-]{subsubsection.3.2.2.45}{\376\377\0003\000.\0002\000.\0002\000.\0004\0005\000\040\000v\000\137\000c\000b\000u\000s}{subsection.3.2.2}% 58
\BOOKMARK [3][-]{subsubsection.3.2.2.46}{\376\377\0003\000.\0002\000.\0002\000.\0004\0006\000\040\000v\000\137\000c\000c}{subsection.3.2.2}% 59
\BOOKMARK [3][-]{subsubsection.3.2.2.47}{\376\377\0003\000.\0002\000.\0002\000.\0004\0007\000\040\000v\000\137\000c\000m\000o\000d\000e}{subsection.3.2.2}% 60
\BOOKMARK [3][-]{subsubsection.3.2.2.48}{\376\377\0003\000.\0002\000.\0002\000.\0004\0008\000\040\000v\000\137\000i\000n\000v\000e\000r\000t\000e\000r}{subsection.3.2.2}% 61
\BOOKMARK [3][-]{subsubsection.3.2.2.49}{\376\377\0003\000.\0002\000.\0002\000.\0004\0009\000\040\000v\000\137\000p\000v}{subsection.3.2.2}% 62
\BOOKMARK [3][-]{subsubsection.3.2.2.50}{\376\377\0003\000.\0002\000.\0002\000.\0005\0000\000\040\000v\000\137\000s\000e\000n\000s\000o\000r}{subsection.3.2.2}% 63
\BOOKMARK [3][-]{subsubsection.3.2.2.51}{\376\377\0003\000.\0002\000.\0002\000.\0005\0001\000\040\000v\000\137\000t\000e\000m\000p}{subsection.3.2.2}% 64
\BOOKMARK [1][-]{section.3.3}{\376\377\0003\000.\0003\000\040\000C\000R\000C\000\137\000O\000B\000J\000\040\000S\000t\000r\000u\000c\000t\000\040\000R\000e\000f\000e\000r\000e\000n\000c\000e}{chapter.3}% 65
\BOOKMARK [2][-]{subsection.3.3.1}{\376\377\0003\000.\0003\000.\0001\000\040\000D\000e\000t\000a\000i\000l\000e\000d\000\040\000D\000e\000s\000c\000r\000i\000p\000t\000i\000o\000n}{section.3.3}% 66
\BOOKMARK [2][-]{subsection.3.3.2}{\376\377\0003\000.\0003\000.\0002\000\040\000F\000i\000e\000l\000d\000\040\000D\000o\000c\000u\000m\000e\000n\000t\000a\000t\000i\000o\000n}{section.3.3}% 67
\BOOKMARK [3][-]{subsubsection.3.3.2.1}{\376\377\0003\000.\0003\000.\0002\000.\0001\000\040\000d\000a\000t\000a\000W\000i\000d\000t\000h}{subsection.3.3.2}% 68
\BOOKMARK [3][-]{subsubsection.3.3.2.2}{\376\377\0003\000.\0003\000.\0002\000.\0002\000\040\000p\000o\000l\000y\000W\000i\000d\000t\000h}{subsection.3.3.2}% 69
\BOOKMARK [3][-]{subsubsection.3.3.2.3}{\376\377\0003\000.\0003\000.\0002\000.\0003\000\040\000s\000e\000e\000d\000D\000i\000r\000e\000c\000t\000i\000o\000n}{subsection.3.3.2}% 70
\BOOKMARK [1][-]{section.3.4}{\376\377\0003\000.\0004\000\040\000D\000\137\000d\000a\000t\000a\000\040\000S\000t\000r\000u\000c\000t\000\040\000R\000e\000f\000e\000r\000e\000n\000c\000e}{chapter.3}% 71
\BOOKMARK [2][-]{subsection.3.4.1}{\376\377\0003\000.\0004\000.\0001\000\040\000D\000e\000t\000a\000i\000l\000e\000d\000\040\000D\000e\000s\000c\000r\000i\000p\000t\000i\000o\000n}{section.3.4}% 72
\BOOKMARK [2][-]{subsection.3.4.2}{\376\377\0003\000.\0004\000.\0002\000\040\000F\000i\000e\000l\000d\000\040\000D\000o\000c\000u\000m\000e\000n\000t\000a\000t\000i\000o\000n}{section.3.4}% 73
\BOOKMARK [3][-]{subsubsection.3.4.2.1}{\376\377\0003\000.\0004\000.\0002\000.\0001\000\040\000c\000o\000n\000t}{subsection.3.4.2}% 74
\BOOKMARK [3][-]{subsubsection.3.4.2.2}{\376\377\0003\000.\0004\000.\0002\000.\0002\000\040\000d\000a\000c\0000}{subsection.3.4.2}% 75
\BOOKMARK [3][-]{subsubsection.3.4.2.3}{\376\377\0003\000.\0004\000.\0002\000.\0003\000\040\000d\000a\000c\0001}{subsection.3.4.2}% 76
\BOOKMARK [3][-]{subsubsection.3.4.2.4}{\376\377\0003\000.\0004\000.\0002\000.\0004\000\040\000l\000a\000s\000t\000\137\000i\000n\000f\000o}{subsection.3.4.2}% 77
\BOOKMARK [3][-]{subsubsection.3.4.2.5}{\376\377\0003\000.\0004\000.\0002\000.\0005\000\040\000l\000c\000d}{subsection.3.4.2}% 78
\BOOKMARK [3][-]{subsubsection.3.4.2.6}{\376\377\0003\000.\0004\000.\0002\000.\0006\000\040\000v\000t\000e\000r\000m}{subsection.3.4.2}% 79
\BOOKMARK [1][-]{section.3.5}{\376\377\0003\000.\0005\000\040\000d\000a\000c\000\137\000b\000u\000f\000\137\000t\000y\000p\000e\000\040\000U\000n\000i\000o\000n\000\040\000R\000e\000f\000e\000r\000e\000n\000c\000e}{chapter.3}% 80
\BOOKMARK [2][-]{subsection.3.5.1}{\376\377\0003\000.\0005\000.\0001\000\040\000D\000e\000t\000a\000i\000l\000e\000d\000\040\000D\000e\000s\000c\000r\000i\000p\000t\000i\000o\000n}{section.3.5}% 81
\BOOKMARK [2][-]{subsection.3.5.2}{\376\377\0003\000.\0005\000.\0002\000\040\000F\000i\000e\000l\000d\000\040\000D\000o\000c\000u\000m\000e\000n\000t\000a\000t\000i\000o\000n}{section.3.5}% 82
\BOOKMARK [3][-]{subsubsection.3.5.2.1}{\376\377\0003\000.\0005\000.\0002\000.\0001\000\040\000b\000d}{subsection.3.5.2}% 83
\BOOKMARK [3][-]{subsubsection.3.5.2.2}{\376\377\0003\000.\0005\000.\0002\000.\0002\000\040\000l\000d}{subsection.3.5.2}% 84
\BOOKMARK [3][-]{subsubsection.3.5.2.3}{\376\377\0003\000.\0005\000.\0002\000.\0003\000\040\000m\000a\000p}{subsection.3.5.2}% 85
\BOOKMARK [1][-]{section.3.6}{\376\377\0003\000.\0006\000\040\000H\000\137\000d\000a\000t\000a\000\040\000S\000t\000r\000u\000c\000t\000\040\000R\000e\000f\000e\000r\000e\000n\000c\000e}{chapter.3}% 86
\BOOKMARK [2][-]{subsection.3.6.1}{\376\377\0003\000.\0006\000.\0001\000\040\000D\000e\000t\000a\000i\000l\000e\000d\000\040\000D\000e\000s\000c\000r\000i\000p\000t\000i\000o\000n}{section.3.6}% 87
\BOOKMARK [2][-]{subsection.3.6.2}{\376\377\0003\000.\0006\000.\0002\000\040\000F\000i\000e\000l\000d\000\040\000D\000o\000c\000u\000m\000e\000n\000t\000a\000t\000i\000o\000n}{section.3.6}% 88
\BOOKMARK [3][-]{subsubsection.3.6.2.1}{\376\377\0003\000.\0006\000.\0002\000.\0001\000\040\000c\000a\000l\000i\000b\000\137\000p}{subsection.3.6.2}% 89
\BOOKMARK [3][-]{subsubsection.3.6.2.2}{\376\377\0003\000.\0006\000.\0002\000.\0002\000\040\000e\000n\000t\000e\000r\000\137\000p}{subsection.3.6.2}% 90
\BOOKMARK [3][-]{subsubsection.3.6.2.3}{\376\377\0003\000.\0006\000.\0002\000.\0003\000\040\000h\000\137\000s\000t\000a\000t\000e}{subsection.3.6.2}% 91
\BOOKMARK [3][-]{subsubsection.3.6.2.4}{\376\377\0003\000.\0006\000.\0002\000.\0004\000\040\000h\000i\000d\000\137\000d\000i\000s\000p\000l\000a\000y}{subsection.3.6.2}% 92
\BOOKMARK [3][-]{subsubsection.3.6.2.5}{\376\377\0003\000.\0006\000.\0002\000.\0005\000\040\000s\000e\000l\000e\000c\000t\000\137\000p}{subsection.3.6.2}% 93
\BOOKMARK [3][-]{subsubsection.3.6.2.6}{\376\377\0003\000.\0006\000.\0002\000.\0006\000\040\000s\000e\000q\000u\000e\000n\000c\000e}{subsection.3.6.2}% 94
\BOOKMARK [3][-]{subsubsection.3.6.2.7}{\376\377\0003\000.\0006\000.\0002\000.\0007\000\040\000w\000a\000i\000t\000\137\000c\000a\000l\000i\000b}{subsection.3.6.2}% 95
\BOOKMARK [3][-]{subsubsection.3.6.2.8}{\376\377\0003\000.\0006\000.\0002\000.\0008\000\040\000w\000a\000i\000t\000\137\000e\000n\000t\000e\000r}{subsection.3.6.2}% 96
\BOOKMARK [3][-]{subsubsection.3.6.2.9}{\376\377\0003\000.\0006\000.\0002\000.\0009\000\040\000w\000a\000i\000t\000\137\000s\000e\000l\000e\000c\000t}{subsection.3.6.2}% 97
\BOOKMARK [1][-]{section.3.7}{\376\377\0003\000.\0007\000\040\000h\000i\000s\000t\000\137\000t\000y\000p\000e\000\040\000S\000t\000r\000u\000c\000t\000\040\000R\000e\000f\000e\000r\000e\000n\000c\000e}{chapter.3}% 98
\BOOKMARK [2][-]{subsection.3.7.1}{\376\377\0003\000.\0007\000.\0001\000\040\000D\000e\000t\000a\000i\000l\000e\000d\000\040\000D\000e\000s\000c\000r\000i\000p\000t\000i\000o\000n}{section.3.7}% 99
\BOOKMARK [2][-]{subsection.3.7.2}{\376\377\0003\000.\0007\000.\0002\000\040\000F\000i\000e\000l\000d\000\040\000D\000o\000c\000u\000m\000e\000n\000t\000a\000t\000i\000o\000n}{section.3.7}% 100
\BOOKMARK [3][-]{subsubsection.3.7.2.1}{\376\377\0003\000.\0007\000.\0002\000.\0001\000\040\000a\000h}{subsection.3.7.2}% 101
\BOOKMARK [3][-]{subsubsection.3.7.2.2}{\376\377\0003\000.\0007\000.\0002\000.\0002\000\040\000b\000o\000u\000n\000d\000\137\000f\000a\000c\000t\000o\000r}{subsection.3.7.2}% 102
\BOOKMARK [3][-]{subsubsection.3.7.2.3}{\376\377\0003\000.\0007\000.\0002\000.\0003\000\040\000b\000o\000u\000n\000d\000\137\000r\000a\000t\000e}{subsection.3.7.2}% 103
\BOOKMARK [3][-]{subsubsection.3.7.2.4}{\376\377\0003\000.\0007\000.\0002\000.\0004\000\040\000b\000s\000o\000c}{subsection.3.7.2}% 104
\BOOKMARK [3][-]{subsubsection.3.7.2.5}{\376\377\0003\000.\0007\000.\0002\000.\0005\000\040\000c\000e\000f}{subsection.3.7.2}% 105
\BOOKMARK [3][-]{subsubsection.3.7.2.6}{\376\377\0003\000.\0007\000.\0002\000.\0006\000\040\000c\000e\000f\000\137\000c\000a\000l\000c}{subsection.3.7.2}% 106
\BOOKMARK [3][-]{subsubsection.3.7.2.7}{\376\377\0003\000.\0007\000.\0002\000.\0007\000\040\000c\000e\000f\000\137\000s\000a\000v\000e}{subsection.3.7.2}% 107
\BOOKMARK [3][-]{subsubsection.3.7.2.8}{\376\377\0003\000.\0007\000.\0002\000.\0008\000\040\000d\000r\000a\000t\000e}{subsection.3.7.2}% 108
\BOOKMARK [3][-]{subsubsection.3.7.2.9}{\376\377\0003\000.\0007\000.\0002\000.\0009\000\040\000e\000s\000r}{subsection.3.7.2}% 109
\BOOKMARK [3][-]{subsubsection.3.7.2.10}{\376\377\0003\000.\0007\000.\0002\000.\0001\0000\000\040\000e\000s\000r\000p}{subsection.3.7.2}% 110
\BOOKMARK [3][-]{subsubsection.3.7.2.11}{\376\377\0003\000.\0007\000.\0002\000.\0001\0001\000\040\000h}{subsection.3.7.2}% 111
\BOOKMARK [3][-]{subsubsection.3.7.2.12}{\376\377\0003\000.\0007\000.\0002\000.\0001\0002\000\040\000p\000c\000l\000o\000c\000k}{subsection.3.7.2}% 112
\BOOKMARK [3][-]{subsubsection.3.7.2.13}{\376\377\0003\000.\0007\000.\0002\000.\0001\0003\000\040\000p\000e\000u\000k\000e\000r\000t}{subsection.3.7.2}% 113
\BOOKMARK [3][-]{subsubsection.3.7.2.14}{\376\377\0003\000.\0007\000.\0002\000.\0001\0004\000\040\000p\000e\000u\000k\000e\000r\000t\000\137\000a\000d\000j}{subsection.3.7.2}% 114
\BOOKMARK [3][-]{subsubsection.3.7.2.15}{\376\377\0003\000.\0007\000.\0002\000.\0001\0005\000\040\000p\000v\000\137\000e\000f\000f}{subsection.3.7.2}% 115
\BOOKMARK [3][-]{subsubsection.3.7.2.16}{\376\377\0003\000.\0007\000.\0002\000.\0001\0006\000\040\000r\000a\000t\000e}{subsection.3.7.2}% 116
\BOOKMARK [3][-]{subsubsection.3.7.2.17}{\376\377\0003\000.\0007\000.\0002\000.\0001\0007\000\040\000r\000e\000s\000t\000\137\000f\000a\000c\000t\000o\000r}{subsection.3.7.2}% 117
\BOOKMARK [3][-]{subsubsection.3.7.2.18}{\376\377\0003\000.\0007\000.\0002\000.\0001\0008\000\040\000r\000e\000s\000t\000\137\000r\000a\000t\000e}{subsection.3.7.2}% 118
\BOOKMARK [3][-]{subsubsection.3.7.2.19}{\376\377\0003\000.\0007\000.\0002\000.\0001\0009\000\040\000s\000a\000m\000p\000l\000e\000i}{subsection.3.7.2}% 119
\BOOKMARK [3][-]{subsubsection.3.7.2.20}{\376\377\0003\000.\0007\000.\0002\000.\0002\0000\000\040\000s\000a\000m\000p\000l\000e\000o}{subsection.3.7.2}% 120
\BOOKMARK [3][-]{subsubsection.3.7.2.21}{\376\377\0003\000.\0007\000.\0002\000.\0002\0001\000\040\000t\000o\000t\000\137\000e\000f\000f}{subsection.3.7.2}% 121
\BOOKMARK [3][-]{subsubsection.3.7.2.22}{\376\377\0003\000.\0007\000.\0002\000.\0002\0002\000\040\000t\000t\000g\000\137\000t}{subsection.3.7.2}% 122
\BOOKMARK [3][-]{subsubsection.3.7.2.23}{\376\377\0003\000.\0007\000.\0002\000.\0002\0003\000\040\000u\000d\000o\000d}{subsection.3.7.2}% 123
\BOOKMARK [3][-]{subsubsection.3.7.2.24}{\376\377\0003\000.\0007\000.\0002\000.\0002\0004\000\040\000u\000p\000d\000a\000t\000e\000s}{subsection.3.7.2}% 124
\BOOKMARK [3][-]{subsubsection.3.7.2.25}{\376\377\0003\000.\0007\000.\0002\000.\0002\0005\000\040\000v\000e\000r\000s\000i\000o\000n}{subsection.3.7.2}% 125
\BOOKMARK [1][-]{section.3.8}{\376\377\0003\000.\0008\000\040\000R\000\137\000d\000a\000t\000a\000\040\000S\000t\000r\000u\000c\000t\000\040\000R\000e\000f\000e\000r\000e\000n\000c\000e}{chapter.3}% 126
\BOOKMARK [2][-]{subsection.3.8.1}{\376\377\0003\000.\0008\000.\0001\000\040\000D\000e\000t\000a\000i\000l\000e\000d\000\040\000D\000e\000s\000c\000r\000i\000p\000t\000i\000o\000n}{section.3.8}% 127
\BOOKMARK [2][-]{subsection.3.8.2}{\376\377\0003\000.\0008\000.\0002\000\040\000F\000i\000e\000l\000d\000\040\000D\000o\000c\000u\000m\000e\000n\000t\000a\000t\000i\000o\000n}{section.3.8}% 128
\BOOKMARK [3][-]{subsubsection.3.8.2.1}{\376\377\0003\000.\0008\000.\0002\000.\0001\000\040\000c\000\137\000s\000c\000a\000l\000e\000\137\000c\000a\000l}{subsection.3.8.2}% 129
\BOOKMARK [3][-]{subsubsection.3.8.2.2}{\376\377\0003\000.\0008\000.\0002\000.\0002\000\040\000c\000\137\000z\000e\000r\000o\000\137\000c\000a\000l}{subsection.3.8.2}% 130
\BOOKMARK [3][-]{subsubsection.3.8.2.3}{\376\377\0003\000.\0008\000.\0002\000.\0003\000\040\000c\000h\000e\000c\000k\000m\000a\000r\000k}{subsection.3.8.2}% 131
\BOOKMARK [3][-]{subsubsection.3.8.2.4}{\376\377\0003\000.\0008\000.\0002\000.\0004\000\040\000c\000r\000c}{subsection.3.8.2}% 132
\BOOKMARK [3][-]{subsubsection.3.8.2.5}{\376\377\0003\000.\0008\000.\0002\000.\0005\000\040\000d\000o\000n\000e}{subsection.3.8.2}% 133
\BOOKMARK [3][-]{subsubsection.3.8.2.6}{\376\377\0003\000.\0008\000.\0002\000.\0006\000\040\000H}{subsection.3.8.2}% 134
\BOOKMARK [3][-]{subsubsection.3.8.2.7}{\376\377\0003\000.\0008\000.\0002\000.\0007\000\040\000h\000i\000s\000t\000\137\000s\000a\000v\000e}{subsection.3.8.2}% 135
\BOOKMARK [3][-]{subsubsection.3.8.2.8}{\376\377\0003\000.\0008\000.\0002\000.\0008\000\040\000h\000i\000s\000t\000\137\000u\000p\000d\000a\000t\000e}{subsection.3.8.2}% 136
\BOOKMARK [3][-]{subsubsection.3.8.2.9}{\376\377\0003\000.\0008\000.\0002\000.\0009\000\040\000m\000a\000x\0005\0003\0002\0002\000\137\000c\000m\000d}{subsection.3.8.2}% 137
\BOOKMARK [3][-]{subsubsection.3.8.2.10}{\376\377\0003\000.\0008\000.\0002\000.\0001\0000\000\040\000n\000\137\000o\000f\000f\000s\000e\000t}{subsection.3.8.2}% 138
\BOOKMARK [3][-]{subsubsection.3.8.2.11}{\376\377\0003\000.\0008\000.\0002\000.\0001\0001\000\040\000n\000\137\000s\000c\000a\000l\000a\000r}{subsection.3.8.2}% 139
\BOOKMARK [3][-]{subsubsection.3.8.2.12}{\376\377\0003\000.\0008\000.\0002\000.\0001\0002\000\040\000r\000a\000w\000\137\000a\000d\000c}{subsection.3.8.2}% 140
\BOOKMARK [3][-]{subsubsection.3.8.2.13}{\376\377\0003\000.\0008\000.\0002\000.\0001\0003\000\040\000r\000a\000w\000\137\000d\000a\000c}{subsection.3.8.2}% 141
\BOOKMARK [3][-]{subsubsection.3.8.2.14}{\376\377\0003\000.\0008\000.\0002\000.\0001\0004\000\040\000s\000c\000a\000n\000\137\000i\000n\000d\000e\000x}{subsection.3.8.2}% 142
\BOOKMARK [3][-]{subsubsection.3.8.2.15}{\376\377\0003\000.\0008\000.\0002\000.\0001\0005\000\040\000s\000c\000a\000n\000\137\000s\000e\000l\000e\000c\000t}{subsection.3.8.2}% 143
\BOOKMARK [1][-]{section.3.9}{\376\377\0003\000.\0009\000\040\000r\000b\000u\000t\000t\000o\000n\000\137\000t\000y\000p\000e\000\040\000S\000t\000r\000u\000c\000t\000\040\000R\000e\000f\000e\000r\000e\000n\000c\000e}{chapter.3}% 144
\BOOKMARK [2][-]{subsection.3.9.1}{\376\377\0003\000.\0009\000.\0001\000\040\000D\000e\000t\000a\000i\000l\000e\000d\000\040\000D\000e\000s\000c\000r\000i\000p\000t\000i\000o\000n}{section.3.9}% 145
\BOOKMARK [2][-]{subsection.3.9.2}{\376\377\0003\000.\0009\000.\0002\000\040\000F\000i\000e\000l\000d\000\040\000D\000o\000c\000u\000m\000e\000n\000t\000a\000t\000i\000o\000n}{section.3.9}% 146
\BOOKMARK [3][-]{subsubsection.3.9.2.1}{\376\377\0003\000.\0009\000.\0002\000.\0001\000\040\000c\000o\000u\000n\000t}{subsection.3.9.2}% 147
\BOOKMARK [3][-]{subsubsection.3.9.2.2}{\376\377\0003\000.\0009\000.\0002\000.\0002\000\040\000s\000w}{subsection.3.9.2}% 148
\BOOKMARK [1][-]{section.3.10}{\376\377\0003\000.\0001\0000\000\040\000r\000i\000n\000g\000B\000u\000f\000S\000\137\000t\000\040\000S\000t\000r\000u\000c\000t\000\040\000R\000e\000f\000e\000r\000e\000n\000c\000e}{chapter.3}% 149
\BOOKMARK [2][-]{subsection.3.10.1}{\376\377\0003\000.\0001\0000\000.\0001\000\040\000D\000e\000t\000a\000i\000l\000e\000d\000\040\000D\000e\000s\000c\000r\000i\000p\000t\000i\000o\000n}{section.3.10}% 150
\BOOKMARK [2][-]{subsection.3.10.2}{\376\377\0003\000.\0001\0000\000.\0002\000\040\000F\000i\000e\000l\000d\000\040\000D\000o\000c\000u\000m\000e\000n\000t\000a\000t\000i\000o\000n}{section.3.10}% 151
\BOOKMARK [3][-]{subsubsection.3.10.2.1}{\376\377\0003\000.\0001\0000\000.\0002\000.\0001\000\040\000b\000u\000f}{subsection.3.10.2}% 152
\BOOKMARK [3][-]{subsubsection.3.10.2.2}{\376\377\0003\000.\0001\0000\000.\0002\000.\0002\000\040\000c\000o\000u\000n\000t}{subsection.3.10.2}% 153
\BOOKMARK [3][-]{subsubsection.3.10.2.3}{\376\377\0003\000.\0001\0000\000.\0002\000.\0003\000\040\000h\000e\000a\000d}{subsection.3.10.2}% 154
\BOOKMARK [3][-]{subsubsection.3.10.2.4}{\376\377\0003\000.\0001\0000\000.\0002\000.\0004\000\040\000t\000a\000i\000l}{subsection.3.10.2}% 155
\BOOKMARK [1][-]{section.3.11}{\376\377\0003\000.\0001\0001\000\040\000S\000\137\000d\000a\000t\000a\000\040\000S\000t\000r\000u\000c\000t\000\040\000R\000e\000f\000e\000r\000e\000n\000c\000e}{chapter.3}% 156
\BOOKMARK [2][-]{subsection.3.11.1}{\376\377\0003\000.\0001\0001\000.\0001\000\040\000D\000e\000t\000a\000i\000l\000e\000d\000\040\000D\000e\000s\000c\000r\000i\000p\000t\000i\000o\000n}{section.3.11}% 157
\BOOKMARK [2][-]{subsection.3.11.2}{\376\377\0003\000.\0001\0001\000.\0002\000\040\000F\000i\000e\000l\000d\000\040\000D\000o\000c\000u\000m\000e\000n\000t\000a\000t\000i\000o\000n}{section.3.11}% 158
\BOOKMARK [3][-]{subsubsection.3.11.2.1}{\376\377\0003\000.\0001\0001\000.\0002\000.\0001\000\040\000b\000u\000t\000t\000o\000n}{subsection.3.11.2}% 159
\BOOKMARK [3][-]{subsubsection.3.11.2.2}{\376\377\0003\000.\0001\0001\000.\0002\000.\0002\000\040\000s\000w\000\137\000b\000i\000t\000m\000a\000p}{subsection.3.11.2}% 160
\BOOKMARK [1][-]{section.3.12}{\376\377\0003\000.\0001\0002\000\040\000s\000p\000i\0001\000\137\000c\000o\000n\000f\000i\000g\000u\000r\000a\000t\000i\000o\000n\000\137\000t\000\040\000S\000t\000r\000u\000c\000t\000\040\000R\000e\000f\000e\000r\000e\000n\000c\000e}{chapter.3}% 161
\BOOKMARK [2][-]{subsection.3.12.1}{\376\377\0003\000.\0001\0002\000.\0001\000\040\000D\000e\000t\000a\000i\000l\000e\000d\000\040\000D\000e\000s\000c\000r\000i\000p\000t\000i\000o\000n}{section.3.12}% 162
\BOOKMARK [2][-]{subsection.3.12.2}{\376\377\0003\000.\0001\0002\000.\0002\000\040\000F\000i\000e\000l\000d\000\040\000D\000o\000c\000u\000m\000e\000n\000t\000a\000t\000i\000o\000n}{section.3.12}% 163
\BOOKMARK [3][-]{subsubsection.3.12.2.1}{\376\377\0003\000.\0001\0002\000.\0002\000.\0001\000\040\000b\000a\000u\000d}{subsection.3.12.2}% 164
\BOOKMARK [3][-]{subsubsection.3.12.2.2}{\376\377\0003\000.\0001\0002\000.\0002\000.\0002\000\040\000c\000o\000n\0000}{subsection.3.12.2}% 165
\BOOKMARK [3][-]{subsubsection.3.12.2.3}{\376\377\0003\000.\0001\0002\000.\0002\000.\0003\000\040\000c\000o\000n\0001}{subsection.3.12.2}% 166
\BOOKMARK [3][-]{subsubsection.3.12.2.4}{\376\377\0003\000.\0001\0002\000.\0002\000.\0004\000\040\000c\000o\000n\0002}{subsection.3.12.2}% 167
\BOOKMARK [3][-]{subsubsection.3.12.2.5}{\376\377\0003\000.\0001\0002\000.\0002\000.\0005\000\040\000o\000p\000e\000r\000a\000t\000i\000o\000n}{subsection.3.12.2}% 168
\BOOKMARK [1][-]{section.3.13}{\376\377\0003\000.\0001\0003\000\040\000s\000p\000i\000\137\000l\000i\000n\000k\000\137\000t\000y\000p\000e\000\040\000S\000t\000r\000u\000c\000t\000\040\000R\000e\000f\000e\000r\000e\000n\000c\000e}{chapter.3}% 169
\BOOKMARK [2][-]{subsection.3.13.1}{\376\377\0003\000.\0001\0003\000.\0001\000\040\000D\000e\000t\000a\000i\000l\000e\000d\000\040\000D\000e\000s\000c\000r\000i\000p\000t\000i\000o\000n}{section.3.13}% 170
\BOOKMARK [2][-]{subsection.3.13.2}{\376\377\0003\000.\0001\0003\000.\0002\000\040\000F\000i\000e\000l\000d\000\040\000D\000o\000c\000u\000m\000e\000n\000t\000a\000t\000i\000o\000n}{section.3.13}% 171
\BOOKMARK [3][-]{subsubsection.3.13.2.1}{\376\377\0003\000.\0001\0003\000.\0002\000.\0001\000\040\000c\000o\000n\000f\000i\000g}{subsection.3.13.2}% 172
\BOOKMARK [3][-]{subsubsection.3.13.2.2}{\376\377\0003\000.\0001\0003\000.\0002\000.\0002\000\040\000d\000e\000l\000a\000y}{subsection.3.13.2}% 173
\BOOKMARK [3][-]{subsubsection.3.13.2.3}{\376\377\0003\000.\0001\0003\000.\0002\000.\0003\000\040\000i\000n\000t\000\137\000c\000o\000u\000n\000t}{subsection.3.13.2}% 174
\BOOKMARK [3][-]{subsubsection.3.13.2.4}{\376\377\0003\000.\0001\0003\000.\0002\000.\0004\000\040\000L\000C\000D\000\137\000D\000A\000T\000A}{subsection.3.13.2}% 175
\BOOKMARK [3][-]{subsubsection.3.13.2.5}{\376\377\0003\000.\0001\0003\000.\0002\000.\0005\000\040\000L\000C\000D\000\137\000T\000I\000M\000E\000R}{subsection.3.13.2}% 176
\BOOKMARK [3][-]{subsubsection.3.13.2.6}{\376\377\0003\000.\0001\0003\000.\0002\000.\0006\000\040\000S\000P\000I\000\137\000A\000U\000X}{subsection.3.13.2}% 177
\BOOKMARK [3][-]{subsubsection.3.13.2.7}{\376\377\0003\000.\0001\0003\000.\0002\000.\0007\000\040\000S\000P\000I\000\137\000L\000C\000D}{subsection.3.13.2}% 178
\BOOKMARK [3][-]{subsubsection.3.13.2.8}{\376\377\0003\000.\0001\0003\000.\0002\000.\0008\000\040\000t\000x\000b\000u\000f}{subsection.3.13.2}% 179
\BOOKMARK [1][-]{section.3.14}{\376\377\0003\000.\0001\0004\000\040\000t\000e\000r\000m\000i\000n\000a\000l\000\137\000t\000y\000p\000e\000\040\000S\000t\000r\000u\000c\000t\000\040\000R\000e\000f\000e\000r\000e\000n\000c\000e}{chapter.3}% 180
\BOOKMARK [2][-]{subsection.3.14.1}{\376\377\0003\000.\0001\0004\000.\0001\000\040\000D\000e\000t\000a\000i\000l\000e\000d\000\040\000D\000e\000s\000c\000r\000i\000p\000t\000i\000o\000n}{section.3.14}% 181
\BOOKMARK [2][-]{subsection.3.14.2}{\376\377\0003\000.\0001\0004\000.\0002\000\040\000F\000i\000e\000l\000d\000\040\000D\000o\000c\000u\000m\000e\000n\000t\000a\000t\000i\000o\000n}{section.3.14}% 182
\BOOKMARK [3][-]{subsubsection.3.14.2.1}{\376\377\0003\000.\0001\0004\000.\0002\000.\0001\000\040\000c\000e\000i\000d}{subsection.3.14.2}% 183
\BOOKMARK [3][-]{subsubsection.3.14.2.2}{\376\377\0003\000.\0001\0004\000.\0002\000.\0002\000\040\000c\000m\000d\000l\000e\000n}{subsection.3.14.2}% 184
\BOOKMARK [3][-]{subsubsection.3.14.2.3}{\376\377\0003\000.\0001\0004\000.\0002\000.\0003\000\040\000h\000e\000l\000p\000\137\000t\000e\000m\000p}{subsection.3.14.2}% 185
\BOOKMARK [3][-]{subsubsection.3.14.2.4}{\376\377\0003\000.\0001\0004\000.\0002\000.\0004\000\040\000h\000o\000s\000t\000\137\000d\000i\000s\000p\000l\000a\000y\000\137\000a\000c\000k}{subsection.3.14.2}% 186
\BOOKMARK [3][-]{subsubsection.3.14.2.5}{\376\377\0003\000.\0001\0004\000.\0002\000.\0005\000\040\000i\000n\000f\000o}{subsection.3.14.2}% 187
\BOOKMARK [3][-]{subsubsection.3.14.2.6}{\376\377\0003\000.\0001\0004\000.\0002\000.\0006\000\040\000l\000o\000g\000\137\000n\000u\000m}{subsection.3.14.2}% 188
\BOOKMARK [3][-]{subsubsection.3.14.2.7}{\376\377\0003\000.\0001\0004\000.\0002\000.\0007\000\040\000l\000o\000g\000\137\000s\000e\000q}{subsection.3.14.2}% 189
\BOOKMARK [3][-]{subsubsection.3.14.2.8}{\376\377\0003\000.\0001\0004\000.\0002\000.\0008\000\040\000m\000c\000o\000d\000e}{subsection.3.14.2}% 190
\BOOKMARK [3][-]{subsubsection.3.14.2.9}{\376\377\0003\000.\0001\0004\000.\0002\000.\0009\000\040\000m\000e\000s\000g\000i\000d}{subsection.3.14.2}% 191
\BOOKMARK [3][-]{subsubsection.3.14.2.10}{\376\377\0003\000.\0001\0004\000.\0002\000.\0001\0000\000\040\000m\000p\000a\000r\000m}{subsection.3.14.2}% 192
\BOOKMARK [3][-]{subsubsection.3.14.2.11}{\376\377\0003\000.\0001\0004\000.\0002\000.\0001\0001\000\040\000T\000I\000D}{subsection.3.14.2}% 193
\BOOKMARK [1][-]{section.3.15}{\376\377\0003\000.\0001\0005\000\040\000u\000a\000r\000t\0001\000\137\000s\000t\000a\000t\000u\000s\000\137\000t\000\040\000U\000n\000i\000o\000n\000\040\000R\000e\000f\000e\000r\000e\000n\000c\000e}{chapter.3}% 194
\BOOKMARK [2][-]{subsection.3.15.1}{\376\377\0003\000.\0001\0005\000.\0001\000\040\000D\000e\000t\000a\000i\000l\000e\000d\000\040\000D\000e\000s\000c\000r\000i\000p\000t\000i\000o\000n}{section.3.15}% 195
\BOOKMARK [2][-]{subsection.3.15.2}{\376\377\0003\000.\0001\0005\000.\0002\000\040\000F\000i\000e\000l\000d\000\040\000D\000o\000c\000u\000m\000e\000n\000t\000a\000t\000i\000o\000n}{section.3.15}% 196
\BOOKMARK [3][-]{subsubsection.3.15.2.1}{\376\377\0003\000.\0001\0005\000.\0002\000.\0001\000\040\000f\000e\000r\000r}{subsection.3.15.2}% 197
\BOOKMARK [3][-]{subsubsection.3.15.2.2}{\376\377\0003\000.\0001\0005\000.\0002\000.\0002\000\040\000o\000e\000r\000r}{subsection.3.15.2}% 198
\BOOKMARK [3][-]{subsubsection.3.15.2.3}{\376\377\0003\000.\0001\0005\000.\0002\000.\0003\000\040\000p\000e\000r\000r}{subsection.3.15.2}% 199
\BOOKMARK [3][-]{subsubsection.3.15.2.4}{\376\377\0003\000.\0001\0005\000.\0002\000.\0004\000\040\000r\000e\000s\000e\000r\000v\000e\000d}{subsection.3.15.2}% 200
\BOOKMARK [3][-]{subsubsection.3.15.2.5}{\376\377\0003\000.\0001\0005\000.\0002\000.\0005\000\040\000s\000t\000a\000t\000u\000s}{subsection.3.15.2}% 201
\BOOKMARK [1][-]{section.3.16}{\376\377\0003\000.\0001\0006\000\040\000u\000a\000r\000t\0002\000\137\000s\000t\000a\000t\000u\000s\000\137\000t\000\040\000U\000n\000i\000o\000n\000\040\000R\000e\000f\000e\000r\000e\000n\000c\000e}{chapter.3}% 202
\BOOKMARK [2][-]{subsection.3.16.1}{\376\377\0003\000.\0001\0006\000.\0001\000\040\000D\000e\000t\000a\000i\000l\000e\000d\000\040\000D\000e\000s\000c\000r\000i\000p\000t\000i\000o\000n}{section.3.16}% 203
\BOOKMARK [2][-]{subsection.3.16.2}{\376\377\0003\000.\0001\0006\000.\0002\000\040\000F\000i\000e\000l\000d\000\040\000D\000o\000c\000u\000m\000e\000n\000t\000a\000t\000i\000o\000n}{section.3.16}% 204
\BOOKMARK [3][-]{subsubsection.3.16.2.1}{\376\377\0003\000.\0001\0006\000.\0002\000.\0001\000\040\000f\000e\000r\000r}{subsection.3.16.2}% 205
\BOOKMARK [3][-]{subsubsection.3.16.2.2}{\376\377\0003\000.\0001\0006\000.\0002\000.\0002\000\040\000o\000e\000r\000r}{subsection.3.16.2}% 206
\BOOKMARK [3][-]{subsubsection.3.16.2.3}{\376\377\0003\000.\0001\0006\000.\0002\000.\0003\000\040\000p\000e\000r\000r}{subsection.3.16.2}% 207
\BOOKMARK [3][-]{subsubsection.3.16.2.4}{\376\377\0003\000.\0001\0006\000.\0002\000.\0004\000\040\000r\000e\000s\000e\000r\000v\000e\000d}{subsection.3.16.2}% 208
\BOOKMARK [3][-]{subsubsection.3.16.2.5}{\376\377\0003\000.\0001\0006\000.\0002\000.\0005\000\040\000s\000t\000a\000t\000u\000s}{subsection.3.16.2}% 209
\BOOKMARK [1][-]{section.3.17}{\376\377\0003\000.\0001\0007\000\040\000V\000\137\000d\000a\000t\000a\000\040\000S\000t\000r\000u\000c\000t\000\040\000R\000e\000f\000e\000r\000e\000n\000c\000e}{chapter.3}% 210
\BOOKMARK [2][-]{subsection.3.17.1}{\376\377\0003\000.\0001\0007\000.\0001\000\040\000D\000e\000t\000a\000i\000l\000e\000d\000\040\000D\000e\000s\000c\000r\000i\000p\000t\000i\000o\000n}{section.3.17}% 211
\BOOKMARK [2][-]{subsection.3.17.2}{\376\377\0003\000.\0001\0007\000.\0002\000\040\000F\000i\000e\000l\000d\000\040\000D\000o\000c\000u\000m\000e\000n\000t\000a\000t\000i\000o\000n}{section.3.17}% 212
\BOOKMARK [3][-]{subsubsection.3.17.2.1}{\376\377\0003\000.\0001\0007\000.\0002\000.\0001\000\040\000a\000b\000o\000r\000t}{subsection.3.17.2}% 213
\BOOKMARK [3][-]{subsubsection.3.17.2.2}{\376\377\0003\000.\0001\0007\000.\0002\000.\0002\000\040\000a\000c\000\137\000o\000f\000f}{subsection.3.17.2}% 214
\BOOKMARK [3][-]{subsubsection.3.17.2.3}{\376\377\0003\000.\0001\0007\000.\0002\000.\0003\000\040\000a\000c\000\137\000o\000n}{subsection.3.17.2}% 215
\BOOKMARK [3][-]{subsubsection.3.17.2.4}{\376\377\0003\000.\0001\0007\000.\0002\000.\0004\000\040\000a\000c\000\137\000t\000i\000m\000e}{subsection.3.17.2}% 216
\BOOKMARK [3][-]{subsubsection.3.17.2.5}{\376\377\0003\000.\0001\0007\000.\0002\000.\0005\000\040\000a\000d\000c\000\137\000c\000o\000u\000n\000t}{subsection.3.17.2}% 217
\BOOKMARK [3][-]{subsubsection.3.17.2.6}{\376\377\0003\000.\0001\0007\000.\0002\000.\0006\000\040\000a\000l\000a\000r\000m}{subsection.3.17.2}% 218
\BOOKMARK [3][-]{subsubsection.3.17.2.7}{\376\377\0003\000.\0001\0007\000.\0002\000.\0007\000\040\000a\000l\000l\000\137\000e\000r\000r\000o\000r\000s}{subsection.3.17.2}% 219
\BOOKMARK [3][-]{subsubsection.3.17.2.8}{\376\377\0003\000.\0001\0007\000.\0002\000.\0008\000\040\000b\000l\000i\000g\000h\000t}{subsection.3.17.2}% 220
\BOOKMARK [3][-]{subsubsection.3.17.2.9}{\376\377\0003\000.\0001\0007\000.\0002\000.\0009\000\040\000b\000l\000i\000g\000h\000t\000\137\000o\000f\000f}{subsection.3.17.2}% 221
\BOOKMARK [3][-]{subsubsection.3.17.2.10}{\376\377\0003\000.\0001\0007\000.\0002\000.\0001\0000\000\040\000b\000o\000o\000s\000t\000\137\000t\000i\000c\000k\000s}{subsection.3.17.2}% 222
\BOOKMARK [3][-]{subsubsection.3.17.2.11}{\376\377\0003\000.\0001\0007\000.\0002\000.\0001\0001\000\040\000b\000u\000f}{subsection.3.17.2}% 223
\BOOKMARK [3][-]{subsubsection.3.17.2.12}{\376\377\0003\000.\0001\0007\000.\0002\000.\0001\0002\000\040\000c\000a\000l\000i\000b}{subsection.3.17.2}% 224
\BOOKMARK [3][-]{subsubsection.3.17.2.13}{\376\377\0003\000.\0001\0007\000.\0002\000.\0001\0003\000\040\000c\000c\000\137\000a\000c\000t\000i\000v\000e}{subsection.3.17.2}% 225
\BOOKMARK [3][-]{subsubsection.3.17.2.14}{\376\377\0003\000.\0001\0007\000.\0002\000.\0001\0004\000\040\000c\000c\000\137\000s\000t\000a\000t\000e}{subsection.3.17.2}% 226
\BOOKMARK [3][-]{subsubsection.3.17.2.15}{\376\377\0003\000.\0001\0007\000.\0002\000.\0001\0005\000\040\000c\000h\000e\000c\000k\000s\000u\000m\000\137\000e\000r\000r\000o\000r}{subsection.3.17.2}% 227
\BOOKMARK [3][-]{subsubsection.3.17.2.16}{\376\377\0003\000.\0001\0007\000.\0002\000.\0001\0006\000\040\000d\000e\000b\000u\000g}{subsection.3.17.2}% 228
\BOOKMARK [3][-]{subsubsection.3.17.2.17}{\376\377\0003\000.\0001\0007\000.\0002\000.\0001\0007\000\040\000e\000n\000t\000e\000r}{subsection.3.17.2}% 229
\BOOKMARK [3][-]{subsubsection.3.17.2.18}{\376\377\0003\000.\0001\0007\000.\0002\000.\0001\0008\000\040\000e\000r\000r\000o\000r}{subsection.3.17.2}% 230
\BOOKMARK [3][-]{subsubsection.3.17.2.19}{\376\377\0003\000.\0001\0007\000.\0002\000.\0001\0009\000\040\000f\000i\000x\000u\000p}{subsection.3.17.2}% 231
\BOOKMARK [3][-]{subsubsection.3.17.2.20}{\376\377\0003\000.\0001\0007\000.\0002\000.\0002\0000\000\040\000f\000l\000i\000p\000p\000e\000r}{subsection.3.17.2}% 232
\BOOKMARK [3][-]{subsubsection.3.17.2.21}{\376\377\0003\000.\0001\0007\000.\0002\000.\0002\0001\000\040\000f\000l\000o\000a\000t\000\137\000t\000i\000c\000k\000s}{subsection.3.17.2}% 233
\BOOKMARK [3][-]{subsubsection.3.17.2.22}{\376\377\0003\000.\0001\0007\000.\0002\000.\0002\0002\000\040\000g\000e\000t\000\137\000t\000i\000m\000e\000\137\000t\000e\000x\000t}{subsection.3.17.2}% 234
\BOOKMARK [3][-]{subsubsection.3.17.2.23}{\376\377\0003\000.\0001\0007\000.\0002\000.\0002\0003\000\040\000h\000e\000l\000p}{subsection.3.17.2}% 235
\BOOKMARK [3][-]{subsubsection.3.17.2.24}{\376\377\0003\000.\0001\0007\000.\0002\000.\0002\0004\000\040\000h\000e\000l\000p\000\137\000i\000d}{subsection.3.17.2}% 236
\BOOKMARK [3][-]{subsubsection.3.17.2.25}{\376\377\0003\000.\0001\0007\000.\0002\000.\0002\0005\000\040\000i\000n\000\137\000b\000o\000o\000s\000t}{subsection.3.17.2}% 237
\BOOKMARK [3][-]{subsubsection.3.17.2.26}{\376\377\0003\000.\0001\0007\000.\0002\000.\0002\0006\000\040\000i\000n\000\137\000f\000l\000o\000a\000t}{subsection.3.17.2}% 238
\BOOKMARK [3][-]{subsubsection.3.17.2.27}{\376\377\0003\000.\0001\0007\000.\0002\000.\0002\0007\000\040\000i\000n\000f\000o}{subsection.3.17.2}% 239
\BOOKMARK [3][-]{subsubsection.3.17.2.28}{\376\377\0003\000.\0001\0007\000.\0002\000.\0002\0008\000\040\000l\000o\000w\000i\000n\000t\000\137\000c\000o\000u\000n\000t}{subsection.3.17.2}% 240
\BOOKMARK [3][-]{subsubsection.3.17.2.29}{\376\377\0003\000.\0001\0007\000.\0002\000.\0002\0009\000\040\000m\000o\000d\000e\000\137\000p\000w\000m}{subsection.3.17.2}% 241
\BOOKMARK [3][-]{subsubsection.3.17.2.30}{\376\377\0003\000.\0001\0007\000.\0002\000.\0003\0000\000\040\000m\000s\000g\000\137\000e\000r\000r\000o\000r}{subsection.3.17.2}% 242
\BOOKMARK [3][-]{subsubsection.3.17.2.31}{\376\377\0003\000.\0001\0007\000.\0002\000.\0003\0001\000\040\000m\000s\000g\000\137\000r\000e\000t}{subsection.3.17.2}% 243
\BOOKMARK [3][-]{subsubsection.3.17.2.32}{\376\377\0003\000.\0001\0007\000.\0002\000.\0003\0002\000\040\000r\000\137\000c\000h\000e\000c\000k\000s\000u\000m}{subsection.3.17.2}% 244
\BOOKMARK [3][-]{subsubsection.3.17.2.33}{\376\377\0003\000.\0001\0007\000.\0002\000.\0003\0003\000\040\000r\000b\000u\000f}{subsection.3.17.2}% 245
\BOOKMARK [3][-]{subsubsection.3.17.2.34}{\376\377\0003\000.\0001\0007\000.\0002\000.\0003\0004\000\040\000r\000e\000s\000p\000o\000n\000s\000e}{subsection.3.17.2}% 246
\BOOKMARK [3][-]{subsubsection.3.17.2.35}{\376\377\0003\000.\0001\0007\000.\0002\000.\0003\0005\000\040\000r\000x\000\137\000c\000o\000u\000n\000t}{subsection.3.17.2}% 247
\BOOKMARK [3][-]{subsubsection.3.17.2.36}{\376\377\0003\000.\0001\0007\000.\0002\000.\0003\0006\000\040\000s\000c\000r\000e\000e\000n}{subsection.3.17.2}% 248
\BOOKMARK [3][-]{subsubsection.3.17.2.37}{\376\377\0003\000.\0001\0007\000.\0002\000.\0003\0007\000\040\000s\000e\000n\000s\000o\000r\000\137\000s\000e\000t}{subsection.3.17.2}% 249
\BOOKMARK [3][-]{subsubsection.3.17.2.38}{\376\377\0003\000.\0001\0007\000.\0002\000.\0003\0008\000\040\000s\000e\000q\000u\000e\000n\000c\000e\000s}{subsection.3.17.2}% 250
\BOOKMARK [3][-]{subsubsection.3.17.2.39}{\376\377\0003\000.\0001\0007\000.\0002\000.\0003\0009\000\040\000s\000e\000t\000\137\000s\000e\000q\000u}{subsection.3.17.2}% 251
\BOOKMARK [3][-]{subsubsection.3.17.2.40}{\376\377\0003\000.\0001\0007\000.\0002\000.\0004\0000\000\040\000s\000p\000i\000\137\000c\000o\000u\000n\000t}{subsection.3.17.2}% 252
\BOOKMARK [3][-]{subsubsection.3.17.2.41}{\376\377\0003\000.\0001\0007\000.\0002\000.\0004\0001\000\040\000s\000t\000a\000c\000k}{subsection.3.17.2}% 253
\BOOKMARK [3][-]{subsubsection.3.17.2.42}{\376\377\0003\000.\0001\0007\000.\0002\000.\0004\0002\000\040\000s\000w\000i\000t\000c\000h\000\137\000c\000o\000u\000n\000t}{subsection.3.17.2}% 254
\BOOKMARK [3][-]{subsubsection.3.17.2.43}{\376\377\0003\000.\0001\0007\000.\0002\000.\0004\0003\000\040\000s\000y\000s\000\137\000i\000n\000f\000o}{subsection.3.17.2}% 255
\BOOKMARK [3][-]{subsubsection.3.17.2.44}{\376\377\0003\000.\0001\0007\000.\0002\000.\0004\0004\000\040\000s\000y\000s\000t\000e\000m\000\137\000s\000t\000a\000b\000l\000e}{subsection.3.17.2}% 256
\BOOKMARK [3][-]{subsubsection.3.17.2.45}{\376\377\0003\000.\0001\0007\000.\0002\000.\0004\0005\000\040\000t\000\137\000c\000h\000e\000c\000k\000s\000u\000m}{subsection.3.17.2}% 257
\BOOKMARK [3][-]{subsubsection.3.17.2.46}{\376\377\0003\000.\0001\0007\000.\0002\000.\0004\0006\000\040\000t\000e\000s\000t\000i\000n\000g}{subsection.3.17.2}% 258
\BOOKMARK [3][-]{subsubsection.3.17.2.47}{\376\377\0003\000.\0001\0007\000.\0002\000.\0004\0007\000\040\000t\000i\000c\000k\000e\000r}{subsection.3.17.2}% 259
\BOOKMARK [3][-]{subsubsection.3.17.2.48}{\376\377\0003\000.\0001\0007\000.\0002\000.\0004\0008\000\040\000t\000i\000c\000k\000s}{subsection.3.17.2}% 260
\BOOKMARK [3][-]{subsubsection.3.17.2.49}{\376\377\0003\000.\0001\0007\000.\0002\000.\0004\0009\000\040\000t\000i\000m\000e\000\137\000i\000n\000f\000o}{subsection.3.17.2}% 261
\BOOKMARK [3][-]{subsubsection.3.17.2.50}{\376\377\0003\000.\0001\0007\000.\0002\000.\0005\0000\000\040\000t\000i\000m\000e\000r\000i\000n\000t\000\137\000c\000o\000u\000n\000t}{subsection.3.17.2}% 262
\BOOKMARK [3][-]{subsubsection.3.17.2.51}{\376\377\0003\000.\0001\0007\000.\0002\000.\0005\0001\000\040\000t\000x\000\137\000c\000o\000u\000n\000t}{subsection.3.17.2}% 263
\BOOKMARK [3][-]{subsubsection.3.17.2.52}{\376\377\0003\000.\0001\0007\000.\0002\000.\0005\0002\000\040\000u\000i\000\137\000s\000t\000a\000t\000e}{subsection.3.17.2}% 264
\BOOKMARK [3][-]{subsubsection.3.17.2.53}{\376\377\0003\000.\0001\0007\000.\0002\000.\0005\0003\000\040\000u\000i\000\137\000s\000w}{subsection.3.17.2}% 265
\BOOKMARK [3][-]{subsubsection.3.17.2.54}{\376\377\0003\000.\0001\0007\000.\0002\000.\0005\0004\000\040\000w\000d\000t\000\137\000t\000i\000c\000k\000s}{subsection.3.17.2}% 266
\BOOKMARK [1][-]{section.3.18}{\376\377\0003\000.\0001\0008\000\040\000V\000\137\000h\000e\000l\000p\000\040\000S\000t\000r\000u\000c\000t\000\040\000R\000e\000f\000e\000r\000e\000n\000c\000e}{chapter.3}% 267
\BOOKMARK [2][-]{subsection.3.18.1}{\376\377\0003\000.\0001\0008\000.\0001\000\040\000D\000e\000t\000a\000i\000l\000e\000d\000\040\000D\000e\000s\000c\000r\000i\000p\000t\000i\000o\000n}{section.3.18}% 268
\BOOKMARK [2][-]{subsection.3.18.2}{\376\377\0003\000.\0001\0008\000.\0002\000\040\000F\000i\000e\000l\000d\000\040\000D\000o\000c\000u\000m\000e\000n\000t\000a\000t\000i\000o\000n}{section.3.18}% 269
\BOOKMARK [3][-]{subsubsection.3.18.2.1}{\376\377\0003\000.\0001\0008\000.\0002\000.\0001\000\040\000d\000i\000s\000p\000l\000a\000y}{subsection.3.18.2}% 270
\BOOKMARK [3][-]{subsubsection.3.18.2.2}{\376\377\0003\000.\0001\0008\000.\0002\000.\0002\000\040\000m\000e\000s\000s\000a\000g\000e}{subsection.3.18.2}% 271
\BOOKMARK [0][-]{chapter.4}{\376\377\0004\000\040\000F\000i\000l\000e\000\040\000D\000o\000c\000u\000m\000e\000n\000t\000a\000t\000i\000o\000n}{}% 272
\BOOKMARK [1][-]{section.4.1}{\376\377\0004\000.\0001\000\040\000b\000s\000o\000c\000.\000c}{chapter.4}% 273
\BOOKMARK [1][-]{section.4.2}{\376\377\0004\000.\0002\000\040\000b\000s\000o\000c\000.\000h}{chapter.4}% 274
\BOOKMARK [1][-]{section.4.3}{\376\377\0004\000.\0003\000\040\000d\000a\000q\000.\000c}{chapter.4}% 275
\BOOKMARK [1][-]{section.4.4}{\376\377\0004\000.\0004\000\040\000d\000a\000q\000.\000h}{chapter.4}% 276
\BOOKMARK [1][-]{section.4.5}{\376\377\0004\000.\0005\000\040\000d\000i\000o\000.\000c}{chapter.4}% 277
\BOOKMARK [1][-]{section.4.6}{\376\377\0004\000.\0006\000\040\000d\000i\000o\000.\000h}{chapter.4}% 278
\BOOKMARK [1][-]{section.4.7}{\376\377\0004\000.\0007\000\040\000e\000a\000d\000o\000g\000.\000c}{chapter.4}% 279
\BOOKMARK [1][-]{section.4.8}{\376\377\0004\000.\0008\000\040\000e\000a\000d\000o\000g\000.\000h}{chapter.4}% 280
\BOOKMARK [1][-]{section.4.9}{\376\377\0004\000.\0009\000\040\000h\000i\000d\000.\000c}{chapter.4}% 281
\BOOKMARK [1][-]{section.4.10}{\376\377\0004\000.\0001\0000\000\040\000h\000i\000d\000.\000h}{chapter.4}% 282
\BOOKMARK [1][-]{section.4.11}{\376\377\0004\000.\0001\0001\000\040\000m\000a\000i\000n\000.\000c}{chapter.4}% 283
\BOOKMARK [1][-]{section.4.12}{\376\377\0004\000.\0001\0002\000\040\000m\000b\000m\000c\000.\000c}{chapter.4}% 284
\BOOKMARK [1][-]{section.4.13}{\376\377\0004\000.\0001\0003\000\040\000m\000b\000m\000c\000.\000h}{chapter.4}% 285
\BOOKMARK [1][-]{section.4.14}{\376\377\0004\000.\0001\0004\000\040\000a\000d\000c\000c\000.\000c}{chapter.4}% 286
\BOOKMARK [1][-]{section.4.15}{\376\377\0004\000.\0001\0005\000\040\000a\000d\000c\000c\000.\000h}{chapter.4}% 287
\BOOKMARK [1][-]{section.4.16}{\376\377\0004\000.\0001\0006\000\040\000c\000l\000k\000r\000e\000f\000.\000c}{chapter.4}% 288
\BOOKMARK [1][-]{section.4.17}{\376\377\0004\000.\0001\0007\000\040\000c\000l\000k\000r\000e\000f\000.\000h}{chapter.4}% 289
\BOOKMARK [1][-]{section.4.18}{\376\377\0004\000.\0001\0008\000\040\000c\000r\000c\000.\000c}{chapter.4}% 290
\BOOKMARK [1][-]{section.4.19}{\376\377\0004\000.\0001\0009\000\040\000c\000r\000c\000.\000h}{chapter.4}% 291
\BOOKMARK [1][-]{section.4.20}{\376\377\0004\000.\0002\0000\000\040\000d\000e\000v\000i\000c\000e\000\137\000c\000o\000n\000f\000i\000g\000.\000c}{chapter.4}% 292
\BOOKMARK [1][-]{section.4.21}{\376\377\0004\000.\0002\0001\000\040\000d\000e\000v\000i\000c\000e\000\137\000c\000o\000n\000f\000i\000g\000.\000h}{chapter.4}% 293
\BOOKMARK [1][-]{section.4.22}{\376\377\0004\000.\0002\0002\000\040\000d\000m\000a\0001\000.\000c}{chapter.4}% 294
\BOOKMARK [1][-]{section.4.23}{\376\377\0004\000.\0002\0003\000\040\000d\000m\000a\0001\000.\000h}{chapter.4}% 295
\BOOKMARK [1][-]{section.4.24}{\376\377\0004\000.\0002\0004\000\040\000d\000m\000a\0002\000.\000c}{chapter.4}% 296
\BOOKMARK [1][-]{section.4.25}{\376\377\0004\000.\0002\0005\000\040\000d\000m\000a\0002\000.\000h}{chapter.4}% 297
\BOOKMARK [1][-]{section.4.26}{\376\377\0004\000.\0002\0006\000\040\000e\000x\000t\000\137\000i\000n\000t\000.\000c}{chapter.4}% 298
\BOOKMARK [1][-]{section.4.27}{\376\377\0004\000.\0002\0007\000\040\000e\000x\000t\000\137\000i\000n\000t\000.\000h}{chapter.4}% 299
\BOOKMARK [1][-]{section.4.28}{\376\377\0004\000.\0002\0008\000\040\000f\000v\000r\000.\000c}{chapter.4}% 300
\BOOKMARK [1][-]{section.4.29}{\376\377\0004\000.\0002\0009\000\040\000f\000v\000r\000.\000h}{chapter.4}% 301
\BOOKMARK [1][-]{section.4.30}{\376\377\0004\000.\0003\0000\000\040\000i\000n\000t\000e\000r\000r\000u\000p\000t\000\137\000m\000a\000n\000a\000g\000e\000r\000.\000c}{chapter.4}% 302
\BOOKMARK [1][-]{section.4.31}{\376\377\0004\000.\0003\0001\000\040\000i\000n\000t\000e\000r\000r\000u\000p\000t\000\137\000m\000a\000n\000a\000g\000e\000r\000.\000h}{chapter.4}% 303
\BOOKMARK [1][-]{section.4.32}{\376\377\0004\000.\0003\0002\000\040\000m\000c\000c\000.\000c}{chapter.4}% 304
\BOOKMARK [1][-]{section.4.33}{\376\377\0004\000.\0003\0003\000\040\000m\000c\000c\000.\000h}{chapter.4}% 305
\BOOKMARK [1][-]{section.4.34}{\376\377\0004\000.\0003\0004\000\040\000m\000e\000m\000o\000r\000y\000.\000c}{chapter.4}% 306
\BOOKMARK [1][-]{section.4.35}{\376\377\0004\000.\0003\0005\000\040\000m\000e\000m\000o\000r\000y\000.\000h}{chapter.4}% 307
\BOOKMARK [1][-]{section.4.36}{\376\377\0004\000.\0003\0006\000\040\000p\000i\000n\000\137\000m\000a\000n\000a\000g\000e\000r\000.\000c}{chapter.4}% 308
\BOOKMARK [1][-]{section.4.37}{\376\377\0004\000.\0003\0007\000\040\000p\000i\000n\000\137\000m\000a\000n\000a\000g\000e\000r\000.\000h}{chapter.4}% 309
\BOOKMARK [1][-]{section.4.38}{\376\377\0004\000.\0003\0008\000\040\000p\000w\000m\0008\000.\000c}{chapter.4}% 310
\BOOKMARK [1][-]{section.4.39}{\376\377\0004\000.\0003\0009\000\040\000p\000w\000m\0008\000.\000h}{chapter.4}% 311
\BOOKMARK [1][-]{section.4.40}{\376\377\0004\000.\0004\0000\000\040\000s\000p\000i\0001\000.\000c}{chapter.4}% 312
\BOOKMARK [1][-]{section.4.41}{\376\377\0004\000.\0004\0001\000\040\000s\000p\000i\0001\000.\000h}{chapter.4}% 313
\BOOKMARK [1][-]{section.4.42}{\376\377\0004\000.\0004\0002\000\040\000t\000m\000r\0002\000.\000c}{chapter.4}% 314
\BOOKMARK [1][-]{section.4.43}{\376\377\0004\000.\0004\0003\000\040\000t\000m\000r\0002\000.\000h}{chapter.4}% 315
\BOOKMARK [1][-]{section.4.44}{\376\377\0004\000.\0004\0004\000\040\000t\000m\000r\0003\000.\000c}{chapter.4}% 316
\BOOKMARK [1][-]{section.4.45}{\376\377\0004\000.\0004\0005\000\040\000t\000m\000r\0003\000.\000h}{chapter.4}% 317
\BOOKMARK [1][-]{section.4.46}{\376\377\0004\000.\0004\0006\000\040\000t\000m\000r\0005\000.\000c}{chapter.4}% 318
\BOOKMARK [1][-]{section.4.47}{\376\377\0004\000.\0004\0007\000\040\000t\000m\000r\0005\000.\000h}{chapter.4}% 319
\BOOKMARK [1][-]{section.4.48}{\376\377\0004\000.\0004\0008\000\040\000t\000m\000r\0006\000.\000c}{chapter.4}% 320
\BOOKMARK [1][-]{section.4.49}{\376\377\0004\000.\0004\0009\000\040\000t\000m\000r\0006\000.\000h}{chapter.4}% 321
\BOOKMARK [1][-]{section.4.50}{\376\377\0004\000.\0005\0000\000\040\000u\000a\000r\000t\0001\000.\000c}{chapter.4}% 322
\BOOKMARK [1][-]{section.4.51}{\376\377\0004\000.\0005\0001\000\040\000u\000a\000r\000t\0001\000.\000h}{chapter.4}% 323
\BOOKMARK [1][-]{section.4.52}{\376\377\0004\000.\0005\0002\000\040\000u\000a\000r\000t\0002\000.\000c}{chapter.4}% 324
\BOOKMARK [1][-]{section.4.53}{\376\377\0004\000.\0005\0003\000\040\000u\000a\000r\000t\0002\000.\000h}{chapter.4}% 325
\BOOKMARK [1][-]{section.4.54}{\376\377\0004\000.\0005\0004\000\040\000m\000c\000o\000n\000f\000i\000g\000.\000c}{chapter.4}% 326
\BOOKMARK [1][-]{section.4.55}{\376\377\0004\000.\0005\0005\000\040\000m\000c\000o\000n\000f\000i\000g\000.\000h}{chapter.4}% 327
\BOOKMARK [1][-]{section.4.56}{\376\377\0004\000.\0005\0006\000\040\000m\000s\000g\000\137\000t\000e\000x\000t\000.\000h}{chapter.4}% 328
\BOOKMARK [1][-]{section.4.57}{\376\377\0004\000.\0005\0007\000\040\000m\000y\000d\000i\000s\000p\000l\000a\000y\000.\000h}{chapter.4}% 329
\BOOKMARK [1][-]{section.4.58}{\376\377\0004\000.\0005\0008\000\040\000r\000i\000n\000g\000b\000u\000f\000s\000.\000c}{chapter.4}% 330
\BOOKMARK [1][-]{section.4.59}{\376\377\0004\000.\0005\0009\000\040\000r\000i\000n\000g\000b\000u\000f\000s\000.\000h}{chapter.4}% 331
\BOOKMARK [1][-]{section.4.60}{\376\377\0004\000.\0006\0000\000\040\000t\000e\000s\000t\000s\000.\000h}{chapter.4}% 332
\BOOKMARK [1][-]{section.4.61}{\376\377\0004\000.\0006\0001\000\040\000t\000i\000m\000e\000r\000s\000.\000c}{chapter.4}% 333
\BOOKMARK [1][-]{section.4.62}{\376\377\0004\000.\0006\0002\000\040\000t\000i\000m\000e\000r\000s\000.\000h}{chapter.4}% 334
\BOOKMARK [1][-]{section.4.63}{\376\377\0004\000.\0006\0003\000\040\000v\000c\000o\000n\000f\000i\000g\000.\000h}{chapter.4}% 335
\BOOKMARK [0][-]{section*.24}{\376\377\000I\000n\000d\000e\000x}{}% 336
